Component: ARM Compiler 5.06 update 5 (build 528) Tool: armlink [4d35e2]

==============================================================================

Section Cross References

    mbed/TARGET_KW41Z/TOOLCHAIN_ARM_STD/analogin_api.o(i.analogin_init) refers to mbed/TARGET_KW41Z/TOOLCHAIN_ARM_STD/mbed.ar(mbed_pinmap_common.o)(i.pinmap_peripheral) for pinmap_peripheral
    mbed/TARGET_KW41Z/TOOLCHAIN_ARM_STD/analogin_api.o(i.analogin_init) refers to mbed/TARGET_KW41Z/TOOLCHAIN_ARM_STD/mbed.ar(mbed_assert.o)(i.mbed_assert_internal) for mbed_assert_internal
    mbed/TARGET_KW41Z/TOOLCHAIN_ARM_STD/analogin_api.o(i.analogin_init) refers to mbed/TARGET_KW41Z/TOOLCHAIN_ARM_STD/fsl_clock.o(i.CLOCK_GetFreq) for CLOCK_GetFreq
    mbed/TARGET_KW41Z/TOOLCHAIN_ARM_STD/analogin_api.o(i.analogin_init) refers to mbed/TARGET_KW41Z/TOOLCHAIN_ARM_STD/fsl_adc16.o(i.ADC16_GetDefaultConfig) for ADC16_GetDefaultConfig
    mbed/TARGET_KW41Z/TOOLCHAIN_ARM_STD/analogin_api.o(i.analogin_init) refers to mbed/TARGET_KW41Z/TOOLCHAIN_ARM_STD/fsl_adc16.o(i.ADC16_Init) for ADC16_Init
    mbed/TARGET_KW41Z/TOOLCHAIN_ARM_STD/analogin_api.o(i.analogin_init) refers to mbed/TARGET_KW41Z/TOOLCHAIN_ARM_STD/fsl_adc16.o(i.ADC16_SetHardwareAverage) for ADC16_SetHardwareAverage
    mbed/TARGET_KW41Z/TOOLCHAIN_ARM_STD/analogin_api.o(i.analogin_init) refers to mbed/TARGET_KW41Z/TOOLCHAIN_ARM_STD/mbed.ar(mbed_pinmap_common.o)(i.pinmap_pinout) for pinmap_pinout
    mbed/TARGET_KW41Z/TOOLCHAIN_ARM_STD/analogin_api.o(i.analogin_init) refers to mbed/TARGET_KW41Z/TOOLCHAIN_ARM_STD/PeripheralPins.o(.constdata) for PinMap_ADC
    mbed/TARGET_KW41Z/TOOLCHAIN_ARM_STD/analogin_api.o(i.analogin_init) refers to mbed/TARGET_KW41Z/TOOLCHAIN_ARM_STD/analogin_api.o(.conststring) for .conststring
    mbed/TARGET_KW41Z/TOOLCHAIN_ARM_STD/analogin_api.o(i.analogin_init) refers to mbed/TARGET_KW41Z/TOOLCHAIN_ARM_STD/analogin_api.o(.constdata) for .constdata
    mbed/TARGET_KW41Z/TOOLCHAIN_ARM_STD/analogin_api.o(i.analogin_read) refers to mbed/TARGET_KW41Z/TOOLCHAIN_ARM_STD/fsl_adc16.o(i.ADC16_SetChannelMuxMode) for ADC16_SetChannelMuxMode
    mbed/TARGET_KW41Z/TOOLCHAIN_ARM_STD/analogin_api.o(i.analogin_read) refers to mbed/TARGET_KW41Z/TOOLCHAIN_ARM_STD/fsl_adc16.o(i.ADC16_SetChannelConfig) for ADC16_SetChannelConfig
    mbed/TARGET_KW41Z/TOOLCHAIN_ARM_STD/analogin_api.o(i.analogin_read) refers to mbed/TARGET_KW41Z/TOOLCHAIN_ARM_STD/fsl_adc16.o(i.ADC16_GetChannelStatusFlags) for ADC16_GetChannelStatusFlags
    mbed/TARGET_KW41Z/TOOLCHAIN_ARM_STD/analogin_api.o(i.analogin_read) refers to C:\Keil_v5\ARM\ARMCC\Bin\..\lib\armlib\fz_ps.l(fflti.o)(.text) for __aeabi_ui2f
    mbed/TARGET_KW41Z/TOOLCHAIN_ARM_STD/analogin_api.o(i.analogin_read) refers to C:\Keil_v5\ARM\ARMCC\Bin\..\lib\armlib\fz_ps.l(fmul.o)(x$fpl$fmul) for __aeabi_fmul
    mbed/TARGET_KW41Z/TOOLCHAIN_ARM_STD/analogin_api.o(i.analogin_read) refers to mbed/TARGET_KW41Z/TOOLCHAIN_ARM_STD/analogin_api.o(.constdata) for .constdata
    mbed/TARGET_KW41Z/TOOLCHAIN_ARM_STD/analogin_api.o(i.analogin_read_u16) refers to mbed/TARGET_KW41Z/TOOLCHAIN_ARM_STD/fsl_adc16.o(i.ADC16_SetChannelMuxMode) for ADC16_SetChannelMuxMode
    mbed/TARGET_KW41Z/TOOLCHAIN_ARM_STD/analogin_api.o(i.analogin_read_u16) refers to mbed/TARGET_KW41Z/TOOLCHAIN_ARM_STD/fsl_adc16.o(i.ADC16_SetChannelConfig) for ADC16_SetChannelConfig
    mbed/TARGET_KW41Z/TOOLCHAIN_ARM_STD/analogin_api.o(i.analogin_read_u16) refers to mbed/TARGET_KW41Z/TOOLCHAIN_ARM_STD/fsl_adc16.o(i.ADC16_GetChannelStatusFlags) for ADC16_GetChannelStatusFlags
    mbed/TARGET_KW41Z/TOOLCHAIN_ARM_STD/analogin_api.o(i.analogin_read_u16) refers to mbed/TARGET_KW41Z/TOOLCHAIN_ARM_STD/analogin_api.o(.constdata) for .constdata
    mbed/TARGET_KW41Z/TOOLCHAIN_ARM_STD/analogout_api.o(i.analogout_init) refers to mbed/TARGET_KW41Z/TOOLCHAIN_ARM_STD/mbed.ar(mbed_pinmap_common.o)(i.pinmap_peripheral) for pinmap_peripheral
    mbed/TARGET_KW41Z/TOOLCHAIN_ARM_STD/analogout_api.o(i.analogout_init) refers to mbed/TARGET_KW41Z/TOOLCHAIN_ARM_STD/mbed.ar(mbed_error.o)(i.error) for error
    mbed/TARGET_KW41Z/TOOLCHAIN_ARM_STD/analogout_api.o(i.analogout_init) refers to mbed/TARGET_KW41Z/TOOLCHAIN_ARM_STD/fsl_dac.o(i.DAC_GetDefaultConfig) for DAC_GetDefaultConfig
    mbed/TARGET_KW41Z/TOOLCHAIN_ARM_STD/analogout_api.o(i.analogout_init) refers to mbed/TARGET_KW41Z/TOOLCHAIN_ARM_STD/fsl_dac.o(i.DAC_Init) for DAC_Init
    mbed/TARGET_KW41Z/TOOLCHAIN_ARM_STD/analogout_api.o(i.analogout_init) refers to mbed/TARGET_KW41Z/TOOLCHAIN_ARM_STD/fsl_dac.o(i.DAC_SetBufferValue) for DAC_SetBufferValue
    mbed/TARGET_KW41Z/TOOLCHAIN_ARM_STD/analogout_api.o(i.analogout_init) refers to mbed/TARGET_KW41Z/TOOLCHAIN_ARM_STD/PeripheralPins.o(.constdata) for PinMap_DAC
    mbed/TARGET_KW41Z/TOOLCHAIN_ARM_STD/analogout_api.o(i.analogout_init) refers to mbed/TARGET_KW41Z/TOOLCHAIN_ARM_STD/analogout_api.o(.constdata) for .constdata
[...]
    __rt_SIGRTMEM_inner                      0x00002a2d   Thumb Code    22  C:\Keil_v5\ARM\ARMCC\Bin\..\lib\armlib\c_p.l(defsig_rtmem_inner.o)(.text)
    __default_signal_display                 0x00002a7d   Thumb Code    52  C:\Keil_v5\ARM\ARMCC\Bin\..\lib\armlib\c_p.l(defsig_general.o)(.text)
    main                                     0x00002ab1   Thumb Code    12  mbed/TARGET_KW41Z/TOOLCHAIN_ARM_STD/mbed_sdk_boot.o(i.$Sub$$main)
    BOARD_BootClockRUN                       0x00002ac9   Thumb Code   142  mbed/TARGET_KW41Z/TOOLCHAIN_ARM_STD/fsl_clock_config.o(i.BOARD_BootClockRUN)
    CLOCK_BootToFeeMode                      0x00002b89   Thumb Code    88  mbed/TARGET_KW41Z/TOOLCHAIN_ARM_STD/fsl_clock.o(i.CLOCK_BootToFeeMode)
    CLOCK_GetEr32kClkFreq                    0x00002be9   Thumb Code    64  mbed/TARGET_KW41Z/TOOLCHAIN_ARM_STD/fsl_clock.o(i.CLOCK_GetEr32kClkFreq)
    CLOCK_GetFreq                            0x00002cdd   Thumb Code   260  mbed/TARGET_KW41Z/TOOLCHAIN_ARM_STD/fsl_clock.o(i.CLOCK_GetFreq)
    CLOCK_GetOutClkFreq                      0x00002e09   Thumb Code   134  mbed/TARGET_KW41Z/TOOLCHAIN_ARM_STD/fsl_clock.o(i.CLOCK_GetOutClkFreq)
    CLOCK_InitOsc0                           0x00002eb1   Thumb Code    62  mbed/TARGET_KW41Z/TOOLCHAIN_ARM_STD/fsl_clock.o(i.CLOCK_InitOsc0)
    CLOCK_SetFeeMode                         0x00002f0d   Thumb Code    96  mbed/TARGET_KW41Z/TOOLCHAIN_ARM_STD/fsl_clock.o(i.CLOCK_SetFeeMode)
    CLOCK_SetInternalRefClkConfig            0x00002f71   Thumb Code   116  mbed/TARGET_KW41Z/TOOLCHAIN_ARM_STD/fsl_clock.o(i.CLOCK_SetInternalRefClkConfig)
    CLOCK_SetSimConfig                       0x00002fe9   Thumb Code    28  mbed/TARGET_KW41Z/TOOLCHAIN_ARM_STD/fsl_clock.o(i.CLOCK_SetSimConfig)
    DMA0_DriverIRQHandler                    0x0000300d   Thumb Code    12  mbed/TARGET_KW41Z/TOOLCHAIN_ARM_STD/fsl_edma.o(i.DMA0_DriverIRQHandler)
    DMA1_DriverIRQHandler                    0x0000301d   Thumb Code    12  mbed/TARGET_KW41Z/TOOLCHAIN_ARM_STD/fsl_edma.o(i.DMA1_DriverIRQHandler)
    DMA2_DriverIRQHandler                    0x0000302d   Thumb Code    12  mbed/TARGET_KW41Z/TOOLCHAIN_ARM_STD/fsl_edma.o(i.DMA2_DriverIRQHandler)
    DMA3_DriverIRQHandler                    0x0000303d   Thumb Code    12  mbed/TARGET_KW41Z/TOOLCHAIN_ARM_STD/fsl_edma.o(i.DMA3_DriverIRQHandler)
    EDMA_HandleIRQ                           0x0000304d   Thumb Code   158  mbed/TARGET_KW41Z/TOOLCHAIN_ARM_STD/fsl_edma.o(i.EDMA_HandleIRQ)
    I2C0_DriverIRQHandler                    0x00003109   Thumb Code    28  mbed/TARGET_KW41Z/TOOLCHAIN_ARM_STD/fsl_i2c.o(i.I2C0_DriverIRQHandler)
    I2C1_DriverIRQHandler                    0x00003131   Thumb Code    28  mbed/TARGET_KW41Z/TOOLCHAIN_ARM_STD/fsl_i2c.o(i.I2C1_DriverIRQHandler)
    LPTMR_GetDefaultConfig                   0x00003159   Thumb Code    36  mbed/TARGET_KW41Z/TOOLCHAIN_ARM_STD/fsl_lptmr.o(i.LPTMR_GetDefaultConfig)
    LPTMR_Init                               0x00003189   Thumb Code   112  mbed/TARGET_KW41Z/TOOLCHAIN_ARM_STD/fsl_lptmr.o(i.LPTMR_Init)
    LPUART0_DriverIRQHandler                 0x00003239   Thumb Code    12  mbed/TARGET_KW41Z/TOOLCHAIN_ARM_STD/fsl_lpuart.o(i.LPUART0_DriverIRQHandler)
    LPUART_ClearStatusFlags                  0x0000324d   Thumb Code    50  mbed/TARGET_KW41Z/TOOLCHAIN_ARM_STD/fsl_lpuart.o(i.LPUART_ClearStatusFlags)
    LPUART_DisableInterrupts                 0x00003289   Thumb Code    24  mbed/TARGET_KW41Z/TOOLCHAIN_ARM_STD/fsl_lpuart.o(i.LPUART_DisableInterrupts)
    LPUART_EnableInterrupts                  0x000032a1   Thumb Code    24  mbed/TARGET_KW41Z/TOOLCHAIN_ARM_STD/fsl_lpuart.o(i.LPUART_EnableInterrupts)
    LPUART_GetDefaultConfig                  0x000032b9   Thumb Code    40  mbed/TARGET_KW41Z/TOOLCHAIN_ARM_STD/fsl_lpuart.o(i.LPUART_GetDefaultConfig)
    LPUART_GetEnabledInterrupts              0x000032ed   Thumb Code    18  mbed/TARGET_KW41Z/TOOLCHAIN_ARM_STD/fsl_lpuart.o(i.LPUART_GetEnabledInterrupts)
    LPUART_GetInstance                       0x00003305   Thumb Code    26  mbed/TARGET_KW41Z/TOOLCHAIN_ARM_STD/fsl_lpuart.o(i.LPUART_GetInstance)
    LPUART_GetStatusFlags                    0x00003351   Thumb Code     4  mbed/TARGET_KW41Z/TOOLCHAIN_ARM_STD/fsl_lpuart.o(i.LPUART_GetStatusFlags)
    LPUART_Init                              0x00003355   Thumb Code   394  mbed/TARGET_KW41Z/TOOLCHAIN_ARM_STD/fsl_lpuart.o(i.LPUART_Init)
    LPUART_ReadBlocking                      0x00003521   Thumb Code   168  mbed/TARGET_KW41Z/TOOLCHAIN_ARM_STD/fsl_lpuart.o(i.LPUART_ReadBlocking)
    LPUART_SetBaudRate                       0x000035e9   Thumb Code   222  mbed/TARGET_KW41Z/TOOLCHAIN_ARM_STD/fsl_lpuart.o(i.LPUART_SetBaudRate)
    NMI_Handler                              0x000036e1   Thumb Code    12  mbed/TARGET_KW41Z/TOOLCHAIN_ARM_STD/mbed_overrides.o(i.NMI_Handler)
    PIT_Init                                 0x000036f1   Thumb Code    82  mbed/TARGET_KW41Z/TOOLCHAIN_ARM_STD/fsl_pit.o(i.PIT_Init)
    SPI0_DriverIRQHandler                    0x00003785   Thumb Code    42  mbed/TARGET_KW41Z/TOOLCHAIN_ARM_STD/fsl_dspi.o(i.SPI0_DriverIRQHandler)
    SPI1_DriverIRQHandler                    0x000037d5   Thumb Code    42  mbed/TARGET_KW41Z/TOOLCHAIN_ARM_STD/fsl_dspi.o(i.SPI1_DriverIRQHandler)
    SystemInit                               0x00003825   Thumb Code     8  mbed/TARGET_KW41Z/TOOLCHAIN_ARM_STD/system_MKW41Z4.o(i.SystemInit)
    ICMPpacket()                             0x00003831   Thumb Code   188  .\build\ppp-blinky.o(i._Z10ICMPpacketv)
    IGMPpacket()                             0x000038f1   Thumb Code     2  .\build\ppp-blinky.o(i._Z10IGMPpacketv)
    LCPconfAck()                             0x000038f3   Thumb Code     2  .\build\ppp-blinky.o(i._Z10LCPconfAckv)
    LCPconfReq()                             0x000038f5   Thumb Code    90  .\build\ppp-blinky.o(i._Z10LCPconfReqv)
    SHA1Update(SHA1_CTX*, const unsigned char*, unsigned) 0x00003955   Thumb Code   118  .\build\sha1.o(i._Z10SHA1UpdateP8SHA1_CTXPKhj)
    bufferToIP(char*)                        0x000039cb   Thumb Code    28  .\build\ppp-blinky.o(i._Z10bufferToIPPc)
    led1Toggle()                             0x000039e9   Thumb Code    38  .\build\ppp-blinky.o(i._Z10led1Togglev)
    tcpHandler()                             0x00003a19   Thumb Code   590  .\build\ppp-blinky.o(i._Z10tcpHandlerv)
    dumpDataTCP(int)                         0x00003c79   Thumb Code     2  .\build\ppp-blinky.o(i._Z11dumpDataTCPi)
    sendUdpData()                            0x00003c7b   Thumb Code     2  .\build\ppp-blinky.o(i._Z11sendUdpDatav)
    swapIpPorts()                            0x00003c7d   Thumb Code    58  .\build\ppp-blinky.o(i._Z11swapIpPortsv)
    tcpResponse(char*, int, int*)            0x00003cbd   Thumb Code   122  .\build\ppp-blinky.o(i._Z11tcpResponsePciPi)
    connectedPpp()                           0x00003d41   Thumb Code     6  .\build\ppp-blinky.o(i._Z12connectedPppv)
    dataCheckSum(char*, int, int)            0x00003d4d   Thumb Code   120  .\build\ppp-blinky.o(i._Z12dataCheckSumPcii)
    dumpHeaderIP(int)                        0x00003dc9   Thumb Code     2  .\build\ppp-blinky.o(i._Z12dumpHeaderIPi)
    dumpPPPFrame()                           0x00003dcd   Thumb Code    82  .\build\ppp-blinky.o(i._Z12dumpPPPFramev)
    httpResponse(char*, int*)                0x00003e41   Thumb Code   264  .\build\ppp-blinky.o(i._Z12httpResponsePcPi)
    sendPppFrame()                           0x000040a9   Thumb Code   106  .\build\ppp-blinky.o(i._Z12sendPppFramev)
    SHA1Transform(unsigned*, const unsigned char*) 0x0000411d   Thumb Code  5686  .\build\sha1.o(i._Z13SHA1TransformPjPKh)
    dumpHeaderTCP(int)                       0x00005759   Thumb Code     2  .\build\ppp-blinky.o(i._Z13dumpHeaderTCPi)
    initializePpp()                          0x0000575d   Thumb Code   108  .\build\ppp-blinky.o(i._Z13initializePppv)
    otherProtocol()                          0x000057d5   Thumb Code     2  .\build\ppp-blinky.o(i._Z13otherProtocolv)
    pppInitStruct()                          0x000057d9   Thumb Code    80  .\build\ppp-blinky.o(i._Z13pppInitStructv)
    discardedFrame()                         0x00005839   Thumb Code     2  .\build\ppp-blinky.o(i._Z14discardedFramev)
    ipcpAckHandler()                         0x0000583b   Thumb Code     2  .\build\ppp-blinky.o(i._Z14ipcpAckHandlerv)
    ipcpNackHandler()                        0x0000583d   Thumb Code    36  .\build\ppp-blinky.o(i._Z15ipcpNackHandlerv)
    processPPPFrame(int, int)                0x00005865   Thumb Code   224  .\build\ppp-blinky.o(i._Z15processPPPFrameii)
    swapIpAddresses()                        0x00005979   Thumb Code    26  .\build\ppp-blinky.o(i._Z15swapIpAddressesv)
    waitForPppFrame()                        0x00005999   Thumb Code   100  .\build\ppp-blinky.o(i._Z15waitForPppFramev)
    IpHeaderCheckSum()                       0x00005a09   Thumb Code    70  .\build\ppp-blinky.o(i._Z16IpHeaderCheckSumv)
    webSocketHandler(char*)                  0x00005a55   Thumb Code   262  .\build\ppp-blinky.o(i._Z16webSocketHandlerPc)
    pppReceiveHandler()                      0x00005c5d   Thumb Code    88  .\build\ppp-blinky.o(i._Z17pppReceiveHandlerv)
    ipcpDefaultHandler()                     0x00005cc1   Thumb Code     2  .\build\ppp-blinky.o(i._Z18ipcpDefaultHandlerv)
    determinePacketType()                    0x00005cc5   Thumb Code    94  .\build\ppp-blinky.o(i._Z19determinePacketTypev)
    checkSumPseudoHeader(unsigned)           0x00005d2d   Thumb Code    90  .\build\ppp-blinky.o(i._Z20checkSumPseudoHeaderj)
    putsWhileCheckingInput(char*)            0x00005d8d   Thumb Code     2  .\build\ppp-blinky.o(i._Z22putsWhileCheckingInputPc)
    waitForPcConnectString()                 0x00005d91   Thumb Code    56  .\build\ppp-blinky.o(i._Z22waitForPcConnectStringv)
    ipcpConfigRequestHandler()               0x00005de9   Thumb Code   104  .\build\ppp-blinky.o(i._Z24ipcpConfigRequestHandlerv)
    pcPutcWhileCheckingInput(int)            0x00005e59   Thumb Code    22  .\build\ppp-blinky.o(i._Z24pcPutcWhileCheckingInputi)
    sha1(char*, const char*, int)            0x00005e75   Thumb Code    48  .\build\sha1.o(i._Z4sha1PcPKci)
    enc64(char*, char*, int)                 0x00005ea5   Thumb Code   180  .\build\ppp-blinky.o(i._Z5enc64PcS_i)
    fcsDo(int)                               0x00005f5d   Thumb Code    60  .\build\ppp-blinky.o(i._Z5fcsDoi)
    LCPend()                                 0x00005fa1   Thumb Code    36  .\build\ppp-blinky.o(i._Z6LCPendv)
    fcsBuf(char*, int)                       0x00005fc9   Thumb Code    34  .\build\ppp-blinky.o(i._Z6fcsBufPci)
    initIP(unsigned, unsigned, unsigned, unsigned, unsigned) 0x00005ff1   Thumb Code   322  .\build\ppp-blinky.o(i._Z6initIPjjjjj)
    IPframe()                                0x0000613d   Thumb Code    64  .\build\ppp-blinky.o(i._Z7IPframev)
    checkPc()                                0x00006181   Thumb Code     2  .\build\ppp-blinky.o(i._Z7checkPcv)
    hdlcPut(int)                             0x00006183   Thumb Code    42  .\build\ppp-blinky.o(i._Z7hdlcPuti)
    sendUdp(unsigned, unsigned, unsigned, unsigned, char*, int) 0x000061ad   Thumb Code   210  .\build\ppp-blinky.o(i._Z7sendUdpjjjjPci)
    LCPframe()                               0x00006289   Thumb Code    50  .\build\ppp-blinky.o(i._Z8LCPframev)
    LCPother()                               0x000062c1   Thumb Code     8  .\build\ppp-blinky.o(i._Z8LCPotherv)
    SHA1Init(SHA1_CTX*)                      0x000062c9   Thumb Code    32  .\build\sha1.o(i._Z8SHA1InitP8SHA1_CTX)
    fcsReset()                               0x000062f5   Thumb Code     8  .\build\ppp-blinky.o(i._Z8fcsResetv)
    IPCPframe()                              0x00006305   Thumb Code    50  .\build\ppp-blinky.o(i._Z9IPCPframev)
    SHA1Final(unsigned char*, SHA1_CTX*)     0x0000633d   Thumb Code   152  .\build\sha1.o(i._Z9SHA1FinalPhP8SHA1_CTX)
    TCPpacket()                              0x000063d5   Thumb Code    26  .\build\ppp-blinky.o(i._Z9TCPpacketv)
    UDPpacket()                              0x000063f1   Thumb Code   396  .\build\ppp-blinky.o(i._Z9UDPpacketv)
    pc_getBuf()                              0x000065d1   Thumb Code    32  .\build\ppp-blinky.o(i._Z9pc_getBufv)
    mbed::SerialBase::_base_getc()           0x000065f9   Thumb Code    10  mbed/TARGET_KW41Z/TOOLCHAIN_ARM_STD/mbed.ar(SerialBase.o)(i._ZN4mbed10SerialBase10_base_getcEv)
    mbed::SerialBase::_base_putc(int)        0x00006603   Thumb Code    14  mbed/TARGET_KW41Z/TOOLCHAIN_ARM_STD/mbed.ar(SerialBase.o)(i._ZN4mbed10SerialBase10_base_putcEi)
    mbed::SerialBase::_irq_handler(unsigned, SerialIrq) 0x00006611   Thumb Code    18  mbed/TARGET_KW41Z/TOOLCHAIN_ARM_STD/mbed.ar(SerialBase.o)(i._ZN4mbed10SerialBase12_irq_handlerEj9SerialIrq)
    mbed::SerialBase::baud(int)              0x00006623   Thumb Code    34  mbed/TARGET_KW41Z/TOOLCHAIN_ARM_STD/mbed.ar(SerialBase.o)(i._ZN4mbed10SerialBase4baudEi)
    mbed::SerialBase::lock()                 0x00006645   Thumb Code     2  mbed/TARGET_KW41Z/TOOLCHAIN_ARM_STD/mbed.ar(SerialBase.o)(i._ZN4mbed10SerialBase4lockEv)
    mbed::SerialBase::attach(mbed::Callback<void()>, mbed::SerialBase::IrqType) 0x00006647   Thumb Code   184  mbed/TARGET_KW41Z/TOOLCHAIN_ARM_STD/mbed.ar(SerialBase.o)(i._ZN4mbed10SerialBase6attachENS_8CallbackIFvvEEENS0_7IrqTypeE)
    mbed::SerialBase::unlock()               0x000066ff   Thumb Code     2  mbed/TARGET_KW41Z/TOOLCHAIN_ARM_STD/mbed.ar(SerialBase.o)(i._ZN4mbed10SerialBase6unlockEv)
    mbed::SerialBase::readable()             0x00006701   Thumb Code    32  mbed/TARGET_KW41Z/TOOLCHAIN_ARM_STD/mbed.ar(SerialBase.o)(i._ZN4mbed10SerialBase8readableEv)
    mbed::SerialBase::SerialBase(PinName, PinName, int) 0x00006721   Thumb Code   138  mbed/TARGET_KW41Z/TOOLCHAIN_ARM_STD/mbed.ar(SerialBase.o)(i._ZN4mbed10SerialBaseC1E7PinNameS1_i)
    mbed::SerialBase::SerialBase__sub_object(PinName, PinName, int) 0x00006721   Thumb Code     0  mbed/TARGET_KW41Z/TOOLCHAIN_ARM_STD/mbed.ar(SerialBase.o)(i._ZN4mbed10SerialBaseC1E7PinNameS1_i)
    mbed::SerialBase::~SerialBase()          0x000067b9   Thumb Code   246  mbed/TARGET_KW41Z/TOOLCHAIN_ARM_STD/mbed.ar(SerialBase.o)(i._ZN4mbed10SerialBaseD1Ev)
    mbed::SerialBase::~SerialBase__sub_object() 0x000067b9   Thumb Code     0  mbed/TARGET_KW41Z/TOOLCHAIN_ARM_STD/mbed.ar(SerialBase.o)(i._ZN4mbed10SerialBaseD1Ev)
    mbed::FileBase::getPathType()            0x000068b9   Thumb Code     4  mbed/TARGET_KW41Z/TOOLCHAIN_ARM_STD/mbed.ar(FileBase.o)(i._ZN4mbed8FileBase11getPathTypeEv)
    mbed::FileBase::lookup(const char*, unsigned) 0x000068bd   Thumb Code    96  mbed/TARGET_KW41Z/TOOLCHAIN_ARM_STD/mbed.ar(FileBase.o)(i._ZN4mbed8FileBase6lookupEPKcj)
    mbed::FilePath::fileSystem()             0x0000692d   Thumb Code    32  mbed/TARGET_KW41Z/TOOLCHAIN_ARM_STD/mbed.ar(FilePath.o)(i._ZN4mbed8FilePath10fileSystemEv)
    mbed::FilePath::file()                   0x0000694d   Thumb Code    32  mbed/TARGET_KW41Z/TOOLCHAIN_ARM_STD/mbed.ar(FilePath.o)(i._ZN4mbed8FilePath4fileEv)
    mbed::FilePath::exists()                 0x0000696d   Thumb Code    10  mbed/TARGET_KW41Z/TOOLCHAIN_ARM_STD/mbed.ar(FilePath.o)(i._ZN4mbed8FilePath6existsEv)
    mbed::FilePath::isFile()                 0x00006977   Thumb Code    24  mbed/TARGET_KW41Z/TOOLCHAIN_ARM_STD/mbed.ar(FilePath.o)(i._ZN4mbed8FilePath6isFileEv)
    mbed::FilePath::fileName()               0x0000698f   Thumb Code     4  mbed/TARGET_KW41Z/TOOLCHAIN_ARM_STD/mbed.ar(FilePath.o)(i._ZN4mbed8FilePath8fileNameEv)
    mbed::FilePath::FilePath(const char*)    0x00006993   Thumb Code    68  mbed/TARGET_KW41Z/TOOLCHAIN_ARM_STD/mbed.ar(FilePath.o)(i._ZN4mbed8FilePathC1EPKc)
    mbed::FilePath::FilePath__sub_object(const char*) 0x00006993   Thumb Code     0  mbed/TARGET_KW41Z/TOOLCHAIN_ARM_STD/mbed.ar(FilePath.o)(i._ZN4mbed8FilePathC1EPKc)
    mbed::RawSerial::getc()                  0x000069d7   Thumb Code    32  mbed/TARGET_KW41Z/TOOLCHAIN_ARM_STD/mbed.ar(RawSerial.o)(i._ZN4mbed9RawSerial4getcEv)
    mbed::RawSerial::lock()                  0x000069f7   Thumb Code     2  mbed/TARGET_KW41Z/TOOLCHAIN_ARM_STD/mbed.ar(RawSerial.o)(i._ZN4mbed9RawSerial4lockEv)
    mbed::RawSerial::putc(int)               0x000069f9   Thumb Code    36  mbed/TARGET_KW41Z/TOOLCHAIN_ARM_STD/mbed.ar(RawSerial.o)(i._ZN4mbed9RawSerial4putcEi)
    mbed::RawSerial::puts(const char*)       0x00006a1d   Thumb Code    66  mbed/TARGET_KW41Z/TOOLCHAIN_ARM_STD/mbed.ar(RawSerial.o)(i._ZN4mbed9RawSerial4putsEPKc)
    mbed::RawSerial::unlock()                0x00006a5f   Thumb Code     2  mbed/TARGET_KW41Z/TOOLCHAIN_ARM_STD/mbed.ar(RawSerial.o)(i._ZN4mbed9RawSerial6unlockEv)
    mbed::RawSerial::RawSerial(PinName, PinName, int) 0x00006a61   Thumb Code    12  mbed/TARGET_KW41Z/TOOLCHAIN_ARM_STD/mbed.ar(RawSerial.o)(i._ZN4mbed9RawSerialC1E7PinNameS1_i)
    mbed::RawSerial::RawSerial__sub_object(PinName, PinName, int) 0x00006a61   Thumb Code     0  mbed/TARGET_KW41Z/TOOLCHAIN_ARM_STD/mbed.ar(RawSerial.o)(i._ZN4mbed9RawSerialC1E7PinNameS1_i)
    mbed::RawSerial::~RawSerial()            0x00006a71   Thumb Code     8  mbed/TARGET_KW41Z/TOOLCHAIN_ARM_STD/mbed.ar(RawSerial.o)(i._ZN4mbed9RawSerialD1Ev)
    mbed::RawSerial::~RawSerial__sub_object() 0x00006a71   Thumb Code     0  mbed/TARGET_KW41Z/TOOLCHAIN_ARM_STD/mbed.ar(RawSerial.o)(i._ZN4mbed9RawSerialD1Ev)
    std::strstr(char*, const char*)          0x00006a79   Thumb Code    16  .\build\ppp-blinky.o(i._ZSt6strstrPcPKc)
    __ARM_common_ll_muluu                    0x00006a89   Thumb Code    48  C:\Keil_v5\ARM\ARMCC\Bin\..\lib\armlib\c_p.l(btod.o)(i.__ARM_common_ll_muluu)
    __ARM_fpclassify                         0x00006ab9   Thumb Code    40  C:\Keil_v5\ARM\ARMCC\Bin\..\lib\armlib\m_ps.l(fpclassify.o)(i.__ARM_fpclassify)
    __aeabi_atexit                           0x00006ae5   Thumb Code     4  mbed/TARGET_KW41Z/TOOLCHAIN_ARM_STD/mbed_retarget.o(i.__aeabi_atexit)
    __aeabi_vec_ctor_nocookie_nodtor         0x00006ae9   Thumb Code    34  C:\Keil_v5\ARM\ARMCC\Bin\..\lib\cpplib\cpprt_p.l(aeabi_vec_ctor_nocookie_nodtor.o)(i.__aeabi_vec_ctor_nocookie_nodtor)
    __user_setup_stackheap                   0x00006b51   Thumb Code     8  mbed/TARGET_KW41Z/TOOLCHAIN_ARM_STD/mbed_retarget.o(i.__user_setup_stackheap)
    _is_digit                                0x00006b59   Thumb Code    14  C:\Keil_v5\ARM\ARMCC\Bin\..\lib\armlib\c_p.l(__printf_wp.o)(i._is_digit)
    _mbed_user_setup_stackheap               0x00006b69   Thumb Code    10  mbed/TARGET_KW41Z/TOOLCHAIN_ARM_STD/mbed_retarget.o(i._mbed_user_setup_stackheap)
    _platform_post_stackheap_init            0x00006b79   Thumb Code    24  mbed/TARGET_KW41Z/TOOLCHAIN_ARM_STD/mbed_sdk_boot.o(i._platform_post_stackheap_init)
    _sys_close                               0x00006b99   Thumb Code    68  mbed/TARGET_KW41Z/TOOLCHAIN_ARM_STD/mbed_retarget.o(i._sys_close)
    _sys_flen                                0x00006be1   Thumb Code    70  mbed/TARGET_KW41Z/TOOLCHAIN_ARM_STD/mbed_retarget.o(i._sys_flen)
    _sys_istty                               0x00006c2d   Thumb Code    58  mbed/TARGET_KW41Z/TOOLCHAIN_ARM_STD/mbed_retarget.o(i._sys_istty)
    _sys_open                                0x00006c6d   Thumb Code   504  mbed/TARGET_KW41Z/TOOLCHAIN_ARM_STD/mbed_retarget.o(i._sys_open)
    _sys_seek                                0x00006e8d   Thumb Code    70  mbed/TARGET_KW41Z/TOOLCHAIN_ARM_STD/mbed_retarget.o(i._sys_seek)
    _sys_write                               0x00006ed9   Thumb Code   114  mbed/TARGET_KW41Z/TOOLCHAIN_ARM_STD/mbed_retarget.o(i._sys_write)
    core_util_atomic_decr_u16                0x00006f5d   Thumb Code    26  mbed/TARGET_KW41Z/TOOLCHAIN_ARM_STD/mbed.ar(mbed_critical.o)(i.core_util_atomic_decr_u16)
    core_util_atomic_incr_u16                0x00006f77   Thumb Code    26  mbed/TARGET_KW41Z/TOOLCHAIN_ARM_STD/mbed.ar(mbed_critical.o)(i.core_util_atomic_incr_u16)
    core_util_critical_section_enter         0x00006f91   Thumb Code    72  mbed/TARGET_KW41Z/TOOLCHAIN_ARM_STD/mbed.ar(mbed_critical.o)(i.core_util_critical_section_enter)
    core_util_critical_section_exit          0x00007059   Thumb Code    58  mbed/TARGET_KW41Z/TOOLCHAIN_ARM_STD/mbed.ar(mbed_critical.o)(i.core_util_critical_section_exit)
    error                                    0x000070ed   Thumb Code    38  mbed/TARGET_KW41Z/TOOLCHAIN_ARM_STD/mbed.ar(mbed_error.o)(i.error)
    exit                                     0x00007119   Thumb Code    24  mbed/TARGET_KW41Z/TOOLCHAIN_ARM_STD/mbed_retarget.o(i.exit)
    get_us_ticker_data                       0x00007139   Thumb Code     4  mbed/TARGET_KW41Z/TOOLCHAIN_ARM_STD/mbed.ar(mbed_us_ticker_api.o)(i.get_us_ticker_data)
    gpio_dir                                 0x00007141   Thumb Code    66  mbed/TARGET_KW41Z/TOOLCHAIN_ARM_STD/gpio_api.o(i.gpio_dir)
    gpio_init                                0x000071a5   Thumb Code    20  mbed/TARGET_KW41Z/TOOLCHAIN_ARM_STD/gpio_api.o(i.gpio_init)
    gpio_init_in                             0x000071b9   Thumb Code    34  mbed/TARGET_KW41Z/TOOLCHAIN_ARM_STD/mbed.ar(mbed_gpio.o)(i.gpio_init_in)
    gpio_init_out                            0x000071db   Thumb Code    44  mbed/TARGET_KW41Z/TOOLCHAIN_ARM_STD/mbed.ar(mbed_gpio.o)(i.gpio_init_out)
    gpio_mode                                0x00007207   Thumb Code    14  mbed/TARGET_KW41Z/TOOLCHAIN_ARM_STD/gpio_api.o(i.gpio_mode)
    gpio_write                               0x00007215   Thumb Code    58  mbed/TARGET_KW41Z/TOOLCHAIN_ARM_STD/gpio_api.o(i.gpio_write)
    $Super$$main                             0x00007295   Thumb Code    26  .\build\main.o(i.main)
    mbed_assert_internal                     0x000072b1   Thumb Code    30  mbed/TARGET_KW41Z/TOOLCHAIN_ARM_STD/mbed.ar(mbed_assert.o)(i.mbed_assert_internal)
    mbed_die                                 0x00007305   Thumb Code    92  mbed/TARGET_KW41Z/TOOLCHAIN_ARM_STD/mbed_board.o(i.mbed_die)
    mbed_error_printf                        0x00007365   Thumb Code    80  mbed/TARGET_KW41Z/TOOLCHAIN_ARM_STD/mbed_board.o(i.mbed_error_printf)
    mbed_error_vfprintf                      0x000073c1   Thumb Code    72  mbed/TARGET_KW41Z/TOOLCHAIN_ARM_STD/mbed_board.o(i.mbed_error_vfprintf)
    mbed_main                                0x00007415   Thumb Code     2  mbed/TARGET_KW41Z/TOOLCHAIN_ARM_STD/mbed_sdk_boot.o(i.mbed_main)
    mbed_sdk_init                            0x00007417   Thumb Code     8  mbed/TARGET_KW41Z/TOOLCHAIN_ARM_STD/mbed_overrides.o(i.mbed_sdk_init)
    pin_function                             0x00007421   Thumb Code    88  mbed/TARGET_KW41Z/TOOLCHAIN_ARM_STD/pinmap.o(i.pin_function)
    pin_mode                                 0x00007499   Thumb Code    76  mbed/TARGET_KW41Z/TOOLCHAIN_ARM_STD/pinmap.o(i.pin_mode)
    pinmap_merge                             0x00007509   Thumb Code    30  mbed/TARGET_KW41Z/TOOLCHAIN_ARM_STD/mbed.ar(mbed_pinmap_common.o)(i.pinmap_merge)
    pinmap_peripheral                        0x0000753d   Thumb Code    60  mbed/TARGET_KW41Z/TOOLCHAIN_ARM_STD/mbed.ar(mbed_pinmap_common.o)(i.pinmap_peripheral)
    pinmap_pinout                            0x00007599   Thumb Code    62  mbed/TARGET_KW41Z/TOOLCHAIN_ARM_STD/mbed.ar(mbed_pinmap_common.o)(i.pinmap_pinout)
    serial_baud                              0x00007655   Thumb Code    36  mbed/TARGET_KW41Z/TOOLCHAIN_ARM_STD/serial_api.o(i.serial_baud)
    serial_getc                              0x00007681   Thumb Code    24  mbed/TARGET_KW41Z/TOOLCHAIN_ARM_STD/serial_api.o(i.serial_getc)
    serial_init                              0x0000769d   Thumb Code   210  mbed/TARGET_KW41Z/TOOLCHAIN_ARM_STD/serial_api.o(i.serial_init)
    serial_irq_handler                       0x000077a5   Thumb Code    14  mbed/TARGET_KW41Z/TOOLCHAIN_ARM_STD/serial_api.o(i.serial_irq_handler)
    serial_irq_set                           0x000077b9   Thumb Code   208  mbed/TARGET_KW41Z/TOOLCHAIN_ARM_STD/serial_api.o(i.serial_irq_set)
    serial_putc                              0x000078a1   Thumb Code    62  mbed/TARGET_KW41Z/TOOLCHAIN_ARM_STD/serial_api.o(i.serial_putc)
    serial_readable                          0x000078e5   Thumb Code    44  mbed/TARGET_KW41Z/TOOLCHAIN_ARM_STD/serial_api.o(i.serial_readable)
    sleep_manager_lock_deep_sleep            0x00007915   Thumb Code    40  mbed/TARGET_KW41Z/TOOLCHAIN_ARM_STD/mbed.ar(mbed_sleep_manager.o)(i.sleep_manager_lock_deep_sleep)
    sleep_manager_unlock_deep_sleep          0x00007975   Thumb Code    38  mbed/TARGET_KW41Z/TOOLCHAIN_ARM_STD/mbed.ar(mbed_sleep_manager.o)(i.sleep_manager_unlock_deep_sleep)
    ticker_irq_handler                       0x000079c9   Thumb Code    94  mbed/TARGET_KW41Z/TOOLCHAIN_ARM_STD/mbed.ar(mbed_ticker_api.o)(i.ticker_irq_handler)
    ticker_read                              0x00007a27   Thumb Code    64  mbed/TARGET_KW41Z/TOOLCHAIN_ARM_STD/mbed.ar(mbed_ticker_api.o)(i.ticker_read)
    uart0_irq                                0x00007a69   Thumb Code    72  mbed/TARGET_KW41Z/TOOLCHAIN_ARM_STD/serial_api.o(i.uart0_irq)
    us_ticker_clear_interrupt                0x00007ae9   Thumb Code    12  mbed/TARGET_KW41Z/TOOLCHAIN_ARM_STD/us_ticker.o(i.us_ticker_clear_interrupt)
    us_ticker_disable_interrupt              0x00007af9   Thumb Code    16  mbed/TARGET_KW41Z/TOOLCHAIN_ARM_STD/us_ticker.o(i.us_ticker_disable_interrupt)
    us_ticker_fire_interrupt                 0x00007b0d   Thumb Code    10  mbed/TARGET_KW41Z/TOOLCHAIN_ARM_STD/us_ticker.o(i.us_ticker_fire_interrupt)
    us_ticker_init                           0x00007b1d   Thumb Code   136  mbed/TARGET_KW41Z/TOOLCHAIN_ARM_STD/us_ticker.o(i.us_ticker_init)
    us_ticker_irq_handler                    0x00007bc9   Thumb Code    10  mbed/TARGET_KW41Z/TOOLCHAIN_ARM_STD/mbed.ar(mbed_us_ticker_api.o)(i.us_ticker_irq_handler)
    us_ticker_read                           0x00007bd9   Thumb Code    22  mbed/TARGET_KW41Z/TOOLCHAIN_ARM_STD/us_ticker.o(i.us_ticker_read)
    us_ticker_set_interrupt                  0x00007bf9   Thumb Code    64  mbed/TARGET_KW41Z/TOOLCHAIN_ARM_STD/us_ticker.o(i.us_ticker_set_interrupt)
    wait_ms                                  0x00007c45   Thumb Code    36  mbed/TARGET_KW41Z/TOOLCHAIN_ARM_STD/mbed.ar(mbed_wait_api_no_rtos.o)(i.wait_ms)
    wait_us                                  0x00007c69   Thumb Code    30  mbed/TARGET_KW41Z/TOOLCHAIN_ARM_STD/mbed.ar(mbed_wait_api_no_rtos.o)(i.wait_us)
    _get_lc_numeric                          0x00007c89   Thumb Code    44  C:\Keil_v5\ARM\ARMCC\Bin\..\lib\armlib\c_p.l(lc_numeric_c.o)(locale$$code)
    _get_lc_ctype                            0x00007cb5   Thumb Code    44  C:\Keil_v5\ARM\ARMCC\Bin\..\lib\armlib\c_p.l(lc_ctype_c.o)(locale$$code)
    SingletonPtr<PlatformMutex>::operator ->() 0x00007ce1   Thumb Code    36  mbed/TARGET_KW41Z/TOOLCHAIN_ARM_STD/mbed.ar(FileBase.o)(t._ZN12SingletonPtrI13PlatformMutexEptEv)
    void mbed::Callback<void()>::function_call<void(*)()>(const void*) 0x00007d0d   Thumb Code    10  .\build\ppp-blinky.o(t._ZN4mbed8CallbackIFvvEE13function_callIPS1_EEvPKv)
    void mbed::Callback<void()>::function_dtor<void(*)()>(void*) 0x00007d17   Thumb Code     2  .\build\ppp-blinky.o(t._ZN4mbed8CallbackIFvvEE13function_dtorIPS1_EEvPv)
    void mbed::Callback<void()>::function_move<void(*)()>(void*, const void*) 0x00007d19   Thumb Code    14  .\build\ppp-blinky.o(t._ZN4mbed8CallbackIFvvEE13function_moveIPS1_EEvPvPKv)
    mbed::Callback<void()>::~Callback()      0x00007d27   Thumb Code    20  mbed/TARGET_KW41Z/TOOLCHAIN_ARM_STD/mbed.ar(SerialBase.o)(t._ZN4mbed8CallbackIFvvEED1Ev)
    mbed::Callback<void()>::~Callback__sub_object() 0x00007d27   Thumb Code     0  mbed/TARGET_KW41Z/TOOLCHAIN_ARM_STD/mbed.ar(SerialBase.o)(t._ZN4mbed8CallbackIFvvEED1Ev)
    _printf_fp_dec                           0x00007d3d   Thumb Code    16  C:\Keil_v5\ARM\ARMCC\Bin\..\lib\armlib\fz_ps.l(printf1.o)(x$fpl$printf1)
    _printf_fp_hex                           0x00007d4d   Thumb Code    16  C:\Keil_v5\ARM\ARMCC\Bin\..\lib\armlib\fz_ps.l(printf2.o)(x$fpl$printf2)
    __I$use$fp                               0x00007d5c   Number         0  C:\Keil_v5\ARM\ARMCC\Bin\..\lib\armlib\fz_ps.l(usenofp.o)(x$fpl$usenofp)
    g_defaultClockConfigVlpr                 0x00007da0   Data          28  mbed/TARGET_KW41Z/TOOLCHAIN_ARM_STD/fsl_clock_config.o(.constdata)
    g_defaultClockConfigRun                  0x00007dbc   Data          28  mbed/TARGET_KW41Z/TOOLCHAIN_ARM_STD/fsl_clock_config.o(.constdata)
    __stdin_name                             0x00007e00   Data           7  mbed/TARGET_KW41Z/TOOLCHAIN_ARM_STD/mbed_retarget.o(.constdata)
    __stdout_name                            0x00007e07   Data           8  mbed/TARGET_KW41Z/TOOLCHAIN_ARM_STD/mbed_retarget.o(.constdata)
    __stderr_name                            0x00007e0f   Data           8  mbed/TARGET_KW41Z/TOOLCHAIN_ARM_STD/mbed_retarget.o(.constdata)
    PinMap_UART_TX                           0x00007e18   Data          48  mbed/TARGET_KW41Z/TOOLCHAIN_ARM_STD/PeripheralPins.o(.constdata)
    PinMap_UART_RX                           0x00007e48   Data          48  mbed/TARGET_KW41Z/TOOLCHAIN_ARM_STD/PeripheralPins.o(.constdata)
    vtable for mbed::SerialBase              0x00008280   Data          24  mbed/TARGET_KW41Z/TOOLCHAIN_ARM_STD/mbed.ar(SerialBase.o)(.constdata__ZTVN4mbed10SerialBaseE)
    vtable for mbed::RawSerial               0x00008298   Data          24  mbed/TARGET_KW41Z/TOOLCHAIN_ARM_STD/mbed.ar(RawSerial.o)(.constdata__ZTVN4mbed9RawSerialE)
    SingletonPtr<PlatformMutex>::get()::string 0x000082b0   Data          20  mbed/TARGET_KW41Z/TOOLCHAIN_ARM_STD/mbed_retarget.o(.constdata__ZZN12SingletonPtrI13PlatformMutexE3getEvEs)
    SingletonPtr<PlatformMutex>::get()::string (instance 2) 0x000082c4   Data          72  mbed/TARGET_KW41Z/TOOLCHAIN_ARM_STD/mbed_retarget.o(.constdata__ZZN12SingletonPtrI13PlatformMutexE3getEvEs_0)
    void mbed::Callback<void()>::generate<void(*)()>(const T1&)::ops 0x0000830c   Data          12  .\build\ppp-blinky.o(.constdata__ZZN4mbed8CallbackIFvvEE8generateIPS1_EEvRKT_E3ops)
    Region$$Table$$Base                      0x0000871c   Number         0  anon$$obj.o(Region$$Table)
    Region$$Table$$Limit                     0x0000873c   Number         0  anon$$obj.o(Region$$Table)
    __ctype                                  0x00008765   Data           0  C:\Keil_v5\ARM\ARMCC\Bin\..\lib\armlib\c_p.l(lc_ctype_c.o)(locale$$data)
    SHT$$INIT_ARRAY$$Base                    0x00008868   Number         0  .\build\ppp-blinky.o(.init_array)
    SHT$$INIT_ARRAY$$Limit                   0x0000886c   Number         0  C:\Keil_v5\ARM\ARMCC\Bin\..\lib\armlib\c_p.l(init_aeabi.o)(.init_array)
    Image$$VECTOR_RAM$$Base                  0x1fff8000   Number         0  anon$$obj.o ABSOLUTE
    Image$$RW_m_data$$Base                   0x1fff8200   Number         0  anon$$obj.o ABSOLUTE
    g_xtal0Freq                              0x1fff8208   Data           4  mbed/TARGET_KW41Z/TOOLCHAIN_ARM_STD/fsl_clock.o(.data)
    g_xtal32Freq                             0x1fff820c   Data           4  mbed/TARGET_KW41Z/TOOLCHAIN_ARM_STD/fsl_clock.o(.data)
    stdio_uart_inited                        0x1fff824c   Data           4  mbed/TARGET_KW41Z/TOOLCHAIN_ARM_STD/serial_api.o(.data)
    stdio_uart                               0x1fff8254   Data           4  mbed/TARGET_KW41Z/TOOLCHAIN_ARM_STD/serial_api.o(.data)
    SystemCoreClock                          0x1fff8258   Data           4  mbed/TARGET_KW41Z/TOOLCHAIN_ARM_STD/system_MKW41Z4.o(.data)
    led1                                     0x1fff8260   Data           2  .\build\ppp-blinky.o(.data)
    mbed::FileBase::_head                    0x1fff8270   Data           4  mbed/TARGET_KW41Z/TOOLCHAIN_ARM_STD/mbed.ar(FileBase.o)(.data)
    mbed::FileBase::_mutex                   0x1fff8274   Data           8  mbed/TARGET_KW41Z/TOOLCHAIN_ARM_STD/mbed.ar(FileBase.o)(.data)
    __aeabi_stdin                            0x1fff827c   Data           4  C:\Keil_v5\ARM\ARMCC\Bin\..\lib\armlib\c_p.l(stdio_streams.o)(.data)
    __aeabi_stdout                           0x1fff8280   Data           4  C:\Keil_v5\ARM\ARMCC\Bin\..\lib\armlib\c_p.l(stdio_streams.o)(.data)
    __aeabi_stderr                           0x1fff8284   Data           4  C:\Keil_v5\ARM\ARMCC\Bin\..\lib\armlib\c_p.l(stdio_streams.o)(.data)
    pc                                       0x1fff83e0   Data          44  .\build\ppp-blinky.o(.bss)
    ppp                                      0x1fff840c   Data        3728  .\build\ppp-blinky.o(.bss)
    __stdin                                  0x1fff92bc   Data          84  C:\Keil_v5\ARM\ARMCC\Bin\..\lib\armlib\c_p.l(stdio_streams.o)(.bss)
    __stdout                                 0x1fff9310   Data          84  C:\Keil_v5\ARM\ARMCC\Bin\..\lib\armlib\c_p.l(stdio_streams.o)(.bss)
    __stderr                                 0x1fff9364   Data          84  C:\Keil_v5\ARM\ARMCC\Bin\..\lib\armlib\c_p.l(stdio_streams.o)(.bss)
    Image$$RW_IRAM1$$ZI$$Limit               0x1fff93d0   Number         0  anon$$obj.o ABSOLUTE



==============================================================================

Memory Map of the image

  Image Entry point : 0x00000411

  Load Region LR_m_text (Base: 0x00000000, Size: 0x000088f8, Max: 0x00080000, ABSOLUTE)

    Execution Region VECTOR_ROM (Exec base: 0x00000000, Load base: 0x00000000, Size: 0x000000c0, Max: 0x00000200, ABSOLUTE)

    Exec Addr    Load Addr    Size         Type   Attr      Idx    E Section Name        Object

    0x00000000   0x00000000   0x000000c0   Data   RO         1408    RESET               mbed/TARGET_KW41Z/TOOLCHAIN_ARM_STD/startup_MKW41Z4.o


    Execution Region ER_m_flash_config (Exec base: 0x00000400, Load base: 0x00000400, Size: 0x00000010, Max: 0x00000010, ABSOLUTE, FIXED)

    Exec Addr    Load Addr    Size         Type   Attr      Idx    E Section Name        Object

    0x00000400   0x00000400   0x00000010   Data   RO         1409    FlashConfig         mbed/TARGET_KW41Z/TOOLCHAIN_ARM_STD/startup_MKW41Z4.o


    Execution Region ER_m_text (Exec base: 0x00000410, Load base: 0x00000410, Size: 0x0000845c, Max: 0x0007fbf0, ABSOLUTE)

    Exec Addr    Load Addr    Size         Type   Attr      Idx    E Section Name        Object

    0x00000410   0x00000410   0x00000008   Code   RO         2924  * !!!main             C:\Keil_v5\ARM\ARMCC\Bin\..\lib\armlib\c_p.l(__main.o)
    0x00000418   0x00000418   0x0000003c   Code   RO         3448    !!!scatter          C:\Keil_v5\ARM\ARMCC\Bin\..\lib\armlib\c_p.l(__scatter.o)
    0x00000454   0x00000454   0x0000001a   Code   RO         3450    !!handler_copy      C:\Keil_v5\ARM\ARMCC\Bin\..\lib\armlib\c_p.l(__scatter_copy.o)
    0x0000046e   0x0000046e   0x00000002   PAD
    0x00000470   0x00000470   0x0000001c   Code   RO         3452    !!handler_zi        C:\Keil_v5\ARM\ARMCC\Bin\..\lib\armlib\c_p.l(__scatter_zi.o)
    0x0000048c   0x0000048c   0x00000002   Code   RO         2873    .ARM.Collect$$_printf_percent$$00000000  C:\Keil_v5\ARM\ARMCC\Bin\..\lib\armlib\c_p.l(_printf_percent.o)
    0x0000048e   0x0000048e   0x0000000a   Code   RO         3124    .ARM.Collect$$_printf_percent$$00000001  C:\Keil_v5\ARM\ARMCC\Bin\..\lib\armlib\c_p.l(_printf_n.o)
    0x00000498   0x00000498   0x0000000a   Code   RO         3125    .ARM.Collect$$_printf_percent$$00000002  C:\Keil_v5\ARM\ARMCC\Bin\..\lib\armlib\c_p.l(_printf_p.o)
    0x000004a2   0x000004a2   0x0000000a   Code   RO         3129    .ARM.Collect$$_printf_percent$$00000003  C:\Keil_v5\ARM\ARMCC\Bin\..\lib\armlib\c_p.l(_printf_f.o)
    0x000004ac   0x000004ac   0x0000000a   Code   RO         3130    .ARM.Collect$$_printf_percent$$00000004  C:\Keil_v5\ARM\ARMCC\Bin\..\lib\armlib\c_p.l(_printf_e.o)
    0x000004b6   0x000004b6   0x0000000a   Code   RO         3131    .ARM.Collect$$_printf_percent$$00000005  C:\Keil_v5\ARM\ARMCC\Bin\..\lib\armlib\c_p.l(_printf_g.o)
    0x000004c0   0x000004c0   0x0000000a   Code   RO         3132    .ARM.Collect$$_printf_percent$$00000006  C:\Keil_v5\ARM\ARMCC\Bin\..\lib\armlib\c_p.l(_printf_a.o)
    0x000004ca   0x000004ca   0x0000000a   Code   RO         3137    .ARM.Collect$$_printf_percent$$00000007  C:\Keil_v5\ARM\ARMCC\Bin\..\lib\armlib\c_p.l(_printf_ll.o)
    0x000004d4   0x000004d4   0x0000000a   Code   RO         3127    .ARM.Collect$$_printf_percent$$00000008  C:\Keil_v5\ARM\ARMCC\Bin\..\lib\armlib\c_p.l(_printf_i.o)
    0x000004de   0x000004de   0x0000000a   Code   RO         2872    .ARM.Collect$$_printf_percent$$00000009  C:\Keil_v5\ARM\ARMCC\Bin\..\lib\armlib\c_p.l(_printf_d.o)
    0x000004e8   0x000004e8   0x0000000a   Code   RO         3128    .ARM.Collect$$_printf_percent$$0000000A  C:\Keil_v5\ARM\ARMCC\Bin\..\lib\armlib\c_p.l(_printf_u.o)
    0x000004f2   0x000004f2   0x0000000a   Code   RO         3126    .ARM.Collect$$_printf_percent$$0000000B  C:\Keil_v5\ARM\ARMCC\Bin\..\lib\armlib\c_p.l(_printf_o.o)
    0x000004fc   0x000004fc   0x0000000a   Code   RO         2871    .ARM.Collect$$_printf_percent$$0000000C  C:\Keil_v5\ARM\ARMCC\Bin\..\lib\armlib\c_p.l(_printf_x.o)
    0x00000506   0x00000506   0x0000000a   Code   RO         3134    .ARM.Collect$$_printf_percent$$0000000D  C:\Keil_v5\ARM\ARMCC\Bin\..\lib\armlib\c_p.l(_printf_lli.o)
    0x00000510   0x00000510   0x0000000a   Code   RO         3135    .ARM.Collect$$_printf_percent$$0000000E  C:\Keil_v5\ARM\ARMCC\Bin\..\lib\armlib\c_p.l(_printf_lld.o)
    0x0000051a   0x0000051a   0x0000000a   Code   RO         3136    .ARM.Collect$$_printf_percent$$0000000F  C:\Keil_v5\ARM\ARMCC\Bin\..\lib\armlib\c_p.l(_printf_llu.o)
    0x00000524   0x00000524   0x0000000a   Code   RO         3141    .ARM.Collect$$_printf_percent$$00000010  C:\Keil_v5\ARM\ARMCC\Bin\..\lib\armlib\c_p.l(_printf_llo.o)
    0x0000052e   0x0000052e   0x0000000a   Code   RO         3142    .ARM.Collect$$_printf_percent$$00000011  C:\Keil_v5\ARM\ARMCC\Bin\..\lib\armlib\c_p.l(_printf_llx.o)
    0x00000538   0x00000538   0x0000000a   Code   RO         3138    .ARM.Collect$$_printf_percent$$00000012  C:\Keil_v5\ARM\ARMCC\Bin\..\lib\armlib\c_p.l(_printf_l.o)
    0x00000542   0x00000542   0x0000000a   Code   RO         3123    .ARM.Collect$$_printf_percent$$00000013  C:\Keil_v5\ARM\ARMCC\Bin\..\lib\armlib\c_p.l(_printf_c.o)
    0x0000054c   0x0000054c   0x0000000a   Code   RO         2870    .ARM.Collect$$_printf_percent$$00000014  C:\Keil_v5\ARM\ARMCC\Bin\..\lib\armlib\c_p.l(_printf_s.o)
    0x00000556   0x00000556   0x0000000a   Code   RO         3139    .ARM.Collect$$_printf_percent$$00000015  C:\Keil_v5\ARM\ARMCC\Bin\..\lib\armlib\c_p.l(_printf_lc.o)
    0x00000560   0x00000560   0x0000000a   Code   RO         3140    .ARM.Collect$$_printf_percent$$00000016  C:\Keil_v5\ARM\ARMCC\Bin\..\lib\armlib\c_p.l(_printf_ls.o)
    0x0000056a   0x0000056a   0x00000004   Code   RO         3133    .ARM.Collect$$_printf_percent$$00000017  C:\Keil_v5\ARM\ARMCC\Bin\..\lib\armlib\c_p.l(_printf_percent_end.o)
    0x0000056e   0x0000056e   0x00000002   Code   RO         3405    .ARM.Collect$$libinit$$00000000  C:\Keil_v5\ARM\ARMCC\Bin\..\lib\armlib\c_p.l(libinit.o)
    0x00000570   0x00000570   0x00000000   Code   RO         3173    .ARM.Collect$$libinit$$00000002  C:\Keil_v5\ARM\ARMCC\Bin\..\lib\armlib\c_p.l(libinit2.o)
    0x00000570   0x00000570   0x00000000   Code   RO         3175    .ARM.Collect$$libinit$$00000004  C:\Keil_v5\ARM\ARMCC\Bin\..\lib\armlib\c_p.l(libinit2.o)
    0x00000570   0x00000570   0x00000008   Code   RO         3176    .ARM.Collect$$libinit$$00000005  C:\Keil_v5\ARM\ARMCC\Bin\..\lib\armlib\c_p.l(libinit2.o)
    0x00000578   0x00000578   0x00000000   Code   RO         3178    .ARM.Collect$$libinit$$0000000A  C:\Keil_v5\ARM\ARMCC\Bin\..\lib\armlib\c_p.l(libinit2.o)
    0x00000578   0x00000578   0x00000000   Code   RO         3180    .ARM.Collect$$libinit$$0000000C  C:\Keil_v5\ARM\ARMCC\Bin\..\lib\armlib\c_p.l(libinit2.o)
    0x00000578   0x00000578   0x00000000   Code   RO         3182    .ARM.Collect$$libinit$$0000000E  C:\Keil_v5\ARM\ARMCC\Bin\..\lib\armlib\c_p.l(libinit2.o)
    0x00000578   0x00000578   0x00000006   Code   RO         3183    .ARM.Collect$$libinit$$0000000F  C:\Keil_v5\ARM\ARMCC\Bin\..\lib\armlib\c_p.l(libinit2.o)
    0x0000057e   0x0000057e   0x00000000   Code   RO         3185    .ARM.Collect$$libinit$$00000011  C:\Keil_v5\ARM\ARMCC\Bin\..\lib\armlib\c_p.l(libinit2.o)
    0x0000057e   0x0000057e   0x0000000c   Code   RO         3186    .ARM.Collect$$libinit$$00000012  C:\Keil_v5\ARM\ARMCC\Bin\..\lib\armlib\c_p.l(libinit2.o)
    0x0000058a   0x0000058a   0x00000000   Code   RO         3187    .ARM.Collect$$libinit$$00000013  C:\Keil_v5\ARM\ARMCC\Bin\..\lib\armlib\c_p.l(libinit2.o)
    0x0000058a   0x0000058a   0x00000000   Code   RO         3189    .ARM.Collect$$libinit$$00000015  C:\Keil_v5\ARM\ARMCC\Bin\..\lib\armlib\c_p.l(libinit2.o)
    0x0000058a   0x0000058a   0x0000000a   Code   RO         3190    .ARM.Collect$$libinit$$00000016  C:\Keil_v5\ARM\ARMCC\Bin\..\lib\armlib\c_p.l(libinit2.o)
    0x00000594   0x00000594   0x00000000   Code   RO         3191    .ARM.Collect$$libinit$$00000017  C:\Keil_v5\ARM\ARMCC\Bin\..\lib\armlib\c_p.l(libinit2.o)
    0x00000594   0x00000594   0x00000000   Code   RO         3193    .ARM.Collect$$libinit$$00000019  C:\Keil_v5\ARM\ARMCC\Bin\..\lib\armlib\c_p.l(libinit2.o)
    0x00000594   0x00000594   0x00000000   Code   RO         3195    .ARM.Collect$$libinit$$0000001B  C:\Keil_v5\ARM\ARMCC\Bin\..\lib\armlib\c_p.l(libinit2.o)
    0x00000594   0x00000594   0x00000000   Code   RO         3197    .ARM.Collect$$libinit$$0000001D  C:\Keil_v5\ARM\ARMCC\Bin\..\lib\armlib\c_p.l(libinit2.o)
    0x00000594   0x00000594   0x00000000   Code   RO         3199    .ARM.Collect$$libinit$$0000001F  C:\Keil_v5\ARM\ARMCC\Bin\..\lib\armlib\c_p.l(libinit2.o)
    0x00000594   0x00000594   0x00000000   Code   RO         3201    .ARM.Collect$$libinit$$00000021  C:\Keil_v5\ARM\ARMCC\Bin\..\lib\armlib\c_p.l(libinit2.o)
    0x00000594   0x00000594   0x00000000   Code   RO         3203    .ARM.Collect$$libinit$$00000023  C:\Keil_v5\ARM\ARMCC\Bin\..\lib\armlib\c_p.l(libinit2.o)
    0x00000594   0x00000594   0x00000004   Code   RO         3204    .ARM.Collect$$libinit$$00000024  C:\Keil_v5\ARM\ARMCC\Bin\..\lib\armlib\c_p.l(libinit2.o)
    0x00000598   0x00000598   0x00000000   Code   RO         3205    .ARM.Collect$$libinit$$00000025  C:\Keil_v5\ARM\ARMCC\Bin\..\lib\armlib\c_p.l(libinit2.o)
    0x00000598   0x00000598   0x00000000   Code   RO         3209    .ARM.Collect$$libinit$$0000002C  C:\Keil_v5\ARM\ARMCC\Bin\..\lib\armlib\c_p.l(libinit2.o)
    0x00000598   0x00000598   0x00000000   Code   RO         3211    .ARM.Collect$$libinit$$0000002E  C:\Keil_v5\ARM\ARMCC\Bin\..\lib\armlib\c_p.l(libinit2.o)
    0x00000598   0x00000598   0x00000000   Code   RO         3213    .ARM.Collect$$libinit$$00000030  C:\Keil_v5\ARM\ARMCC\Bin\..\lib\armlib\c_p.l(libinit2.o)
    0x00000598   0x00000598   0x00000004   Code   RO         3214    .ARM.Collect$$libinit$$00000031  C:\Keil_v5\ARM\ARMCC\Bin\..\lib\armlib\c_p.l(libinit2.o)
    0x0000059c   0x0000059c   0x00000000   Code   RO         3215    .ARM.Collect$$libinit$$00000032  C:\Keil_v5\ARM\ARMCC\Bin\..\lib\armlib\c_p.l(libinit2.o)
    0x0000059c   0x0000059c   0x00000002   Code   RO         3216    .ARM.Collect$$libinit$$00000033  C:\Keil_v5\ARM\ARMCC\Bin\..\lib\armlib\c_p.l(libinit2.o)
    0x0000059e   0x0000059e   0x00000000   Code   RO         3324    .ARM.Collect$$libshutdown$$00000004  C:\Keil_v5\ARM\ARMCC\Bin\..\lib\armlib\c_p.l(libshutdown2.o)
    0x0000059e   0x0000059e   0x00000000   Code   RO         3068    .ARM.Collect$$rtentry$$00000000  C:\Keil_v5\ARM\ARMCC\Bin\..\lib\armlib\c_p.l(__rtentry.o)
    0x0000059e   0x0000059e   0x00000000   Code   RO         3249    .ARM.Collect$$rtentry$$00000002  C:\Keil_v5\ARM\ARMCC\Bin\..\lib\armlib\c_p.l(__rtentry2.o)
    0x0000059e   0x0000059e   0x00000006   Code   RO         3261    .ARM.Collect$$rtentry$$00000004  C:\Keil_v5\ARM\ARMCC\Bin\..\lib\armlib\c_p.l(__rtentry4.o)
    0x000005a4   0x000005a4   0x00000008   Code   RO         3250    .ARM.Collect$$rtentry$$00000008  C:\Keil_v5\ARM\ARMCC\Bin\..\lib\armlib\c_p.l(__rtentry2.o)
    0x000005ac   0x000005ac   0x00000004   Code   RO         3252    .ARM.Collect$$rtentry$$0000000A  C:\Keil_v5\ARM\ARMCC\Bin\..\lib\armlib\c_p.l(__rtentry2.o)
    0x000005b0   0x000005b0   0x00000000   Code   RO         3254    .ARM.Collect$$rtentry$$0000000C  C:\Keil_v5\ARM\ARMCC\Bin\..\lib\armlib\c_p.l(__rtentry2.o)
    0x000005b0   0x000005b0   0x00000008   Code   RO         3255    .ARM.Collect$$rtentry$$0000000D  C:\Keil_v5\ARM\ARMCC\Bin\..\lib\armlib\c_p.l(__rtentry2.o)
    0x000005b8   0x000005b8   0x00000038   Code   RO         2910    .emb_text           C:\Keil_v5\ARM\ARMCC\Bin\..\lib\armlib\c_p.l(rt_memcpy.o)
    0x000005f0   0x000005f0   0x00000000   Code   RO         3267    .emb_text           C:\Keil_v5\ARM\ARMCC\Bin\..\lib\armlib\c_p.l(maybetermalloc1.o)
    0x000005f0   0x000005f0   0x00000004   Code   RO         1843    .rev16_text         .\build\ppp-blinky.o
    0x000005f4   0x000005f4   0x0000007c   Code   RO         1410    .text               mbed/TARGET_KW41Z/TOOLCHAIN_ARM_STD/startup_MKW41Z4.o
    0x00000670   0x00000670   0x00000008   Code   RO         2740    .text               C:\Keil_v5\ARM\ARMCC\Bin\..\lib\armlib\c_p.l(rt_errno_addr.o)
    0x00000678   0x00000678   0x00000062   Code   RO         2749    .text               C:\Keil_v5\ARM\ARMCC\Bin\..\lib\armlib\c_p.l(h1_alloc.o)
    0x000006da   0x000006da   0x0000004c   Code   RO         2751    .text               C:\Keil_v5\ARM\ARMCC\Bin\..\lib\armlib\c_p.l(h1_free.o)
    0x00000726   0x00000726   0x00000002   PAD
    0x00000728   0x00000728   0x00000038   Code   RO         2807    .text               C:\Keil_v5\ARM\ARMCC\Bin\..\lib\armlib\c_p.l(vsnprintf.o)
    0x00000760   0x00000760   0x0000002c   Code   RO         2813    .text               C:\Keil_v5\ARM\ARMCC\Bin\..\lib\armlib\c_p.l(__2sprintf.o)
    0x0000078c   0x0000078c   0x0000003c   Code   RO         2815    .text               C:\Keil_v5\ARM\ARMCC\Bin\..\lib\armlib\c_p.l(__2snprintf.o)
    0x000007c8   0x000007c8   0x0000004e   Code   RO         2823    .text               C:\Keil_v5\ARM\ARMCC\Bin\..\lib\armlib\c_p.l(_printf_pad.o)
    0x00000816   0x00000816   0x00000052   Code   RO         2825    .text               C:\Keil_v5\ARM\ARMCC\Bin\..\lib\armlib\c_p.l(_printf_str.o)
    0x00000868   0x00000868   0x0000006c   Code   RO         2827    .text               C:\Keil_v5\ARM\ARMCC\Bin\..\lib\armlib\c_p.l(_printf_dec.o)
    0x000008d4   0x000008d4   0x00000098   Code   RO         2847    .text               C:\Keil_v5\ARM\ARMCC\Bin\..\lib\armlib\c_p.l(_printf_hex_int_ll_ptr.o)
    0x0000096c   0x0000096c   0x00000188   Code   RO         2867    .text               C:\Keil_v5\ARM\ARMCC\Bin\..\lib\armlib\c_p.l(__printf_flags_ss_wp.o)
    0x00000af4   0x00000af4   0x00000068   Code   RO         2874    .text               C:\Keil_v5\ARM\ARMCC\Bin\..\lib\armlib\c_p.l(fflush.o)
    0x00000b5c   0x00000b5c   0x000000e8   Code   RO         2882    .text               C:\Keil_v5\ARM\ARMCC\Bin\..\lib\armlib\c_p.l(fopen.o)
    0x00000c44   0x00000c44   0x0000007c   Code   RO         2898    .text               C:\Keil_v5\ARM\ARMCC\Bin\..\lib\armlib\c_p.l(assert.o)
    0x00000cc0   0x00000cc0   0x00000014   Code   RO         2900    .text               C:\Keil_v5\ARM\ARMCC\Bin\..\lib\armlib\c_p.l(strchr.o)
    0x00000cd4   0x00000cd4   0x00000028   Code   RO         2902    .text               C:\Keil_v5\ARM\ARMCC\Bin\..\lib\armlib\c_p.l(strstr.o)
    0x00000cfc   0x00000cfc   0x0000004c   Code   RO         2904    .text               C:\Keil_v5\ARM\ARMCC\Bin\..\lib\armlib\c_p.l(strcpy.o)
    0x00000d48   0x00000d48   0x00000044   Code   RO         2906    .text               C:\Keil_v5\ARM\ARMCC\Bin\..\lib\armlib\c_p.l(strlen.o)
    0x00000d8c   0x00000d8c   0x000000a0   Code   RO         2908    .text               C:\Keil_v5\ARM\ARMCC\Bin\..\lib\armlib\c_p.l(strncmp.o)
    0x00000e2c   0x00000e2c   0x00000082   Code   RO         2911    .text               C:\Keil_v5\ARM\ARMCC\Bin\..\lib\armlib\c_p.l(rt_memcpy.o)
    0x00000eae   0x00000eae   0x00000040   Code   RO         2914    .text               C:\Keil_v5\ARM\ARMCC\Bin\..\lib\armlib\c_p.l(rt_memclr.o)
    0x00000eee   0x00000eee   0x00000002   PAD
    0x00000ef0   0x00000ef0   0x0000006c   Code   RO         2916    .text               C:\Keil_v5\ARM\ARMCC\Bin\..\lib\armlib\c_p.l(strncpy.o)
    0x00000f5c   0x00000f5c   0x000000a0   Code   RO         2918    .text               C:\Keil_v5\ARM\ARMCC\Bin\..\lib\armlib\c_p.l(strcmpv6m.o)
    0x00000ffc   0x00000ffc   0x000001e8   Code   RO         2920    .text               C:\Keil_v5\ARM\ARMCC\Bin\..\lib\armlib\c_p.l(aeabi_sdivfast.o)
    0x000011e4   0x000011e4   0x00000024   Code   RO         2929    .text               C:\Keil_v5\ARM\ARMCC\Bin\..\lib\armlib\c_p.l(init_aeabi.o)
    0x00001208   0x00001208   0x00000022   Code   RO         3041    .text               C:\Keil_v5\ARM\ARMCC\Bin\..\lib\cpplib\cpprt_p.l(aeabi_vec_dtor_noexceptions.o)
    0x0000122a   0x0000122a   0x00000002   PAD
    0x0000122c   0x0000122c   0x00000008   Code   RO         3073    .text               C:\Keil_v5\ARM\ARMCC\Bin\..\lib\armlib\c_p.l(rt_heap_descriptor.o)
    0x00001234   0x00001234   0x00000004   Code   RO         3078    .text               C:\Keil_v5\ARM\ARMCC\Bin\..\lib\armlib\c_p.l(hguard.o)
    0x00001238   0x00001238   0x00000088   Code   RO         3080    .text               C:\Keil_v5\ARM\ARMCC\Bin\..\lib\armlib\c_p.l(init_alloc.o)
    0x000012c0   0x000012c0   0x0000000e   Code   RO         3084    .text               C:\Keil_v5\ARM\ARMCC\Bin\..\lib\armlib\c_p.l(h1_init.o)
    0x000012ce   0x000012ce   0x00000024   Code   RO         3098    .text               C:\Keil_v5\ARM\ARMCC\Bin\..\lib\armlib\c_p.l(_printf_truncate.o)
    0x000012f2   0x000012f2   0x000000b0   Code   RO         3100    .text               C:\Keil_v5\ARM\ARMCC\Bin\..\lib\armlib\c_p.l(_printf_intcommon.o)
    0x000013a2   0x000013a2   0x00000026   Code   RO         3102    .text               C:\Keil_v5\ARM\ARMCC\Bin\..\lib\armlib\c_p.l(_printf_charcount.o)
    0x000013c8   0x000013c8   0x00000030   Code   RO         3104    .text               C:\Keil_v5\ARM\ARMCC\Bin\..\lib\armlib\c_p.l(_printf_char_common.o)
    0x000013f8   0x000013f8   0x0000000a   Code   RO         3106    .text               C:\Keil_v5\ARM\ARMCC\Bin\..\lib\armlib\c_p.l(_sputc.o)
    0x00001402   0x00001402   0x00000010   Code   RO         3108    .text               C:\Keil_v5\ARM\ARMCC\Bin\..\lib\armlib\c_p.l(_snputc.o)
    0x00001412   0x00001412   0x0000002e   Code   RO         3110    .text               C:\Keil_v5\ARM\ARMCC\Bin\..\lib\armlib\c_p.l(_printf_char.o)
    0x00001440   0x00001440   0x000000bc   Code   RO         3112    .text               C:\Keil_v5\ARM\ARMCC\Bin\..\lib\armlib\c_p.l(_printf_wctomb.o)
    0x000014fc   0x000014fc   0x00000070   Code   RO         3115    .text               C:\Keil_v5\ARM\ARMCC\Bin\..\lib\armlib\c_p.l(_printf_longlong_dec.o)
    0x0000156c   0x0000156c   0x00000070   Code   RO         3121    .text               C:\Keil_v5\ARM\ARMCC\Bin\..\lib\armlib\c_p.l(_printf_oct_int_ll.o)
    0x000015dc   0x000015dc   0x000000f4   Code   RO         3147    .text               C:\Keil_v5\ARM\ARMCC\Bin\..\lib\armlib\c_p.l(fseek.o)
    0x000016d0   0x000016d0   0x0000004c   Code   RO         3149    .text               C:\Keil_v5\ARM\ARMCC\Bin\..\lib\armlib\c_p.l(setvbuf.o)
    0x0000171c   0x0000171c   0x000000f0   Code   RO         3151    .text               C:\Keil_v5\ARM\ARMCC\Bin\..\lib\armlib\c_p.l(stdio.o)
    0x0000180c   0x0000180c   0x0000013c   Code   RO         3154    .text               C:\Keil_v5\ARM\ARMCC\Bin\..\lib\armlib\c_p.l(initio.o)
    0x00001948   0x00001948   0x0000004c   Code   RO         3156    .text               C:\Keil_v5\ARM\ARMCC\Bin\..\lib\armlib\c_p.l(fclose.o)
    0x00001994   0x00001994   0x00000014   Code   RO         3164    .text               C:\Keil_v5\ARM\ARMCC\Bin\..\lib\armlib\c_p.l(abort.o)
    0x000019a8   0x000019a8   0x00000014   Code   RO         3166    .text               C:\Keil_v5\ARM\ARMCC\Bin\..\lib\armlib\c_p.l(assert_puts.o)
    0x000019bc   0x000019bc   0x00000028   Code   RO         3168    .text               C:\Keil_v5\ARM\ARMCC\Bin\..\lib\armlib\c_p.l(rtudiv10.o)
    0x000019e4   0x000019e4   0x0000000c   Code   RO         3244    .text               C:\Keil_v5\ARM\ARMCC\Bin\..\lib\armlib\c_p.l(sys_wrch.o)
    0x000019f0   0x000019f0   0x0000000c   Code   RO         3246    .text               C:\Keil_v5\ARM\ARMCC\Bin\..\lib\armlib\c_p.l(sys_exit.o)
    0x000019fc   0x000019fc   0x00000034   Code   RO         3269    .text               C:\Keil_v5\ARM\ARMCC\Bin\..\lib\armlib\c_p.l(h1_extend.o)
    0x00001a30   0x00001a30   0x0000007a   Code   RO         3273    .text               C:\Keil_v5\ARM\ARMCC\Bin\..\lib\armlib\c_p.l(lludiv10.o)
    0x00001aaa   0x00001aaa   0x00000002   PAD
    0x00001aac   0x00001aac   0x00000418   Code   RO         3275    .text               C:\Keil_v5\ARM\ARMCC\Bin\..\lib\armlib\c_p.l(_printf_fp_dec.o)
    0x00001ec4   0x00001ec4   0x000002d8   Code   RO         3277    .text               C:\Keil_v5\ARM\ARMCC\Bin\..\lib\armlib\c_p.l(_printf_fp_hex.o)
    0x0000219c   0x0000219c   0x0000002e   Code   RO         3282    .text               C:\Keil_v5\ARM\ARMCC\Bin\..\lib\armlib\c_p.l(_printf_wchar.o)
    0x000021ca   0x000021ca   0x00000042   Code   RO         3284    .text               C:\Keil_v5\ARM\ARMCC\Bin\..\lib\armlib\c_p.l(ftell.o)
    0x0000220c   0x0000220c   0x00000040   Code   RO         3300    .text               C:\Keil_v5\ARM\ARMCC\Bin\..\lib\armlib\c_p.l(_wcrtomb.o)
    0x0000224c   0x0000224c   0x0000000c   Code   RO         3302    .text               C:\Keil_v5\ARM\ARMCC\Bin\..\lib\armlib\c_p.l(defsig_abrt_outer.o)
    0x00002258   0x00002258   0x0000000c   Code   RO         3306    .text               C:\Keil_v5\ARM\ARMCC\Bin\..\lib\armlib\c_p.l(defsig_rtred_outer.o)
    0x00002264   0x00002264   0x0000000c   Code   RO         3310    .text               C:\Keil_v5\ARM\ARMCC\Bin\..\lib\armlib\c_p.l(defsig_rtmem_outer.o)
    0x00002270   0x00002270   0x00000050   Code   RO         3314    .text               C:\Keil_v5\ARM\ARMCC\Bin\..\lib\armlib\c_p.l(heapauxa.o)
    0x000022c0   0x000022c0   0x00000002   Code   RO         3355    .text               C:\Keil_v5\ARM\ARMCC\Bin\..\lib\armlib\c_p.l(use_no_semi.o)
    0x000022c2   0x000022c2   0x00000000   Code   RO         3357    .text               C:\Keil_v5\ARM\ARMCC\Bin\..\lib\armlib\c_p.l(indicate_semi.o)
    0x000022c2   0x000022c2   0x00000002   PAD
    0x000022c4   0x000022c4   0x00000010   Code   RO         3358    .text               C:\Keil_v5\ARM\ARMCC\Bin\..\lib\armlib\c_p.l(rt_ctype_table.o)
    0x000022d4   0x000022d4   0x00000008   Code   RO         3362    .text               C:\Keil_v5\ARM\ARMCC\Bin\..\lib\armlib\c_p.l(rt_locale.o)
    0x000022dc   0x000022dc   0x00000088   Code   RO         3374    .text               C:\Keil_v5\ARM\ARMCC\Bin\..\lib\armlib\c_p.l(_printf_fp_infnan.o)
    0x00002364   0x00002364   0x000000d8   Code   RO         3376    .text               C:\Keil_v5\ARM\ARMCC\Bin\..\lib\armlib\c_p.l(bigflt0.o)
    0x0000243c   0x0000243c   0x00000580   Code   RO         3379    .text               C:\Keil_v5\ARM\ARMCC\Bin\..\lib\armlib\c_p.l(btod.o)
    0x000029bc   0x000029bc   0x0000000c   Code   RO         3386    .text               C:\Keil_v5\ARM\ARMCC\Bin\..\lib\armlib\c_p.l(defsig_exit.o)
    0x000029c8   0x000029c8   0x00000030   Code   RO         3388    .text               C:\Keil_v5\ARM\ARMCC\Bin\..\lib\armlib\c_p.l(defsig_abrt_inner.o)
    0x000029f8   0x000029f8   0x00000034   Code   RO         3394    .text               C:\Keil_v5\ARM\ARMCC\Bin\..\lib\armlib\c_p.l(defsig_rtred_inner.o)
    0x00002a2c   0x00002a2c   0x00000050   Code   RO         3396    .text               C:\Keil_v5\ARM\ARMCC\Bin\..\lib\armlib\c_p.l(defsig_rtmem_inner.o)
    0x00002a7c   0x00002a7c   0x00000034   Code   RO         3431    .text               C:\Keil_v5\ARM\ARMCC\Bin\..\lib\armlib\c_p.l(defsig_general.o)
    0x00002ab0   0x00002ab0   0x0000000c   Code   RO         1239    i.$Sub$$main        mbed/TARGET_KW41Z/TOOLCHAIN_ARM_STD/mbed_sdk_boot.o
    0x00002abc   0x00002abc   0x0000000c   Code   RO         2475    i.<Func1>           mbed/TARGET_KW41Z/TOOLCHAIN_ARM_STD/mbed.ar(SerialBase.o)
    0x00002ac8   0x00002ac8   0x000000c0   Code   RO          158    i.BOARD_BootClockRUN  mbed/TARGET_KW41Z/TOOLCHAIN_ARM_STD/fsl_clock_config.o
    0x00002b88   0x00002b88   0x00000060   Code   RO           79    i.CLOCK_BootToFeeMode  mbed/TARGET_KW41Z/TOOLCHAIN_ARM_STD/fsl_clock.o
    0x00002be8   0x00002be8   0x0000005c   Code   RO           87    i.CLOCK_GetEr32kClkFreq  mbed/TARGET_KW41Z/TOOLCHAIN_ARM_STD/fsl_clock.o
    0x00002c44   0x00002c44   0x00000098   Code   RO           91    i.CLOCK_GetFllRefClkFreq  mbed/TARGET_KW41Z/TOOLCHAIN_ARM_STD/fsl_clock.o
    0x00002cdc   0x00002cdc   0x0000012c   Code   RO           92    i.CLOCK_GetFreq     mbed/TARGET_KW41Z/TOOLCHAIN_ARM_STD/fsl_clock.o
    0x00002e08   0x00002e08   0x000000a8   Code   RO           96    i.CLOCK_GetOutClkFreq  mbed/TARGET_KW41Z/TOOLCHAIN_ARM_STD/fsl_clock.o
    0x00002eb0   0x00002eb0   0x0000004c   Code   RO           99    i.CLOCK_InitOsc0    mbed/TARGET_KW41Z/TOOLCHAIN_ARM_STD/fsl_clock.o
    0x00002efc   0x00002efc   0x00000010   Code   RO          161    i.CLOCK_SYS_FllStableDelay  mbed/TARGET_KW41Z/TOOLCHAIN_ARM_STD/fsl_clock_config.o
    0x00002f0c   0x00002f0c   0x00000064   Code   RO          106    i.CLOCK_SetFeeMode  mbed/TARGET_KW41Z/TOOLCHAIN_ARM_STD/fsl_clock.o
    0x00002f70   0x00002f70   0x00000078   Code   RO          108    i.CLOCK_SetInternalRefClkConfig  mbed/TARGET_KW41Z/TOOLCHAIN_ARM_STD/fsl_clock.o
    0x00002fe8   0x00002fe8   0x00000024   Code   RO          112    i.CLOCK_SetSimConfig  mbed/TARGET_KW41Z/TOOLCHAIN_ARM_STD/fsl_clock.o
    0x0000300c   0x0000300c   0x00000010   Code   RO          406    i.DMA0_DriverIRQHandler  mbed/TARGET_KW41Z/TOOLCHAIN_ARM_STD/fsl_edma.o
    0x0000301c   0x0000301c   0x00000010   Code   RO          407    i.DMA1_DriverIRQHandler  mbed/TARGET_KW41Z/TOOLCHAIN_ARM_STD/fsl_edma.o
    0x0000302c   0x0000302c   0x00000010   Code   RO          408    i.DMA2_DriverIRQHandler  mbed/TARGET_KW41Z/TOOLCHAIN_ARM_STD/fsl_edma.o
    0x0000303c   0x0000303c   0x00000010   Code   RO          409    i.DMA3_DriverIRQHandler  mbed/TARGET_KW41Z/TOOLCHAIN_ARM_STD/fsl_edma.o
    0x0000304c   0x0000304c   0x000000bc   Code   RO          419    i.EDMA_HandleIRQ    mbed/TARGET_KW41Z/TOOLCHAIN_ARM_STD/fsl_edma.o
    0x00003108   0x00003108   0x00000028   Code   RO          558    i.I2C0_DriverIRQHandler  mbed/TARGET_KW41Z/TOOLCHAIN_ARM_STD/fsl_i2c.o
    0x00003130   0x00003130   0x00000028   Code   RO          559    i.I2C1_DriverIRQHandler  mbed/TARGET_KW41Z/TOOLCHAIN_ARM_STD/fsl_i2c.o
    0x00003158   0x00003158   0x00000030   Code   RO          660    i.LPTMR_GetDefaultConfig  mbed/TARGET_KW41Z/TOOLCHAIN_ARM_STD/fsl_lptmr.o
    0x00003188   0x00003188   0x000000b0   Code   RO          661    i.LPTMR_Init        mbed/TARGET_KW41Z/TOOLCHAIN_ARM_STD/fsl_lptmr.o
    0x00003238   0x00003238   0x00000014   Code   RO          671    i.LPUART0_DriverIRQHandler  mbed/TARGET_KW41Z/TOOLCHAIN_ARM_STD/fsl_lpuart.o
    0x0000324c   0x0000324c   0x0000003c   Code   RO          672    i.LPUART_ClearStatusFlags  mbed/TARGET_KW41Z/TOOLCHAIN_ARM_STD/fsl_lpuart.o
    0x00003288   0x00003288   0x00000018   Code   RO          674    i.LPUART_DisableInterrupts  mbed/TARGET_KW41Z/TOOLCHAIN_ARM_STD/fsl_lpuart.o
    0x000032a0   0x000032a0   0x00000018   Code   RO          675    i.LPUART_EnableInterrupts  mbed/TARGET_KW41Z/TOOLCHAIN_ARM_STD/fsl_lpuart.o
    0x000032b8   0x000032b8   0x00000034   Code   RO          676    i.LPUART_GetDefaultConfig  mbed/TARGET_KW41Z/TOOLCHAIN_ARM_STD/fsl_lpuart.o
    0x000032ec   0x000032ec   0x00000018   Code   RO          677    i.LPUART_GetEnabledInterrupts  mbed/TARGET_KW41Z/TOOLCHAIN_ARM_STD/fsl_lpuart.o
    0x00003304   0x00003304   0x0000004c   Code   RO          678    i.LPUART_GetInstance  mbed/TARGET_KW41Z/TOOLCHAIN_ARM_STD/fsl_lpuart.o
    0x00003350   0x00003350   0x00000004   Code   RO          679    i.LPUART_GetStatusFlags  mbed/TARGET_KW41Z/TOOLCHAIN_ARM_STD/fsl_lpuart.o
    0x00003354   0x00003354   0x000001cc   Code   RO          680    i.LPUART_Init       mbed/TARGET_KW41Z/TOOLCHAIN_ARM_STD/fsl_lpuart.o
    0x00003520   0x00003520   0x000000c8   Code   RO          681    i.LPUART_ReadBlocking  mbed/TARGET_KW41Z/TOOLCHAIN_ARM_STD/fsl_lpuart.o
    0x000035e8   0x000035e8   0x000000f8   Code   RO          682    i.LPUART_SetBaudRate  mbed/TARGET_KW41Z/TOOLCHAIN_ARM_STD/fsl_lpuart.o
    0x000036e0   0x000036e0   0x00000010   Code   RO         1081    i.NMI_Handler       mbed/TARGET_KW41Z/TOOLCHAIN_ARM_STD/mbed_overrides.o
    0x000036f0   0x000036f0   0x00000094   Code   RO          833    i.PIT_Init          mbed/TARGET_KW41Z/TOOLCHAIN_ARM_STD/fsl_pit.o
    0x00003784   0x00003784   0x00000050   Code   RO          341    i.SPI0_DriverIRQHandler  mbed/TARGET_KW41Z/TOOLCHAIN_ARM_STD/fsl_dspi.o
    0x000037d4   0x000037d4   0x00000050   Code   RO          342    i.SPI1_DriverIRQHandler  mbed/TARGET_KW41Z/TOOLCHAIN_ARM_STD/fsl_dspi.o
    0x00003824   0x00003824   0x0000000c   Code   RO         1415    i.SystemInit        mbed/TARGET_KW41Z/TOOLCHAIN_ARM_STD/system_MKW41Z4.o
    0x00003830   0x00003830   0x000000c0   Code   RO         1845    i._Z10ICMPpacketv   .\build\ppp-blinky.o
    0x000038f0   0x000038f0   0x00000002   Code   RO         1846    i._Z10IGMPpacketv   .\build\ppp-blinky.o
    0x000038f2   0x000038f2   0x00000002   Code   RO         1847    i._Z10LCPconfAckv   .\build\ppp-blinky.o
    0x000038f4   0x000038f4   0x00000060   Code   RO         1848    i._Z10LCPconfReqv   .\build\ppp-blinky.o
    0x00003954   0x00003954   0x00000076   Code   RO         2377    i._Z10SHA1UpdateP8SHA1_CTXPKhj  .\build\sha1.o
    0x000039ca   0x000039ca   0x0000001c   Code   RO         1849    i._Z10bufferToIPPc  .\build\ppp-blinky.o
    0x000039e6   0x000039e6   0x00000002   PAD
    0x000039e8   0x000039e8   0x00000030   Code   RO         1850    i._Z10led1Togglev   .\build\ppp-blinky.o
    0x00003a18   0x00003a18   0x00000260   Code   RO         1851    i._Z10tcpHandlerv   .\build\ppp-blinky.o
    0x00003c78   0x00003c78   0x00000002   Code   RO         1852    i._Z11dumpDataTCPi  .\build\ppp-blinky.o
    0x00003c7a   0x00003c7a   0x00000002   Code   RO         1853    i._Z11sendUdpDatav  .\build\ppp-blinky.o
    0x00003c7c   0x00003c7c   0x00000040   Code   RO         1854    i._Z11swapIpPortsv  .\build\ppp-blinky.o
    0x00003cbc   0x00003cbc   0x00000084   Code   RO         1855    i._Z11tcpResponsePciPi  .\build\ppp-blinky.o
    0x00003d40   0x00003d40   0x0000000c   Code   RO         1856    i._Z12connectedPppv  .\build\ppp-blinky.o
    0x00003d4c   0x00003d4c   0x0000007c   Code   RO         1857    i._Z12dataCheckSumPcii  .\build\ppp-blinky.o
    0x00003dc8   0x00003dc8   0x00000002   Code   RO         1858    i._Z12dumpHeaderIPi  .\build\ppp-blinky.o
    0x00003dca   0x00003dca   0x00000002   PAD
    0x00003dcc   0x00003dcc   0x00000074   Code   RO         1859    i._Z12dumpPPPFramev  .\build\ppp-blinky.o
    0x00003e40   0x00003e40   0x00000268   Code   RO         1860    i._Z12httpResponsePcPi  .\build\ppp-blinky.o
    0x000040a8   0x000040a8   0x00000074   Code   RO         1861    i._Z12sendPppFramev  .\build\ppp-blinky.o
    0x0000411c   0x0000411c   0x0000163c   Code   RO         2378    i._Z13SHA1TransformPjPKh  .\build\sha1.o
    0x00005758   0x00005758   0x00000002   Code   RO         1862    i._Z13dumpHeaderTCPi  .\build\ppp-blinky.o
    0x0000575a   0x0000575a   0x00000002   PAD
    0x0000575c   0x0000575c   0x00000078   Code   RO         1863    i._Z13initializePppv  .\build\ppp-blinky.o
    0x000057d4   0x000057d4   0x00000002   Code   RO         1864    i._Z13otherProtocolv  .\build\ppp-blinky.o
    0x000057d6   0x000057d6   0x00000002   PAD
    0x000057d8   0x000057d8   0x00000060   Code   RO         1865    i._Z13pppInitStructv  .\build\ppp-blinky.o
    0x00005838   0x00005838   0x00000002   Code   RO         1866    i._Z14discardedFramev  .\build\ppp-blinky.o
    0x0000583a   0x0000583a   0x00000002   Code   RO         1867    i._Z14ipcpAckHandlerv  .\build\ppp-blinky.o
    0x0000583c   0x0000583c   0x00000028   Code   RO         1868    i._Z15ipcpNackHandlerv  .\build\ppp-blinky.o
    0x00005864   0x00005864   0x00000114   Code   RO         1869    i._Z15processPPPFrameii  .\build\ppp-blinky.o
    0x00005978   0x00005978   0x00000020   Code   RO         1870    i._Z15swapIpAddressesv  .\build\ppp-blinky.o
    0x00005998   0x00005998   0x00000070   Code   RO         1871    i._Z15waitForPppFramev  .\build\ppp-blinky.o
    0x00005a08   0x00005a08   0x0000004c   Code   RO         1872    i._Z16IpHeaderCheckSumv  .\build\ppp-blinky.o
    0x00005a54   0x00005a54   0x00000208   Code   RO         1873    i._Z16webSocketHandlerPc  .\build\ppp-blinky.o
    0x00005c5c   0x00005c5c   0x00000064   Code   RO         1874    i._Z17pppReceiveHandlerv  .\build\ppp-blinky.o
    0x00005cc0   0x00005cc0   0x00000002   Code   RO         1875    i._Z18ipcpDefaultHandlerv  .\build\ppp-blinky.o
    0x00005cc2   0x00005cc2   0x00000002   PAD
    0x00005cc4   0x00005cc4   0x00000068   Code   RO         1876    i._Z19determinePacketTypev  .\build\ppp-blinky.o
    0x00005d2c   0x00005d2c   0x00000060   Code   RO         1877    i._Z20checkSumPseudoHeaderj  .\build\ppp-blinky.o
    0x00005d8c   0x00005d8c   0x00000002   Code   RO         1879    i._Z22putsWhileCheckingInputPc  .\build\ppp-blinky.o
    0x00005d8e   0x00005d8e   0x00000002   PAD
    0x00005d90   0x00005d90   0x00000058   Code   RO         1880    i._Z22waitForPcConnectStringv  .\build\ppp-blinky.o
    0x00005de8   0x00005de8   0x00000070   Code   RO         1881    i._Z24ipcpConfigRequestHandlerv  .\build\ppp-blinky.o
    0x00005e58   0x00005e58   0x0000001c   Code   RO         1882    i._Z24pcPutcWhileCheckingInputi  .\build\ppp-blinky.o
    0x00005e74   0x00005e74   0x00000030   Code   RO         2379    i._Z4sha1PcPKci     .\build\sha1.o
    0x00005ea4   0x00005ea4   0x000000b8   Code   RO         1884    i._Z5enc64PcS_i     .\build\ppp-blinky.o
    0x00005f5c   0x00005f5c   0x00000044   Code   RO         1885    i._Z5fcsDoi         .\build\ppp-blinky.o
    0x00005fa0   0x00005fa0   0x00000028   Code   RO         1887    i._Z6LCPendv        .\build\ppp-blinky.o
    0x00005fc8   0x00005fc8   0x00000028   Code   RO         1888    i._Z6fcsBufPci      .\build\ppp-blinky.o
    0x00005ff0   0x00005ff0   0x0000014c   Code   RO         1889    i._Z6initIPjjjjj    .\build\ppp-blinky.o
    0x0000613c   0x0000613c   0x00000044   Code   RO         1890    i._Z7IPframev       .\build\ppp-blinky.o
    0x00006180   0x00006180   0x00000002   Code   RO         1891    i._Z7checkPcv       .\build\ppp-blinky.o
    0x00006182   0x00006182   0x0000002a   Code   RO         1892    i._Z7hdlcPuti       .\build\ppp-blinky.o
    0x000061ac   0x000061ac   0x000000dc   Code   RO         1893    i._Z7sendUdpjjjjPci  .\build\ppp-blinky.o
    0x00006288   0x00006288   0x00000038   Code   RO         1894    i._Z8LCPframev      .\build\ppp-blinky.o
    0x000062c0   0x000062c0   0x00000008   Code   RO         1895    i._Z8LCPotherv      .\build\ppp-blinky.o
    0x000062c8   0x000062c8   0x0000002c   Code   RO         2380    i._Z8SHA1InitP8SHA1_CTX  .\build\sha1.o
    0x000062f4   0x000062f4   0x00000010   Code   RO         1896    i._Z8fcsResetv      .\build\ppp-blinky.o
    0x00006304   0x00006304   0x00000038   Code   RO         1897    i._Z9IPCPframev     .\build\ppp-blinky.o
    0x0000633c   0x0000633c   0x00000098   Code   RO         2381    i._Z9SHA1FinalPhP8SHA1_CTX  .\build\sha1.o
    0x000063d4   0x000063d4   0x0000001a   Code   RO         1898    i._Z9TCPpacketv     .\build\ppp-blinky.o
    0x000063ee   0x000063ee   0x00000002   PAD
    0x000063f0   0x000063f0   0x000001e0   Code   RO         1899    i._Z9UDPpacketv     .\build\ppp-blinky.o
    0x000065d0   0x000065d0   0x00000028   Code   RO         1900    i._Z9pc_getBufv     .\build\ppp-blinky.o
    0x000065f8   0x000065f8   0x0000000a   Code   RO         2476    i._ZN4mbed10SerialBase10_base_getcEv  mbed/TARGET_KW41Z/TOOLCHAIN_ARM_STD/mbed.ar(SerialBase.o)
    0x00006602   0x00006602   0x0000000e   Code   RO         2477    i._ZN4mbed10SerialBase10_base_putcEi  mbed/TARGET_KW41Z/TOOLCHAIN_ARM_STD/mbed.ar(SerialBase.o)
    0x00006610   0x00006610   0x00000012   Code   RO         2479    i._ZN4mbed10SerialBase12_irq_handlerEj9SerialIrq  mbed/TARGET_KW41Z/TOOLCHAIN_ARM_STD/mbed.ar(SerialBase.o)
    0x00006622   0x00006622   0x00000022   Code   RO         2480    i._ZN4mbed10SerialBase4baudEi  mbed/TARGET_KW41Z/TOOLCHAIN_ARM_STD/mbed.ar(SerialBase.o)
    0x00006644   0x00006644   0x00000002   Code   RO         2481    i._ZN4mbed10SerialBase4lockEv  mbed/TARGET_KW41Z/TOOLCHAIN_ARM_STD/mbed.ar(SerialBase.o)
    0x00006646   0x00006646   0x000000b8   Code   RO         2482    i._ZN4mbed10SerialBase6attachENS_8CallbackIFvvEEENS0_7IrqTypeE  mbed/TARGET_KW41Z/TOOLCHAIN_ARM_STD/mbed.ar(SerialBase.o)
    0x000066fe   0x000066fe   0x00000002   Code   RO         2484    i._ZN4mbed10SerialBase6unlockEv  mbed/TARGET_KW41Z/TOOLCHAIN_ARM_STD/mbed.ar(SerialBase.o)
    0x00006700   0x00006700   0x00000020   Code   RO         2485    i._ZN4mbed10SerialBase8readableEv  mbed/TARGET_KW41Z/TOOLCHAIN_ARM_STD/mbed.ar(SerialBase.o)
    0x00006720   0x00006720   0x00000098   Code   RO         2487    i._ZN4mbed10SerialBaseC1E7PinNameS1_i  mbed/TARGET_KW41Z/TOOLCHAIN_ARM_STD/mbed.ar(SerialBase.o)
    0x000067b8   0x000067b8   0x00000100   Code   RO         2489    i._ZN4mbed10SerialBaseD1Ev  mbed/TARGET_KW41Z/TOOLCHAIN_ARM_STD/mbed.ar(SerialBase.o)
    0x000068b8   0x000068b8   0x00000004   Code   RO         2705    i._ZN4mbed8FileBase11getPathTypeEv  mbed/TARGET_KW41Z/TOOLCHAIN_ARM_STD/mbed.ar(FileBase.o)
    0x000068bc   0x000068bc   0x00000070   Code   RO         2707    i._ZN4mbed8FileBase6lookupEPKcj  mbed/TARGET_KW41Z/TOOLCHAIN_ARM_STD/mbed.ar(FileBase.o)
    0x0000692c   0x0000692c   0x00000020   Code   RO         2607    i._ZN4mbed8FilePath10fileSystemEv  mbed/TARGET_KW41Z/TOOLCHAIN_ARM_STD/mbed.ar(FilePath.o)
    0x0000694c   0x0000694c   0x00000020   Code   RO         2609    i._ZN4mbed8FilePath4fileEv  mbed/TARGET_KW41Z/TOOLCHAIN_ARM_STD/mbed.ar(FilePath.o)
    0x0000696c   0x0000696c   0x0000000a   Code   RO         2610    i._ZN4mbed8FilePath6existsEv  mbed/TARGET_KW41Z/TOOLCHAIN_ARM_STD/mbed.ar(FilePath.o)
    0x00006976   0x00006976   0x00000018   Code   RO         2611    i._ZN4mbed8FilePath6isFileEv  mbed/TARGET_KW41Z/TOOLCHAIN_ARM_STD/mbed.ar(FilePath.o)
    0x0000698e   0x0000698e   0x00000004   Code   RO         2612    i._ZN4mbed8FilePath8fileNameEv  mbed/TARGET_KW41Z/TOOLCHAIN_ARM_STD/mbed.ar(FilePath.o)
    0x00006992   0x00006992   0x00000044   Code   RO         2613    i._ZN4mbed8FilePathC1EPKc  mbed/TARGET_KW41Z/TOOLCHAIN_ARM_STD/mbed.ar(FilePath.o)
    0x000069d6   0x000069d6   0x00000020   Code   RO         2433    i._ZN4mbed9RawSerial4getcEv  mbed/TARGET_KW41Z/TOOLCHAIN_ARM_STD/mbed.ar(RawSerial.o)
    0x000069f6   0x000069f6   0x00000002   Code   RO         2434    i._ZN4mbed9RawSerial4lockEv  mbed/TARGET_KW41Z/TOOLCHAIN_ARM_STD/mbed.ar(RawSerial.o)
    0x000069f8   0x000069f8   0x00000024   Code   RO         2435    i._ZN4mbed9RawSerial4putcEi  mbed/TARGET_KW41Z/TOOLCHAIN_ARM_STD/mbed.ar(RawSerial.o)
    0x00006a1c   0x00006a1c   0x00000042   Code   RO         2436    i._ZN4mbed9RawSerial4putsEPKc  mbed/TARGET_KW41Z/TOOLCHAIN_ARM_STD/mbed.ar(RawSerial.o)
    0x00006a5e   0x00006a5e   0x00000002   Code   RO         2438    i._ZN4mbed9RawSerial6unlockEv  mbed/TARGET_KW41Z/TOOLCHAIN_ARM_STD/mbed.ar(RawSerial.o)
    0x00006a60   0x00006a60   0x00000010   Code   RO         2439    i._ZN4mbed9RawSerialC1E7PinNameS1_i  mbed/TARGET_KW41Z/TOOLCHAIN_ARM_STD/mbed.ar(RawSerial.o)
    0x00006a70   0x00006a70   0x00000008   Code   RO         2463    i._ZN4mbed9RawSerialD1Ev  mbed/TARGET_KW41Z/TOOLCHAIN_ARM_STD/mbed.ar(RawSerial.o)
    0x00006a78   0x00006a78   0x00000010   Code   RO         2255    i._ZSt6strstrPcPKc  .\build\ppp-blinky.o
    0x00006a88   0x00006a88   0x00000030   Code   RO         3381    i.__ARM_common_ll_muluu  C:\Keil_v5\ARM\ARMCC\Bin\..\lib\armlib\c_p.l(btod.o)
    0x00006ab8   0x00006ab8   0x0000002c   Code   RO         3418    i.__ARM_fpclassify  C:\Keil_v5\ARM\ARMCC\Bin\..\lib\armlib\m_ps.l(fpclassify.o)
    0x00006ae4   0x00006ae4   0x00000004   Code   RO         1102    i.__aeabi_atexit    mbed/TARGET_KW41Z/TOOLCHAIN_ARM_STD/mbed_retarget.o
    0x00006ae8   0x00006ae8   0x00000022   Code   RO         3038    i.__aeabi_vec_ctor_nocookie_nodtor  C:\Keil_v5\ARM\ARMCC\Bin\..\lib\cpplib\cpprt_p.l(aeabi_vec_ctor_nocookie_nodtor.o)
    0x00006b0a   0x00006b0a   0x00000002   PAD
    0x00006b0c   0x00006b0c   0x00000044   Code   RO         1901    i.__sti___14_ppp_blinky_cpp_pc  .\build\ppp-blinky.o
    0x00006b50   0x00006b50   0x00000008   Code   RO         1105    i.__user_setup_stackheap  mbed/TARGET_KW41Z/TOOLCHAIN_ARM_STD/mbed_retarget.o
    0x00006b58   0x00006b58   0x0000000e   Code   RO         2860    i._is_digit         C:\Keil_v5\ARM\ARMCC\Bin\..\lib\armlib\c_p.l(__printf_wp.o)
    0x00006b66   0x00006b66   0x00000002   PAD
    0x00006b68   0x00006b68   0x00000010   Code   RO         1106    i._mbed_user_setup_stackheap  mbed/TARGET_KW41Z/TOOLCHAIN_ARM_STD/mbed_retarget.o
    0x00006b78   0x00006b78   0x00000020   Code   RO         1240    i._platform_post_stackheap_init  mbed/TARGET_KW41Z/TOOLCHAIN_ARM_STD/mbed_sdk_boot.o
    0x00006b98   0x00006b98   0x00000048   Code   RO         1107    i._sys_close        mbed/TARGET_KW41Z/TOOLCHAIN_ARM_STD/mbed_retarget.o
    0x00006be0   0x00006be0   0x0000004c   Code   RO         1110    i._sys_flen         mbed/TARGET_KW41Z/TOOLCHAIN_ARM_STD/mbed_retarget.o
    0x00006c2c   0x00006c2c   0x00000040   Code   RO         1111    i._sys_istty        mbed/TARGET_KW41Z/TOOLCHAIN_ARM_STD/mbed_retarget.o
    0x00006c6c   0x00006c6c   0x00000220   Code   RO         1112    i._sys_open         mbed/TARGET_KW41Z/TOOLCHAIN_ARM_STD/mbed_retarget.o
    0x00006e8c   0x00006e8c   0x0000004c   Code   RO         1114    i._sys_seek         mbed/TARGET_KW41Z/TOOLCHAIN_ARM_STD/mbed_retarget.o
    0x00006ed8   0x00006ed8   0x00000084   Code   RO         1115    i._sys_write        mbed/TARGET_KW41Z/TOOLCHAIN_ARM_STD/mbed_retarget.o
    0x00006f5c   0x00006f5c   0x0000001a   Code   RO         2644    i.core_util_atomic_decr_u16  mbed/TARGET_KW41Z/TOOLCHAIN_ARM_STD/mbed.ar(mbed_critical.o)
    0x00006f76   0x00006f76   0x0000001a   Code   RO         2648    i.core_util_atomic_incr_u16  mbed/TARGET_KW41Z/TOOLCHAIN_ARM_STD/mbed.ar(mbed_critical.o)
    0x00006f90   0x00006f90   0x000000c8   Code   RO         2651    i.core_util_critical_section_enter  mbed/TARGET_KW41Z/TOOLCHAIN_ARM_STD/mbed.ar(mbed_critical.o)
    0x00007058   0x00007058   0x00000094   Code   RO         2652    i.core_util_critical_section_exit  mbed/TARGET_KW41Z/TOOLCHAIN_ARM_STD/mbed.ar(mbed_critical.o)
    0x000070ec   0x000070ec   0x0000002c   Code   RO         2675    i.error             mbed/TARGET_KW41Z/TOOLCHAIN_ARM_STD/mbed.ar(mbed_error.o)
    0x00007118   0x00007118   0x00000020   Code   RO         1118    i.exit              mbed/TARGET_KW41Z/TOOLCHAIN_ARM_STD/mbed_retarget.o
    0x00007138   0x00007138   0x00000008   Code   RO         2572    i.get_us_ticker_data  mbed/TARGET_KW41Z/TOOLCHAIN_ARM_STD/mbed.ar(mbed_us_ticker_api.o)
    0x00007140   0x00007140   0x00000064   Code   RO          989    i.gpio_dir          mbed/TARGET_KW41Z/TOOLCHAIN_ARM_STD/gpio_api.o
    0x000071a4   0x000071a4   0x00000014   Code   RO          990    i.gpio_init         mbed/TARGET_KW41Z/TOOLCHAIN_ARM_STD/gpio_api.o
    0x000071b8   0x000071b8   0x00000022   Code   RO         2542    i.gpio_init_in      mbed/TARGET_KW41Z/TOOLCHAIN_ARM_STD/mbed.ar(mbed_gpio.o)
    0x000071da   0x000071da   0x0000002c   Code   RO         2545    i.gpio_init_out     mbed/TARGET_KW41Z/TOOLCHAIN_ARM_STD/mbed.ar(mbed_gpio.o)
    0x00007206   0x00007206   0x0000000e   Code   RO          991    i.gpio_mode         mbed/TARGET_KW41Z/TOOLCHAIN_ARM_STD/gpio_api.o
    0x00007214   0x00007214   0x0000005c   Code   RO          994    i.gpio_write        mbed/TARGET_KW41Z/TOOLCHAIN_ARM_STD/gpio_api.o
    0x00007270   0x00007270   0x00000024   Code   RO         1433    i.lptmr_isr         mbed/TARGET_KW41Z/TOOLCHAIN_ARM_STD/us_ticker.o
    0x00007294   0x00007294   0x0000001a   Code   RO         1452    i.main              .\build\main.o
    0x000072ae   0x000072ae   0x00000002   PAD
    0x000072b0   0x000072b0   0x00000054   Code   RO         2632    i.mbed_assert_internal  mbed/TARGET_KW41Z/TOOLCHAIN_ARM_STD/mbed.ar(mbed_assert.o)
    0x00007304   0x00007304   0x00000060   Code   RO         1071    i.mbed_die          mbed/TARGET_KW41Z/TOOLCHAIN_ARM_STD/mbed_board.o
    0x00007364   0x00007364   0x0000005c   Code   RO         1072    i.mbed_error_printf  mbed/TARGET_KW41Z/TOOLCHAIN_ARM_STD/mbed_board.o
    0x000073c0   0x000073c0   0x00000054   Code   RO         1073    i.mbed_error_vfprintf  mbed/TARGET_KW41Z/TOOLCHAIN_ARM_STD/mbed_board.o
    0x00007414   0x00007414   0x00000002   Code   RO         1242    i.mbed_main         mbed/TARGET_KW41Z/TOOLCHAIN_ARM_STD/mbed_sdk_boot.o
    0x00007416   0x00007416   0x00000008   Code   RO         1082    i.mbed_sdk_init     mbed/TARGET_KW41Z/TOOLCHAIN_ARM_STD/mbed_overrides.o
    0x0000741e   0x0000741e   0x00000002   PAD
    0x00007420   0x00007420   0x00000078   Code   RO         1273    i.pin_function      mbed/TARGET_KW41Z/TOOLCHAIN_ARM_STD/pinmap.o
    0x00007498   0x00007498   0x00000070   Code   RO         1274    i.pin_mode          mbed/TARGET_KW41Z/TOOLCHAIN_ARM_STD/pinmap.o
    0x00007508   0x00007508   0x00000034   Code   RO         2559    i.pinmap_merge      mbed/TARGET_KW41Z/TOOLCHAIN_ARM_STD/mbed.ar(mbed_pinmap_common.o)
    0x0000753c   0x0000753c   0x0000005c   Code   RO         2560    i.pinmap_peripheral  mbed/TARGET_KW41Z/TOOLCHAIN_ARM_STD/mbed.ar(mbed_pinmap_common.o)
    0x00007598   0x00007598   0x00000054   Code   RO         2561    i.pinmap_pinout     mbed/TARGET_KW41Z/TOOLCHAIN_ARM_STD/mbed.ar(mbed_pinmap_common.o)
    0x000075ec   0x000075ec   0x00000066   Code   RO         2583    i.schedule_interrupt  mbed/TARGET_KW41Z/TOOLCHAIN_ARM_STD/mbed.ar(mbed_ticker_api.o)
    0x00007652   0x00007652   0x00000002   PAD
    0x00007654   0x00007654   0x0000002c   Code   RO         1341    i.serial_baud       mbed/TARGET_KW41Z/TOOLCHAIN_ARM_STD/serial_api.o
    0x00007680   0x00007680   0x0000001c   Code   RO         1347    i.serial_getc       mbed/TARGET_KW41Z/TOOLCHAIN_ARM_STD/serial_api.o
    0x0000769c   0x0000769c   0x00000108   Code   RO         1348    i.serial_init       mbed/TARGET_KW41Z/TOOLCHAIN_ARM_STD/serial_api.o
    0x000077a4   0x000077a4   0x00000014   Code   RO         1349    i.serial_irq_handler  mbed/TARGET_KW41Z/TOOLCHAIN_ARM_STD/serial_api.o
    0x000077b8   0x000077b8   0x000000e8   Code   RO         1350    i.serial_irq_set    mbed/TARGET_KW41Z/TOOLCHAIN_ARM_STD/serial_api.o
    0x000078a0   0x000078a0   0x00000044   Code   RO         1352    i.serial_putc       mbed/TARGET_KW41Z/TOOLCHAIN_ARM_STD/serial_api.o
    0x000078e4   0x000078e4   0x00000030   Code   RO         1353    i.serial_readable   mbed/TARGET_KW41Z/TOOLCHAIN_ARM_STD/serial_api.o
    0x00007914   0x00007914   0x00000060   Code   RO         2693    i.sleep_manager_lock_deep_sleep  mbed/TARGET_KW41Z/TOOLCHAIN_ARM_STD/mbed.ar(mbed_sleep_manager.o)
    0x00007974   0x00007974   0x00000054   Code   RO         2695    i.sleep_manager_unlock_deep_sleep  mbed/TARGET_KW41Z/TOOLCHAIN_ARM_STD/mbed.ar(mbed_sleep_manager.o)
    0x000079c8   0x000079c8   0x0000005e   Code   RO         2587    i.ticker_irq_handler  mbed/TARGET_KW41Z/TOOLCHAIN_ARM_STD/mbed.ar(mbed_ticker_api.o)
    0x00007a26   0x00007a26   0x00000040   Code   RO         2588    i.ticker_read       mbed/TARGET_KW41Z/TOOLCHAIN_ARM_STD/mbed.ar(mbed_ticker_api.o)
    0x00007a66   0x00007a66   0x00000002   PAD
    0x00007a68   0x00007a68   0x00000054   Code   RO         1355    i.uart0_irq         mbed/TARGET_KW41Z/TOOLCHAIN_ARM_STD/serial_api.o
    0x00007abc   0x00007abc   0x0000002c   Code   RO         2592    i.update_present_time  mbed/TARGET_KW41Z/TOOLCHAIN_ARM_STD/mbed.ar(mbed_ticker_api.o)
    0x00007ae8   0x00007ae8   0x00000010   Code   RO         1434    i.us_ticker_clear_interrupt  mbed/TARGET_KW41Z/TOOLCHAIN_ARM_STD/us_ticker.o
    0x00007af8   0x00007af8   0x00000014   Code   RO         1435    i.us_ticker_disable_interrupt  mbed/TARGET_KW41Z/TOOLCHAIN_ARM_STD/us_ticker.o
    0x00007b0c   0x00007b0c   0x00000010   Code   RO         1436    i.us_ticker_fire_interrupt  mbed/TARGET_KW41Z/TOOLCHAIN_ARM_STD/us_ticker.o
    0x00007b1c   0x00007b1c   0x000000ac   Code   RO         1437    i.us_ticker_init    mbed/TARGET_KW41Z/TOOLCHAIN_ARM_STD/us_ticker.o
    0x00007bc8   0x00007bc8   0x00000010   Code   RO         2573    i.us_ticker_irq_handler  mbed/TARGET_KW41Z/TOOLCHAIN_ARM_STD/mbed.ar(mbed_us_ticker_api.o)
    0x00007bd8   0x00007bd8   0x00000020   Code   RO         1438    i.us_ticker_read    mbed/TARGET_KW41Z/TOOLCHAIN_ARM_STD/us_ticker.o
    0x00007bf8   0x00007bf8   0x0000004c   Code   RO         1439    i.us_ticker_set_interrupt  mbed/TARGET_KW41Z/TOOLCHAIN_ARM_STD/us_ticker.o
    0x00007c44   0x00007c44   0x00000024   Code   RO         2683    i.wait_ms           mbed/TARGET_KW41Z/TOOLCHAIN_ARM_STD/mbed.ar(mbed_wait_api_no_rtos.o)
    0x00007c68   0x00007c68   0x0000001e   Code   RO         2684    i.wait_us           mbed/TARGET_KW41Z/TOOLCHAIN_ARM_STD/mbed.ar(mbed_wait_api_no_rtos.o)
    0x00007c86   0x00007c86   0x00000002   PAD
    0x00007c88   0x00007c88   0x0000002c   Code   RO         3384    locale$$code        C:\Keil_v5\ARM\ARMCC\Bin\..\lib\armlib\c_p.l(lc_numeric_c.o)
    0x00007cb4   0x00007cb4   0x0000002c   Code   RO         3425    locale$$code        C:\Keil_v5\ARM\ARMCC\Bin\..\lib\armlib\c_p.l(lc_ctype_c.o)
    0x00007ce0   0x00007ce0   0x0000002c   Code   RO         2731    t._ZN12SingletonPtrI13PlatformMutexEptEv  mbed/TARGET_KW41Z/TOOLCHAIN_ARM_STD/mbed.ar(FileBase.o)
    0x00007d0c   0x00007d0c   0x0000000a   Code   RO         2265    t._ZN4mbed8CallbackIFvvEE13function_callIPS1_EEvPKv  .\build\ppp-blinky.o
    0x00007d16   0x00007d16   0x00000002   Code   RO         2277    t._ZN4mbed8CallbackIFvvEE13function_dtorIPS1_EEvPv  .\build\ppp-blinky.o
    0x00007d18   0x00007d18   0x0000000e   Code   RO         2271    t._ZN4mbed8CallbackIFvvEE13function_moveIPS1_EEvPvPKv  .\build\ppp-blinky.o
    0x00007d26   0x00007d26   0x00000014   Code   RO         2533    t._ZN4mbed8CallbackIFvvEED1Ev  mbed/TARGET_KW41Z/TOOLCHAIN_ARM_STD/mbed.ar(SerialBase.o)
    0x00007d3a   0x00007d3a   0x00000002   PAD
    0x00007d3c   0x00007d3c   0x00000010   Code   RO         3235    x$fpl$printf1       C:\Keil_v5\ARM\ARMCC\Bin\..\lib\armlib\fz_ps.l(printf1.o)
    0x00007d4c   0x00007d4c   0x00000010   Code   RO         3237    x$fpl$printf2       C:\Keil_v5\ARM\ARMCC\Bin\..\lib\armlib\fz_ps.l(printf2.o)
    0x00007d5c   0x00007d5c   0x00000000   Code   RO         3243    x$fpl$usenofp       C:\Keil_v5\ARM\ARMCC\Bin\..\lib\armlib\fz_ps.l(usenofp.o)
    0x00007d5c   0x00007d5c   0x00000044   Data   RO          114    .constdata          mbed/TARGET_KW41Z/TOOLCHAIN_ARM_STD/fsl_clock.o
    0x00007da0   0x00007da0   0x00000038   Data   RO          162    .constdata          mbed/TARGET_KW41Z/TOOLCHAIN_ARM_STD/fsl_clock_config.o
    0x00007dd8   0x00007dd8   0x00000008   Data   RO          662    .constdata          mbed/TARGET_KW41Z/TOOLCHAIN_ARM_STD/fsl_lptmr.o
    0x00007de0   0x00007de0   0x0000000c   Data   RO          695    .constdata          mbed/TARGET_KW41Z/TOOLCHAIN_ARM_STD/fsl_lpuart.o
    0x00007dec   0x00007dec   0x00000008   Data   RO          834    .constdata          mbed/TARGET_KW41Z/TOOLCHAIN_ARM_STD/fsl_pit.o
    0x00007df4   0x00007df4   0x0000000c   Data   RO          995    .constdata          mbed/TARGET_KW41Z/TOOLCHAIN_ARM_STD/gpio_api.o
    0x00007e00   0x00007e00   0x00000017   Data   RO         1170    .constdata          mbed/TARGET_KW41Z/TOOLCHAIN_ARM_STD/mbed_retarget.o
    0x00007e17   0x00007e17   0x00000001   PAD
    0x00007e18   0x00007e18   0x00000030   Data   RO         1260    .constdata          mbed/TARGET_KW41Z/TOOLCHAIN_ARM_STD/PeripheralPins.o
    0x00007e48   0x00007e48   0x00000030   Data   RO         1261    .constdata          mbed/TARGET_KW41Z/TOOLCHAIN_ARM_STD/PeripheralPins.o
    0x00007e78   0x00007e78   0x00000018   Data   RO         1275    .constdata          mbed/TARGET_KW41Z/TOOLCHAIN_ARM_STD/pinmap.o
    0x00007e90   0x00007e90   0x00000008   Data   RO         1356    .constdata          mbed/TARGET_KW41Z/TOOLCHAIN_ARM_STD/serial_api.o
    0x00007e98   0x00007e98   0x000002c7   Data   RO         1960    .constdata          .\build\ppp-blinky.o
    0x0000815f   0x0000815f   0x00000001   PAD
    0x00008160   0x00008160   0x00000018   Data   RO         2575    .constdata          mbed/TARGET_KW41Z/TOOLCHAIN_ARM_STD/mbed.ar(mbed_us_ticker_api.o)
    0x00008178   0x00008178   0x00000008   Data   RO         2576    .constdata          mbed/TARGET_KW41Z/TOOLCHAIN_ARM_STD/mbed.ar(mbed_us_ticker_api.o)
    0x00008180   0x00008180   0x00000028   Data   RO         2848    .constdata          C:\Keil_v5\ARM\ARMCC\Bin\..\lib\armlib\c_p.l(_printf_hex_int_ll_ptr.o)
    0x000081a8   0x000081a8   0x00000011   Data   RO         2868    .constdata          C:\Keil_v5\ARM\ARMCC\Bin\..\lib\armlib\c_p.l(__printf_flags_ss_wp.o)
    0x000081b9   0x000081b9   0x00000003   PAD
    0x000081bc   0x000081bc   0x00000008   Data   RO         3113    .constdata          C:\Keil_v5\ARM\ARMCC\Bin\..\lib\armlib\c_p.l(_printf_wctomb.o)
    0x000081c4   0x000081c4   0x00000026   Data   RO         3278    .constdata          C:\Keil_v5\ARM\ARMCC\Bin\..\lib\armlib\c_p.l(_printf_fp_hex.o)
    0x000081ea   0x000081ea   0x00000002   PAD
    0x000081ec   0x000081ec   0x00000094   Data   RO         3377    .constdata          C:\Keil_v5\ARM\ARMCC\Bin\..\lib\armlib\c_p.l(bigflt0.o)
    0x00008280   0x00008280   0x00000018   Data   RO         2530    .constdata__ZTVN4mbed10SerialBaseE  mbed/TARGET_KW41Z/TOOLCHAIN_ARM_STD/mbed.ar(SerialBase.o)
    0x00008298   0x00008298   0x00000018   Data   RO         2461    .constdata__ZTVN4mbed9RawSerialE  mbed/TARGET_KW41Z/TOOLCHAIN_ARM_STD/mbed.ar(RawSerial.o)
    0x000082b0   0x000082b0   0x00000014   Data   RO         1235    .constdata__ZZN12SingletonPtrI13PlatformMutexE3getEvEs  mbed/TARGET_KW41Z/TOOLCHAIN_ARM_STD/mbed_retarget.o
    0x000082c4   0x000082c4   0x00000048   Data   RO         1236    .constdata__ZZN12SingletonPtrI13PlatformMutexE3getEvEs_0  mbed/TARGET_KW41Z/TOOLCHAIN_ARM_STD/mbed_retarget.o
    0x0000830c   0x0000830c   0x0000000c   Data   RO         2264    .constdata__ZZN4mbed8CallbackIFvvEE8generateIPS1_EEvRKT_E3ops  .\build\ppp-blinky.o
    0x00008318   0x00008318   0x00000076   Data   RO          115    .conststring        mbed/TARGET_KW41Z/TOOLCHAIN_ARM_STD/fsl_clock.o
    0x0000838e   0x0000838e   0x00000002   PAD
    0x00008390   0x00008390   0x00000075   Data   RO          344    .conststring        mbed/TARGET_KW41Z/TOOLCHAIN_ARM_STD/fsl_dspi.o
    0x00008405   0x00008405   0x00000003   PAD
    0x00008408   0x00008408   0x00000075   Data   RO          442    .conststring        mbed/TARGET_KW41Z/TOOLCHAIN_ARM_STD/fsl_edma.o
    0x0000847d   0x0000847d   0x00000003   PAD
    0x00008480   0x00008480   0x00000076   Data   RO          663    .conststring        mbed/TARGET_KW41Z/TOOLCHAIN_ARM_STD/fsl_lptmr.o
    0x000084f6   0x000084f6   0x00000002   PAD
    0x000084f8   0x000084f8   0x00000077   Data   RO          696    .conststring        mbed/TARGET_KW41Z/TOOLCHAIN_ARM_STD/fsl_lpuart.o
    0x0000856f   0x0000856f   0x00000001   PAD
    0x00008570   0x00008570   0x00000074   Data   RO          835    .conststring        mbed/TARGET_KW41Z/TOOLCHAIN_ARM_STD/fsl_pit.o
    0x000085e4   0x000085e4   0x00000064   Data   RO          996    .conststring        mbed/TARGET_KW41Z/TOOLCHAIN_ARM_STD/gpio_api.o
    0x00008648   0x00008648   0x00000062   Data   RO         1276    .conststring        mbed/TARGET_KW41Z/TOOLCHAIN_ARM_STD/pinmap.o
    0x000086aa   0x000086aa   0x00000002   PAD
    0x000086ac   0x000086ac   0x0000006f   Data   RO         1357    .conststring        mbed/TARGET_KW41Z/TOOLCHAIN_ARM_STD/serial_api.o
    0x0000871b   0x0000871b   0x00000001   PAD
    0x0000871c   0x0000871c   0x00000020   Data   RO         3447    Region$$Table       anon$$obj.o
    0x0000873c   0x0000873c   0x0000001c   Data   RO         3383    locale$$data        C:\Keil_v5\ARM\ARMCC\Bin\..\lib\armlib\c_p.l(lc_numeric_c.o)
    0x00008758   0x00008758   0x00000110   Data   RO         3424    locale$$data        C:\Keil_v5\ARM\ARMCC\Bin\..\lib\armlib\c_p.l(lc_ctype_c.o)
    0x00008868   0x00008868   0x00000004   Data   RO         1962    .init_array         .\build\ppp-blinky.o
    0x0000886c   0x00008868   0x00000000   Data   RO         2927    .init_array         C:\Keil_v5\ARM\ARMCC\Bin\..\lib\armlib\c_p.l(init_aeabi.o)


    Execution Region VECTOR_RAM (Exec base: 0x1fff8000, Load base: 0x0000886c, Size: 0x00000200, Max: 0x00000200, ABSOLUTE)

    Exec Addr    Load Addr    Size         Type   Attr      Idx    E Section Name        Object

    0x1fff8000        -       0x00000200   Zero   RW            1    VECTOR_RAM.bss      anon$$obj.o


    Execution Region RW_m_data (Exec base: 0x1fff8200, Load base: 0x0000886c, Size: 0x000011d0, Max: 0x0001f600, ABSOLUTE)

    Exec Addr    Load Addr    Size         Type   Attr      Idx    E Section Name        Object

    0x1fff8200   0x0000886c   0x00000010   Data   RW          116    .data               mbed/TARGET_KW41Z/TOOLCHAIN_ARM_STD/fsl_clock.o
    0x1fff8210   0x0000887c   0x00000010   Data   RW          345    .data               mbed/TARGET_KW41Z/TOOLCHAIN_ARM_STD/fsl_dspi.o
    0x1fff8220   0x0000888c   0x00000010   Data   RW          591    .data               mbed/TARGET_KW41Z/TOOLCHAIN_ARM_STD/fsl_i2c.o
    0x1fff8230   0x0000889c   0x00000008   Data   RW          697    .data               mbed/TARGET_KW41Z/TOOLCHAIN_ARM_STD/fsl_lpuart.o
    0x1fff8238   0x000088a4   0x00000010   Data   RW         1173    .data               mbed/TARGET_KW41Z/TOOLCHAIN_ARM_STD/mbed_retarget.o
    0x1fff8248   0x000088b4   0x00000010   Data   RW         1358    .data               mbed/TARGET_KW41Z/TOOLCHAIN_ARM_STD/serial_api.o
    0x1fff8258   0x000088c4   0x00000004   Data   RW         1416    .data               mbed/TARGET_KW41Z/TOOLCHAIN_ARM_STD/system_MKW41Z4.o
    0x1fff825c   0x000088c8   0x00000004   Data   RW         1440    .data               mbed/TARGET_KW41Z/TOOLCHAIN_ARM_STD/us_ticker.o
    0x1fff8260   0x000088cc   0x00000002   Data   RW         1961    .data               .\build\ppp-blinky.o
    0x1fff8262   0x000088ce   0x00000002   PAD
    0x1fff8264   0x000088d0   0x00000008   Data   RW         2654    .data               mbed/TARGET_KW41Z/TOOLCHAIN_ARM_STD/mbed.ar(mbed_critical.o)
    0x1fff826c   0x000088d8   0x00000001   Data   RW         2676    .data               mbed/TARGET_KW41Z/TOOLCHAIN_ARM_STD/mbed.ar(mbed_error.o)
    0x1fff826d   0x000088d9   0x00000001   PAD
    0x1fff826e   0x000088da   0x00000002   Data   RW         2696    .data               mbed/TARGET_KW41Z/TOOLCHAIN_ARM_STD/mbed.ar(mbed_sleep_manager.o)
    0x1fff8270   0x000088dc   0x0000000c   Data   RW         2719    .data               mbed/TARGET_KW41Z/TOOLCHAIN_ARM_STD/mbed.ar(FileBase.o)
    0x1fff827c   0x000088e8   0x00000004   Data   RW         2889    .data               C:\Keil_v5\ARM\ARMCC\Bin\..\lib\armlib\c_p.l(stdio_streams.o)
    0x1fff8280   0x000088ec   0x00000004   Data   RW         2890    .data               C:\Keil_v5\ARM\ARMCC\Bin\..\lib\armlib\c_p.l(stdio_streams.o)
    0x1fff8284   0x000088f0   0x00000004   Data   RW         2891    .data               C:\Keil_v5\ARM\ARMCC\Bin\..\lib\armlib\c_p.l(stdio_streams.o)
    0x1fff8288   0x000088f4   0x00000004   Data   RW         3315    .data               C:\Keil_v5\ARM\ARMCC\Bin\..\lib\armlib\c_p.l(heapauxa.o)
    0x1fff828c        -       0x00000010   Zero   RW          440    .bss                mbed/TARGET_KW41Z/TOOLCHAIN_ARM_STD/fsl_edma.o
    0x1fff829c        -       0x00000144   Zero   RW         1169    .bss                mbed/TARGET_KW41Z/TOOLCHAIN_ARM_STD/mbed_retarget.o
    0x1fff83e0        -       0x00000ebc   Zero   RW         1959    .bss                .\build\ppp-blinky.o
    0x1fff929c   0x000088f8   0x00000004   PAD
    0x1fff92a0        -       0x00000018   Zero   RW         2574    .bss                mbed/TARGET_KW41Z/TOOLCHAIN_ARM_STD/mbed.ar(mbed_us_ticker_api.o)
    0x1fff92b8        -       0x00000004   Zero   RW         2741    .bss                C:\Keil_v5\ARM\ARMCC\Bin\..\lib\armlib\c_p.l(rt_errno_addr.o)
    0x1fff92bc        -       0x00000054   Zero   RW         2886    .bss                C:\Keil_v5\ARM\ARMCC\Bin\..\lib\armlib\c_p.l(stdio_streams.o)
    0x1fff9310        -       0x00000054   Zero   RW         2887    .bss                C:\Keil_v5\ARM\ARMCC\Bin\..\lib\armlib\c_p.l(stdio_streams.o)
    0x1fff9364        -       0x00000054   Zero   RW         2888    .bss                C:\Keil_v5\ARM\ARMCC\Bin\..\lib\armlib\c_p.l(stdio_streams.o)
    0x1fff93b8        -       0x00000004   Zero   RW         3074    .bss                C:\Keil_v5\ARM\ARMCC\Bin\..\lib\armlib\c_p.l(rt_heap_descriptor.o)
    0x1fff93bc        -       0x00000014   Zero   RW         3363    .bss                C:\Keil_v5\ARM\ARMCC\Bin\..\lib\armlib\c_p.l(rt_locale.o)


    Execution Region RW_IRAM1 (Exec base: 0x1fff93d0, Load base: 0x000088f8, Size: 0x00000000, Max: 0xffffffff, ABSOLUTE)

    **** No section assigned to this execution region ****

