Archive member included to satisfy reference by file (symbol)

e:/app/nxp/mcuxpressoide_10.0.2_411/ide/tools/bin/../lib/gcc/arm-none-eabi/5.4.1/../../../../arm-none-eabi/lib/armv6-m\libm.a(lib_a-s_round.o)
                              ./framework/XCVR/MKW41Z4/fsl_xcvr.o (round)
e:/app/nxp/mcuxpressoide_10.0.2_411/ide/tools/bin/../lib/gcc/arm-none-eabi/5.4.1/../../../../arm-none-eabi/lib/armv6-m\libm.a(lib_a-s_trunc.o)
                              ./framework/XCVR/MKW41Z4/fsl_xcvr.o (trunc)
e:/app/nxp/mcuxpressoide_10.0.2_411/ide/tools/bin/../lib/gcc/arm-none-eabi/5.4.1/../../../../arm-none-eabi/lib/armv6-m\libm.a(lib_a-sf_round.o)
                              ./framework/XCVR/MKW41Z4/fsl_xcvr_trim.o (roundf)
e:/app/nxp/mcuxpressoide_10.0.2_411/ide/tools/bin/../lib/gcc/arm-none-eabi/5.4.1/../../../../arm-none-eabi/lib/armv6-m\libc.a(lib_a-exit.o)
                              e:/app/nxp/mcuxpressoide_10.0.2_411/ide/tools/bin/../lib/gcc/arm-none-eabi/5.4.1/../../../../arm-none-eabi/lib/armv6-m/crt0.o (exit)
e:/app/nxp/mcuxpressoide_10.0.2_411/ide/tools/bin/../lib/gcc/arm-none-eabi/5.4.1/../../../../arm-none-eabi/lib/armv6-m\libc.a(lib_a-impure.o)
                              e:/app/nxp/mcuxpressoide_10.0.2_411/ide/tools/bin/../lib/gcc/arm-none-eabi/5.4.1/../../../../arm-none-eabi/lib/armv6-m\libc.a(lib_a-exit.o) (_global_impure_ptr)
e:/app/nxp/mcuxpressoide_10.0.2_411/ide/tools/bin/../lib/gcc/arm-none-eabi/5.4.1/../../../../arm-none-eabi/lib/armv6-m\libc.a(lib_a-init.o)
                              e:/app/nxp/mcuxpressoide_10.0.2_411/ide/tools/bin/../lib/gcc/arm-none-eabi/5.4.1/../../../../arm-none-eabi/lib/armv6-m/crt0.o (__libc_init_array)
e:/app/nxp/mcuxpressoide_10.0.2_411/ide/tools/bin/../lib/gcc/arm-none-eabi/5.4.1/../../../../arm-none-eabi/lib/armv6-m\libc.a(lib_a-memcpy-stub.o)
                              ./ieee_802.15.4/phy/source/MKW41Z/PhyTime.o (memcpy)
e:/app/nxp/mcuxpressoide_10.0.2_411/ide/tools/bin/../lib/gcc/arm-none-eabi/5.4.1/../../../../arm-none-eabi/lib/armv6-m\libc.a(lib_a-memset.o)
                              e:/app/nxp/mcuxpressoide_10.0.2_411/ide/tools/bin/../lib/gcc/arm-none-eabi/5.4.1/../../../../arm-none-eabi/lib/armv6-m/crt0.o (memset)
e:/app/nxp/mcuxpressoide_10.0.2_411/ide/tools/bin/../lib/gcc/arm-none-eabi/5.4.1/../../../../arm-none-eabi/lib/armv6-m\libc.a(lib_a-strlen-stub.o)
                              ./utilities/fsl_debug_console.o (strlen)
e:/app/nxp/mcuxpressoide_10.0.2_411/ide/tools/bin/../lib/gcc/arm-none-eabi/5.4.1/../../../../arm-none-eabi/lib/armv6-m\libc.a(lib_a-__call_atexit.o)
                              e:/app/nxp/mcuxpressoide_10.0.2_411/ide/tools/bin/../lib/gcc/arm-none-eabi/5.4.1/../../../../arm-none-eabi/lib/armv6-m\libc.a(lib_a-exit.o) (__call_exitprocs)
e:/app/nxp/mcuxpressoide_10.0.2_411/ide/tools/bin/../lib/gcc/arm-none-eabi/5.4.1/../../../../arm-none-eabi/lib/armv6-m\libc.a(lib_a-atexit.o)
                              e:/app/nxp/mcuxpressoide_10.0.2_411/ide/tools/bin/../lib/gcc/arm-none-eabi/5.4.1/../../../../arm-none-eabi/lib/armv6-m\libc.a(lib_a-__call_atexit.o) (atexit)
e:/app/nxp/mcuxpressoide_10.0.2_411/ide/tools/bin/../lib/gcc/arm-none-eabi/5.4.1/../../../../arm-none-eabi/lib/armv6-m\libc.a(lib_a-fini.o)
                              e:/app/nxp/mcuxpressoide_10.0.2_411/ide/tools/bin/../lib/gcc/arm-none-eabi/5.4.1/../../../../arm-none-eabi/lib/armv6-m\libc.a(lib_a-__call_atexit.o) (__libc_fini_array)
e:/app/nxp/mcuxpressoide_10.0.2_411/ide/tools/bin/../lib/gcc/arm-none-eabi/5.4.1/../../../../arm-none-eabi/lib/armv6-m\libc.a(lib_a-__atexit.o)
                              e:/app/nxp/mcuxpressoide_10.0.2_411/ide/tools/bin/../lib/gcc/arm-none-eabi/5.4.1/../../../../arm-none-eabi/lib/armv6-m\libc.a(lib_a-atexit.o) (__register_exitproc)
e:/app/nxp/mcuxpressoide_10.0.2_411/ide/tools/bin/../lib/gcc/arm-none-eabi/5.4.1/armv6-m\libgcc.a(_udivsi3.o)
                              ./utilities/fsl_debug_console.o (__aeabi_uidiv)
e:/app/nxp/mcuxpressoide_10.0.2_411/ide/tools/bin/../lib/gcc/arm-none-eabi/5.4.1/armv6-m\libgcc.a(_divsi3.o)
                              ./utilities/fsl_debug_console.o (__aeabi_idiv)
e:/app/nxp/mcuxpressoide_10.0.2_411/ide/tools/bin/../lib/gcc/arm-none-eabi/5.4.1/armv6-m\libgcc.a(_dvmd_tls.o)
                              e:/app/nxp/mcuxpressoide_10.0.2_411/ide/tools/bin/../lib/gcc/arm-none-eabi/5.4.1/armv6-m\libgcc.a(_udivsi3.o) (__aeabi_idiv0)
e:/app/nxp/mcuxpressoide_10.0.2_411/ide/tools/bin/../lib/gcc/arm-none-eabi/5.4.1/armv6-m\libgcc.a(_arm_cmpdf2.o)
                              ./framework/XCVR/MKW41Z4/fsl_xcvr.o (__aeabi_dcmpgt)
e:/app/nxp/mcuxpressoide_10.0.2_411/ide/tools/bin/../lib/gcc/arm-none-eabi/5.4.1/armv6-m\libgcc.a(_arm_cmpsf2.o)
                              ./framework/XCVR/MKW41Z4/fsl_xcvr_trim.o (__aeabi_fcmplt)
e:/app/nxp/mcuxpressoide_10.0.2_411/ide/tools/bin/../lib/gcc/arm-none-eabi/5.4.1/armv6-m\libgcc.a(_aeabi_uldivmod.o)
[...]
Memory Configuration

Name             Origin             Length             Attributes
TEXT_region1     0x00000000         0x00000400         xr
m_flash_config_region 0x00000400         0x00000010         xr
TEXT_region2     0x00000411         0x0007f3ee         xr
DATA_region      0x1fff8000         0x00020000         rw
PRODUCT_INFO_region 0x0007f800         0x000007ff         xr
*default*        0x00000000         0xffffffff

Linker script and memory map

LOAD e:/app/nxp/mcuxpressoide_10.0.2_411/ide/tools/bin/../lib/gcc/arm-none-eabi/5.4.1/armv6-m/crti.o
LOAD e:/app/nxp/mcuxpressoide_10.0.2_411/ide/tools/bin/../lib/gcc/arm-none-eabi/5.4.1/armv6-m/crtbegin.o
LOAD e:/app/nxp/mcuxpressoide_10.0.2_411/ide/tools/bin/../lib/gcc/arm-none-eabi/5.4.1/../../../../arm-none-eabi/lib/armv6-m/crt0.o
LOAD ./utilities/fsl_debug_console.o
LOAD ./startup/startup_MKW41Z4.o
LOAD ./source/mtb.o
LOAD ./source/mwa_coordinator.o
LOAD ./ieee_802.15.4/phy/source/MKW41Z/ASP.o
LOAD ./ieee_802.15.4/phy/source/MKW41Z/MPM.o
LOAD ./ieee_802.15.4/phy/source/MKW41Z/PhyISR.o
LOAD ./ieee_802.15.4/phy/source/MKW41Z/PhyPacketProcessor.o
LOAD ./ieee_802.15.4/phy/source/MKW41Z/PhyPlmeData.o
LOAD ./ieee_802.15.4/phy/source/MKW41Z/PhyStateMachine.o
LOAD ./ieee_802.15.4/phy/source/MKW41Z/PhyTime.o
LOAD ./ieee_802.15.4/mac/source/App/FsciAspCommands.o
LOAD ./ieee_802.15.4/mac/source/App/FsciMacCommands.o
LOAD ./ieee_802.15.4/mac/source/App/MacGlobals.o
LOAD ./freertos/croutine.o
LOAD ./freertos/event_groups.o
LOAD ./freertos/fsl_tickless_lptmr.o
LOAD ./freertos/fsl_tickless_systick.o
LOAD ./freertos/heap_4.o
LOAD ./freertos/list.o
LOAD ./freertos/port.o
LOAD ./freertos/queue.o
LOAD ./freertos/tasks.o
LOAD ./freertos/timers.o
LOAD ./framework/XCVR/MKW41Z4/cfgs_kw4x_3x_2x/fsl_xcvr_ant_config.o
LOAD ./framework/XCVR/MKW41Z4/cfgs_kw4x_3x_2x/fsl_xcvr_ble_config.o
LOAD ./framework/XCVR/MKW41Z4/cfgs_kw4x_3x_2x/fsl_xcvr_common_config.o
LOAD ./framework/XCVR/MKW41Z4/cfgs_kw4x_3x_2x/fsl_xcvr_gfsk_bt_0p3_h_0p5_config.o
LOAD ./framework/XCVR/MKW41Z4/cfgs_kw4x_3x_2x/fsl_xcvr_gfsk_bt_0p5_h_0p32_config.o
LOAD ./framework/XCVR/MKW41Z4/cfgs_kw4x_3x_2x/fsl_xcvr_gfsk_bt_0p5_h_0p5_config.o
LOAD ./framework/XCVR/MKW41Z4/cfgs_kw4x_3x_2x/fsl_xcvr_gfsk_bt_0p5_h_0p7_config.o
LOAD ./framework/XCVR/MKW41Z4/cfgs_kw4x_3x_2x/fsl_xcvr_gfsk_bt_0p5_h_1p0_config.o
LOAD ./framework/XCVR/MKW41Z4/cfgs_kw4x_3x_2x/fsl_xcvr_gfsk_bt_0p7_h_0p5_config.o
LOAD ./framework/XCVR/MKW41Z4/cfgs_kw4x_3x_2x/fsl_xcvr_mode_datarate_config.o
LOAD ./framework/XCVR/MKW41Z4/cfgs_kw4x_3x_2x/fsl_xcvr_msk_config.o
LOAD ./framework/XCVR/MKW41Z4/cfgs_kw4x_3x_2x/fsl_xcvr_zgbe_config.o
LOAD ./framework/XCVR/MKW41Z4/dbg_ram_capture.o
LOAD ./framework/XCVR/MKW41Z4/fsl_xcvr.o
LOAD ./framework/XCVR/MKW41Z4/fsl_xcvr_trim.o
LOAD ./framework/XCVR/MKW41Z4/ifr_radio.o
LOAD ./framework/TimersManager/Source/TMR_Adapter.o
LOAD ./framework/TimersManager/Source/TimersManager.o
LOAD ./framework/SerialManager/Source/UART_Adapter/UART_Adapter.o
LOAD ./framework/SerialManager/Source/SPI_Adapter/SPI_Adapter.o
LOAD ./framework/SerialManager/Source/I2C_Adapter/I2C_Adapter.o
LOAD ./framework/SerialManager/Source/SerialManager.o
LOAD ./framework/SecLib/SecLib.o
LOAD ./framework/Reset/Reset.o
LOAD ./framework/RNG/Source/RNG.o
LOAD ./framework/Panic/Source/Panic.o
LOAD ./framework/OSAbstraction/Source/fsl_os_abstraction_free_rtos.o
LOAD ./framework/ModuleInfo/ModuleInfo.o
LOAD ./framework/Messaging/Source/Messaging.o
LOAD ./framework/MemManager/Source/MemManager.o
LOAD ./framework/MWSCoexistence/Source/MWS.o
LOAD ./framework/Lists/GenericList.o
LOAD ./framework/LED/Source/LED.o
LOAD ./framework/Keyboard/Source/Keyboard.o
LOAD ./framework/GPIO/GPIO_Adapter.o
LOAD ./framework/FunctionLib/FunctionLib.o
LOAD ./framework/Flash/Internal/Flash_Adapter.o
LOAD ./framework/DCDC/Source/DCDC.o
LOAD ./drivers/fsl_adc16.o
LOAD ./drivers/fsl_clock.o
LOAD ./drivers/fsl_common.o
LOAD ./drivers/fsl_dspi.o
LOAD ./drivers/fsl_dspi_freertos.o
LOAD ./drivers/fsl_flash.o
LOAD ./drivers/fsl_gpio.o
LOAD ./drivers/fsl_i2c.o
LOAD ./drivers/fsl_i2c_freertos.o
LOAD ./drivers/fsl_llwu.o
LOAD ./drivers/fsl_lptmr.o
LOAD ./drivers/fsl_lpuart.o
LOAD ./drivers/fsl_lpuart_freertos.o
LOAD ./drivers/fsl_ltc.o
LOAD ./drivers/fsl_pmc.o
LOAD ./drivers/fsl_rtc.o
LOAD ./drivers/fsl_smc.o
LOAD ./drivers/fsl_tpm.o
LOAD ./drivers/fsl_trng.o
LOAD ./drivers/fsl_tsi_v4.o
LOAD ./board/board.o
LOAD ./board/clock_config.o
LOAD ./board/gpio_pins.o
LOAD ./board/pin_mux.o
LOAD ./CMSIS/system_MKW41Z4.o
LOAD e:/app/nxp/mcuxpressoide_10.0.2_411/ide/tools/bin/../lib/gcc/arm-none-eabi/5.4.1/../../../../arm-none-eabi/lib/armv6-m\libm.a
LOAD e:/app/nxp/mcuxpressoide_10.0.2_411/ide/tools/bin/../lib/gcc/arm-none-eabi/5.4.1/../../../../arm-none-eabi/lib/armv6-m\libc.a
LOAD e:/app/nxp/mcuxpressoide_10.0.2_411/ide/tools/bin/../lib/gcc/arm-none-eabi/5.4.1/armv6-m\libgcc.a
LOAD e:/app/nxp/mcuxpressoide_10.0.2_411/ide/tools/bin/../lib/gcc/arm-none-eabi/5.4.1/../../../../arm-none-eabi/lib/armv6-m\libnosys.a
LOAD E:\cc\frdmkw41z_wireless_examples_ieee_802_15_4_mwa_coordinator_freertos\libs\lib_crypto_m0.a
LOAD E:\cc\frdmkw41z_wireless_examples_ieee_802_15_4_mwa_coordinator_freertos\libs\lib802.15.4_mac_06_cm0.a
START GROUP
LOAD e:/app/nxp/mcuxpressoide_10.0.2_411/ide/tools/bin/../lib/gcc/arm-none-eabi/5.4.1/armv6-m\libgcc.a
LOAD e:/app/nxp/mcuxpressoide_10.0.2_411/ide/tools/bin/../lib/gcc/arm-none-eabi/5.4.1/../../../../arm-none-eabi/lib/armv6-m\libc.a
END GROUP
LOAD e:/app/nxp/mcuxpressoide_10.0.2_411/ide/tools/bin/../lib/gcc/arm-none-eabi/5.4.1/armv6-m/crtend.o
LOAD e:/app/nxp/mcuxpressoide_10.0.2_411/ide/tools/bin/../lib/gcc/arm-none-eabi/5.4.1/armv6-m/crtn.o
                0x1fff8000                _RAM_START_ = 0x1fff8000
                0x20017fff                _RAM_END_ = 0x20017fff
                0x0007f800                FREESCALE_PROD_DATA_BASE_ADDR = 0x7f800
                0x000000c0                __RAM_VECTOR_TABLE_SIZE = 0xc0
                0x20017dea                __BOOT_STACK_ADDRESS = 0x20017dea
                0x1ffffffb                __dummy_start = 0x1ffffffb

.interrupts     0x00000000       0xc0
                0x00000000                __VECTOR_TABLE = .
                0x00000000                . = ALIGN (0x4)
 *(.isr_vector)
 .isr_vector    0x00000000       0xc0 ./startup/startup_MKW41Z4.o
                0x00000000                __isr_vector
                0x000000c0                . = ALIGN (0x4)

.freescale_prod_data
                0x0007f800        0x0
                0x0007f800                . = ALIGN (0x4)
 *(.FREESCALE_PROD_DATA)
                0x0007f800                . = ALIGN (0x4)

.flash_config   0x00000400       0x10
                0x00000400                . = ALIGN (0x4)
 *(.FlashConfig)
 .FlashConfig   0x00000400       0x10 ./startup/startup_MKW41Z4.o
                0x00000410                . = ALIGN (0x4)

.text           0x00000420    0x1ab10
                0x00000420                . = ALIGN (0x4)
 *(.text)
 .text          0x00000420       0x60 e:/app/nxp/mcuxpressoide_10.0.2_411/ide/tools/bin/../lib/gcc/arm-none-eabi/5.4.1/armv6-m/crtbegin.o
 .text          0x00000480       0x78 e:/app/nxp/mcuxpressoide_10.0.2_411/ide/tools/bin/../lib/gcc/arm-none-eabi/5.4.1/../../../../arm-none-eabi/lib/armv6-m/crt0.o
                0x00000480                _start
                0x00000480                _mainCRTStartup
 .text          0x000004f8       0xc0 ./startup/startup_MKW41Z4.o
                0x000004f8                Reset_Handler
                0x00000540                Radio_0_IRQHandler
                0x00000540                DMA0_DriverIRQHandler
                0x00000540                CMP0_IRQHandler
                0x00000540                DMA2_DriverIRQHandler
                0x00000540                LPTMR0_IRQHandler
                0x00000540                TPM0_IRQHandler
                0x00000540                Radio_1_IRQHandler
                0x00000540                LLWU_IRQHandler
                0x00000540                TSI0_IRQHandler
                0x00000540                ADC0_IRQHandler
                0x00000540                CMT_IRQHandler
                0x00000540                FTFA_IRQHandler
                0x00000540                DefaultISR
                0x00000540                PORTB_PORTC_IRQHandler
                0x00000540                TPM2_IRQHandler
                0x00000540                RTC_IRQHandler
                0x00000540                LVD_LVW_DCDC_IRQHandler
                0x00000540                DMA3_DriverIRQHandler
                0x00000540                RTC_Seconds_IRQHandler
                0x00000540                MCG_IRQHandler
                0x00000540                TRNG0_IRQHandler
                0x00000540                Reserved20_IRQHandler
                0x00000540                LTC0_IRQHandler
                0x00000540                PIT_IRQHandler
                0x00000540                DMA1_DriverIRQHandler
                0x00000540                PORTA_IRQHandler
                0x00000540                TPM1_IRQHandler
                0x00000540                DAC0_IRQHandler
                0x00000548                HardFault_Handler
                0x00000558                DMA0_IRQHandler
                0x0000055c                DMA1_IRQHandler
                0x00000560                DMA2_IRQHandler
                0x00000564                DMA3_IRQHandler
                0x00000568                I2C0_IRQHandler
                0x0000056c                I2C1_IRQHandler
                0x00000570                SPI0_IRQHandler
                0x00000574                LPUART0_IRQHandler
                0x00000578                SPI1_IRQHandler
 .text          0x000005b8      0x114 e:/app/nxp/mcuxpressoide_10.0.2_411/ide/tools/bin/../lib/gcc/arm-none-eabi/5.4.1/armv6-m\libgcc.a(_udivsi3.o)
                0x000005b8                __aeabi_uidiv
                0x000005b8                __udivsi3
                0x000006c4                __aeabi_uidivmod
 .text          0x000006cc      0x1d4 e:/app/nxp/mcuxpressoide_10.0.2_411/ide/tools/bin/../lib/gcc/arm-none-eabi/5.4.1/armv6-m\libgcc.a(_divsi3.o)
                0x000006cc                __divsi3
                0x000006cc                __aeabi_idiv
                0x00000898                __aeabi_idivmod
 .text          0x000008a0        0x4 e:/app/nxp/mcuxpressoide_10.0.2_411/ide/tools/bin/../lib/gcc/arm-none-eabi/5.4.1/armv6-m\libgcc.a(_dvmd_tls.o)
                0x000008a0                __aeabi_idiv0
                0x000008a0                __aeabi_ldiv0
 .text          0x000008a4       0x74 e:/app/nxp/mcuxpressoide_10.0.2_411/ide/tools/bin/../lib/gcc/arm-none-eabi/5.4.1/armv6-m\libgcc.a(_arm_cmpsf2.o)
                0x000008a4                __aeabi_cfrcmple
                0x000008ac                __aeabi_cfcmpeq
                0x000008ac                __aeabi_cfcmple
                0x000008bc                __aeabi_fcmpeq
                0x000008c8                __aeabi_fcmplt
                0x000008dc                __aeabi_fcmple
                0x000008f0                __aeabi_fcmpgt
                0x00000904                __aeabi_fcmpge
 .text          0x00000918       0x40 e:/app/nxp/mcuxpressoide_10.0.2_411/ide/tools/bin/../lib/gcc/arm-none-eabi/5.4.1/armv6-m\libgcc.a(_aeabi_uldivmod.o)
                0x00000918                __aeabi_uldivmod
 .text          0x00000958       0x58 e:/app/nxp/mcuxpressoide_10.0.2_411/ide/tools/bin/../lib/gcc/arm-none-eabi/5.4.1/armv6-m\libgcc.a(_muldi3.o)
                0x00000958                __muldi3
                0x00000958                __aeabi_lmul
 .text          0x000009b0       0x30 e:/app/nxp/mcuxpressoide_10.0.2_411/ide/tools/bin/../lib/gcc/arm-none-eabi/5.4.1/armv6-m\libgcc.a(_fixunssfsi.o)
                0x000009b0                __fixunssfsi
                0x000009b0                __aeabi_f2uiz
 .text          0x000009e0      0x180 e:/app/nxp/mcuxpressoide_10.0.2_411/ide/tools/bin/../lib/gcc/arm-none-eabi/5.4.1/armv6-m\libgcc.a(_udivmoddi4.o)
                0x000009e0                __udivmoddi4
 .text          0x00000b60      0x2ec e:/app/nxp/mcuxpressoide_10.0.2_411/ide/tools/bin/../lib/gcc/arm-none-eabi/5.4.1/armv6-m\libgcc.a(addsf3.o)
                0x00000b60                __aeabi_fadd
 .text          0x00000e4c      0x234 e:/app/nxp/mcuxpressoide_10.0.2_411/ide/tools/bin/../lib/gcc/arm-none-eabi/5.4.1/armv6-m\libgcc.a(divsf3.o)
                0x00000e4c                __aeabi_fdiv
 .text          0x00001080       0x50 e:/app/nxp/mcuxpressoide_10.0.2_411/ide/tools/bin/../lib/gcc/arm-none-eabi/5.4.1/armv6-m\libgcc.a(eqsf2.o)
                0x00001080                __eqsf2
                0x00001080                __nesf2
 .text          0x000010d0       0x88 e:/app/nxp/mcuxpressoide_10.0.2_411/ide/tools/bin/../lib/gcc/arm-none-eabi/5.4.1/armv6-m\libgcc.a(gesf2.o)
                0x000010d0                __gesf2
                0x000010d0                __gtsf2
 .text          0x00001158       0x88 e:/app/nxp/mcuxpressoide_10.0.2_411/ide/tools/bin/../lib/gcc/arm-none-eabi/5.4.1/armv6-m\libgcc.a(lesf2.o)
                0x00001158                __ltsf2
                0x00001158                __lesf2
 .text          0x000011e0      0x228 e:/app/nxp/mcuxpressoide_10.0.2_411/ide/tools/bin/../lib/gcc/arm-none-eabi/5.4.1/armv6-m\libgcc.a(mulsf3.o)
                0x000011e0                __aeabi_fmul
 .text          0x00001408      0x30c e:/app/nxp/mcuxpressoide_10.0.2_411/ide/tools/bin/../lib/gcc/arm-none-eabi/5.4.1/armv6-m\libgcc.a(subsf3.o)
                0x00001408                __aeabi_fsub
 .text          0x00001714       0x44 e:/app/nxp/mcuxpressoide_10.0.2_411/ide/tools/bin/../lib/gcc/arm-none-eabi/5.4.1/armv6-m\libgcc.a(fixsfsi.o)
                0x00001714                __aeabi_f2iz
 .text          0x00001758       0x90 e:/app/nxp/mcuxpressoide_10.0.2_411/ide/tools/bin/../lib/gcc/arm-none-eabi/5.4.1/armv6-m\libgcc.a(floatsisf.o)
                0x00001758                __aeabi_i2f
 .text          0x000017e8       0x7c e:/app/nxp/mcuxpressoide_10.0.2_411/ide/tools/bin/../lib/gcc/arm-none-eabi/5.4.1/armv6-m\libgcc.a(floatunsisf.o)
                0x000017e8                __aeabi_ui2f
 .text          0x00001864       0x3c e:/app/nxp/mcuxpressoide_10.0.2_411/ide/tools/bin/../lib/gcc/arm-none-eabi/5.4.1/armv6-m\libgcc.a(_clzsi2.o)
                0x00001864                __clzsi2
 .text          0x000018a0       0x18 e:/app/nxp/mcuxpressoide_10.0.2_411/ide/tools/bin/../lib/gcc/arm-none-eabi/5.4.1/armv6-m\libgcc.a(_clzdi2.o)
                0x000018a0                __clzdi2
 .text          0x000018b8       0x38 E:\cc\frdmkw41z_wireless_examples_ieee_802_15_4_mwa_coordinator_freertos\libs\lib_crypto_m0.a(SW_RNG.o)
                0x000018b8                SecLib_set_rng_seed
                0x000018c8                SecLib_get_random
 .text          0x000018f0      0x530 E:\cc\frdmkw41z_wireless_examples_ieee_802_15_4_mwa_coordinator_freertos\libs\lib802.15.4_mac_06_cm0.a(MacMain.o)
                0x000018f0                BindToMAC
                0x0000191c                UnBindFromMAC
                0x00001938                MAC_EventSet
                0x00001962                Mac_Task
                0x00001a58                Mac_InitializeData
                0x00001afe                Mac_RegisterSapHandlers
                0x00001b10                PD_MAC_SapHandler
                0x00001b32                PLME_MAC_SapHandler
                0x00001b3a                NWK_MCPS_SapHandler
                0x00001b94                NWK_MLME_SapHandler
                0x00001c3c                Mlme_VerifyNwkInput
                0x00001d48                Mac_GetState
                0x00001db4                Dumy_MCPS_NWK_SapHandler
                0x00001db8                Dumy_MLME_NWK_SapHandler
                0x00001dc2                Mac_SetTrxLowPowerMode
                0x00001df0                Mac_SetTrxActiveMode
 .text          0x00001e20      0xd04 E:\cc\frdmkw41z_wireless_examples_ieee_802_15_4_mwa_coordinator_freertos\libs\lib802.15.4_mac_06_cm0.a(MacPib.o)
                0x00001e20                macInitPIBs
                0x00002130                macVerifySetReq
                0x00002268                mlmeGetSetReq
                0x000026c8                mlmeGetSizeOfPIB
                0x0000282a                Mac_SetPhyPIBs
                0x00002986                Mac_SetExtendedAddress
                0x000029b4                Mac_GetExtendedAddress
 .text          0x00002b24      0x598 E:\cc\frdmkw41z_wireless_examples_ieee_802_15_4_mwa_coordinator_freertos\libs\lib802.15.4_mac_06_cm0.a(MacStateMachine.o)
                0x00002b24                Mac_TransactionExpire
                0x00002b30                Mac_PhyMsgHandler
                0x00002bec                Mac_NwkMsgHandler
                0x00002ca8                Mac_McpsDataReqHandle
 .text          0x000030bc       0xcc E:\cc\frdmkw41z_wireless_examples_ieee_802_15_4_mwa_coordinator_freertos\libs\lib802.15.4_mac_06_cm0.a(Orphan.o)
                0x000030bc                Orphan_VerifyParameters
                0x000030f2                Orphan_InitSeq
                0x00003134                Orphan_SendStatus
 .text          0x00003188      0x258 E:\cc\frdmkw41z_wireless_examples_ieee_802_15_4_mwa_coordinator_freertos\libs\lib802.15.4_mac_06_cm0.a(Poll.o)
                0x00003188                Poll_VerifyParameters
                0x000031c6                Poll_InitSeq
                0x0000320a                Poll_SendStatus
                0x0000324c                Poll_DataRx
                0x00003312                Poll_SendConfirm
                0x00003382                Poll_Timeout
 .text          0x000033e0      0x11a E:\cc\frdmkw41z_wireless_examples_ieee_802_15_4_mwa_coordinator_freertos\libs\lib802.15.4_mac_06_cm0.a(Reset.o)
                0x000033e0                mlmeResetReq
 *fill*         0x000034fa        0x2 
 .text          0x000034fc       0xe0 E:\cc\frdmkw41z_wireless_examples_ieee_802_15_4_mwa_coordinator_freertos\libs\lib802.15.4_mac_06_cm0.a(RxEnable.o)
                0x000034fc                RxEnable_InitSeq
                0x00003558                RxEnable_SetRx
                0x0000359a                RxEnable_Deactivate
 .text          0x000035dc      0x644 E:\cc\frdmkw41z_wireless_examples_ieee_802_15_4_mwa_coordinator_freertos\libs\lib802.15.4_mac_06_cm0.a(Scan.o)
                0x000035dc                Mac_ScanMsgHandler
                0x0000366a                Scan_StartFastEDScan
                0x0000369c                Scan_StartEDScan
                0x00003714                Scan_StartActivePassiveScan
                0x00003766                Scan_StartOrphanScan
                0x00003794                Scan_Advance
                0x000037b6                Scan_StartTimer
                0x000037da                Scan_FastEdAcquire
                0x00003822                Scan_EdAcquire
                0x00003870                Scan_ActivePassiveAcquire
                0x000039ac                Scan_OrphanAcquire
 .text          0x00003c20      0x1b0 E:\cc\frdmkw41z_wireless_examples_ieee_802_15_4_mwa_coordinator_freertos\libs\lib802.15.4_mac_06_cm0.a(Start.o)
                0x00003c20                Start_VerifyParameters
                0x00003ce0                Start_InitSeq
                0x00003d26                Start_SetPIBs
                0x00003d80                CoordRealignment_SendStatus
                0x00003da8                Start_SeqTerminate
 .text          0x00003dd0      0x370 E:\cc\frdmkw41z_wireless_examples_ieee_802_15_4_mwa_coordinator_freertos\libs\lib802.15.4_mac_06_cm0.a(Association.o)
                0x00003dd0                Association_VerifyParameters
                0x00003e1e                Association_InitSeq
                0x00003e82                Association_TriggerPoll
                0x00003e96                AssociationPoll_SendStatus
                0x00003efc                AssociationPoll_DataRx
                0x00003ffc                AssociationReq_SendStatus
                0x000040b8                AssociationRes_VerifyParameters
                0x000040ec                AssociationRes_SendStatus
 .text          0x00004140      0x6e8 E:\cc\frdmkw41z_wireless_examples_ieee_802_15_4_mwa_coordinator_freertos\libs\lib802.15.4_mac_06_cm0.a(DataRx.o)
                0x00004140                Mac_PreProcessDataIndication
                0x000041d0                Mac_ProcessDataIndication
                0x000043e2                Mac_ProcessBeaconFrame
                0x00004582                Mac_CreateMcpsDataInd
                0x00004636                Mac_CreateMlmeCommStatusInd
                0x000046d0                Mac_CreateMlmeSyncLossInd
                0x0000472a                Mac_IsPanIdConflict
                0x00004786                Mac_IsMyCoordinator
                0x000047d4                Mac_PostponeActiveSeq
 .text          0x00004828      0x5ac E:\cc\frdmkw41z_wireless_examples_ieee_802_15_4_mwa_coordinator_freertos\libs\lib802.15.4_mac_06_cm0.a(DataTx.o)
                0x00004828                DataTx_VerifyParameters
                0x0000489c                DataTx_InitSeq
                0x00004a62                DataTx_SendData
                0x00004a98                DataTx_SendDataConfirm
                0x00004b2e                DataTx_SendEmptyFrame
                0x00004b68                DataTx_SendStatus
                0x00004c8a                DataTx_CheckForExpirePackets
                0x00004d18                Mac_GetRandomBackoff
                0x00004d3a                DataTx_CsmaCaRetry
                0x00004d62                DataTx_Backoff
                0x00004d74                DataTx_SendDataWithBackoff
                0x00004dc8                Mac_InitCsmaCaVariables
 .text          0x00004dd4      0x108 E:\cc\frdmkw41z_wireless_examples_ieee_802_15_4_mwa_coordinator_freertos\libs\lib802.15.4_mac_06_cm0.a(Disassociation.o)
                0x00004dd4                Disassociation_VerifyParameters
                0x00004e5c                Disassociation_InitSeq
                0x00004e9e                Disassociation_SendStatus
 .text          0x00004edc      0xca8 E:\cc\frdmkw41z_wireless_examples_ieee_802_15_4_mwa_coordinator_freertos\libs\lib802.15.4_mac_06_cm0.a(MacFrames.o)
                0x00004edc                FrameBuild_AssociationRequest
                0x00004f3e                FrameBuild_AssociationResponse
                0x00004fb8                FrameBuild_DisassociationNotification
                0x00005022                FrameBuild_DataRequest
                0x000050d8                FrameBuild_PanIdConflictNotification
                0x00005110                FrameBuild_OrphanNotification
                0x00005142                FrameBuild_BeaconRequest
                0x00005180                FrameBuild_CoordinatorRealignment
                0x000052b0                FrameBuild_Beacon
                0x00005478                FrameBuild_Data
                0x000056f8                FrameBuild_ZeroLengthPayload
                0x000057c0                Mac_GetMacHeader
                0x000058b0                Mac_GetMaxMsduLength
                0x000058e0                Mac_GetOverheadSize
                0x00005930                FrameBuild_Command
                0x00005b80                addrModeFieldLengthTable
 .text          0x00005b84       0x4c E:\cc\frdmkw41z_wireless_examples_ieee_802_15_4_mwa_coordinator_freertos\libs\lib802.15.4_mac_06_cm0.a(MacMem.o)
                0x00005b84                Mac_MemAllocZero
                0x00005ba4                FrameAlloc
 .text          0x00005bd0      0xa58 E:\cc\frdmkw41z_wireless_examples_ieee_802_15_4_mwa_coordinator_freertos\libs\lib802.15.4_mac_06_cm0.a(MacSec.o)
                0x00005c08                Sec_DetermineASHLength
                0x00005c3c                keyIdModeToAshLengthTable
                0x00006124                Sec_CheckBeaconSecurityParameters
                0x000061e4                Sec_SecureTxFrame
                0x000062ca                Sec_CreateAuxSecHeader
                0x00006350                Sec_UnsecureRxFrame
 .text          0x00006628       0xfa E:\cc\frdmkw41z_wireless_examples_ieee_802_15_4_mwa_coordinator_freertos\libs\lib802.15.4_mac_06_cm0.a(MacSequenceMngr.o)
                0x00006628                getFirstSequenceByChecksum
                0x00006642                getLastSequenceByChecksum
                0x00006662                getSequenceByDestination
                0x0000668e                getSequenceByMsduHandle
                0x000066ae                createNewSeq
                0x000066c4                getChecksum
                0x000066f0                getFreeIndex
 .text          0x00006722       0x68 E:\cc\frdmkw41z_wireless_examples_ieee_802_15_4_mwa_coordinator_freertos\libs\lib802.15.4_mac_06_cm0.a(SecurityLib.o)
                0x00006722                AES_128_CCM_Star
 *fill*         0x0000678a        0x2 
 .text          0x0000678c       0x88 e:/app/nxp/mcuxpressoide_10.0.2_411/ide/tools/bin/../lib/gcc/arm-none-eabi/5.4.1/armv6-m\libgcc.a(unaligned-funcs.o)
                0x0000678c                __aeabi_uread4
                0x000067ac                __aeabi_uwrite4
                0x000067bc                __aeabi_uread8
                0x000067f4                __aeabi_uwrite8
 *(.text*)
 .text.DbgConsole_Printf
                0x00006814       0x44 ./utilities/fsl_debug_console.o
                0x00006814                DbgConsole_Printf
 .text.DbgConsole_Putchar
                0x00006858       0x34 ./utilities/fsl_debug_console.o
                0x00006858                DbgConsole_Putchar
 .text.DbgConsole_PrintfPaddingCharacter
                0x0000688c       0x48 ./utilities/fsl_debug_console.o
 .text.DbgConsole_ConvertRadixNumToString
                0x000068d4      0x114 ./utilities/fsl_debug_console.o
 .text.DbgConsole_PrintfFormattedData
                0x000069e8      0x334 ./utilities/fsl_debug_console.o
 .text.main_task
                0x00006d1c       0x78 ./source/mwa_coordinator.o
                0x00006d1c                main_task
 .text.App_init
                0x00006d94       0xb8 ./source/mwa_coordinator.o
                0x00006d94                App_init
 .text.AppThread
                0x00006e4c      0x31c ./source/mwa_coordinator.o
                0x00006e4c                AppThread
 .text.UartRxCallBack
                0x00007168       0x64 ./source/mwa_coordinator.o
 .text.App_StartScan
                0x000071cc       0xc8 ./source/mwa_coordinator.o
 .text.App_HandleScanEdConfirm
                0x00007294      0x154 ./source/mwa_coordinator.o
 .text.App_StartCoordinator
                0x000073e8      0x164 ./source/mwa_coordinator.o
 .text.App_SendAssociateResponse
                0x0000754c      0x100 ./source/mwa_coordinator.o
 .text.App_HandleMlmeInput
                0x0000764c       0x6c ./source/mwa_coordinator.o
 .text.App_HandleMcpsInput
                0x000076b8       0x5c ./source/mwa_coordinator.o
 .text.App_WaitMsg
                0x00007714       0x34 ./source/mwa_coordinator.o
 .text.App_TransmitUartData
                0x00007748      0x1a4 ./source/mwa_coordinator.o
 .text.App_HandleKeys
                0x000078ec       0x40 ./source/mwa_coordinator.o
 .text.MLME_NWK_SapHandler
                0x0000792c       0x34 ./source/mwa_coordinator.o
                0x0000792c                MLME_NWK_SapHandler
 .text.MCPS_NWK_SapHandler
                0x00007960       0x34 ./source/mwa_coordinator.o
                0x00007960                MCPS_NWK_SapHandler
 .text.MPM_AcquirePAN
                0x00007994       0x14 ./ieee_802.15.4/phy/source/MKW41Z/MPM.o
                0x00007994                MPM_AcquirePAN
 .text.MPM_ReleasePAN
                0x000079a8       0x14 ./ieee_802.15.4/phy/source/MKW41Z/MPM.o
                0x000079a8                MPM_ReleasePAN
 .text.NVIC_EnableIRQ
                0x000079bc       0x2c ./ieee_802.15.4/phy/source/MKW41Z/PhyISR.o
 .text.NVIC_ClearPendingIRQ
                0x000079e8       0x30 ./ieee_802.15.4/phy/source/MKW41Z/PhyISR.o
 .text.NVIC_SetPriority
                0x00007a18       0xdc ./ieee_802.15.4/phy/source/MKW41Z/PhyISR.o
 .text.ProtectFromXcvrInterrupt
                0x00007af4       0x3c ./ieee_802.15.4/phy/source/MKW41Z/PhyISR.o
                0x00007af4                ProtectFromXcvrInterrupt
 .text.UnprotectFromXcvrInterrupt
                0x00007b30       0x44 ./ieee_802.15.4/phy/source/MKW41Z/PhyISR.o
                0x00007b30                UnprotectFromXcvrInterrupt
 .text.PhyIsrPassRxParams
                0x00007b74       0x1c ./ieee_802.15.4/phy/source/MKW41Z/PhyISR.o
                0x00007b74                PhyIsrPassRxParams
 .text.PhyIsrSeqCleanup
                0x00007b90       0x5c ./ieee_802.15.4/phy/source/MKW41Z/PhyISR.o
 .text.PhyIsrTimeoutCleanup
                0x00007bec       0x60 ./ieee_802.15.4/phy/source/MKW41Z/PhyISR.o
 .text.Phy_GetEnergyLevel
                0x00007c4c       0x58 ./ieee_802.15.4/phy/source/MKW41Z/PhyISR.o
                0x00007c4c                Phy_GetEnergyLevel
 .text.PHY_InterruptHandler
                0x00007ca4      0x340 ./ieee_802.15.4/phy/source/MKW41Z/PhyISR.o
                0x00007ca4                PHY_InterruptHandler
 .text.PHY_InstallIsr
                0x00007fe4       0x30 ./ieee_802.15.4/phy/source/MKW41Z/PhyISR.o
                0x00007fe4                PHY_InstallIsr
 .text.Phy_GetRxParams
                0x00008014       0x74 ./ieee_802.15.4/phy/source/MKW41Z/PhyISR.o
 .text.Phy_LqiConvert
                0x00008088       0x48 ./ieee_802.15.4/phy/source/MKW41Z/PhyISR.o
 .text.PhyHwInit
                0x000080d0      0x14c ./ieee_802.15.4/phy/source/MKW41Z/PhyPacketProcessor.o
                0x000080d0                PhyHwInit
 .text.PhyAbort
                0x0000821c       0xac ./ieee_802.15.4/phy/source/MKW41Z/PhyPacketProcessor.o
                0x0000821c                PhyAbort
 .text.PhyPpGetState
                0x000082c8       0x1c ./ieee_802.15.4/phy/source/MKW41Z/PhyPacketProcessor.o
                0x000082c8                PhyPpGetState
 .text.PhyPpSetPanId
                0x000082e4       0x6c ./ieee_802.15.4/phy/source/MKW41Z/PhyPacketProcessor.o
                0x000082e4                PhyPpSetPanId
 .text.PhyPpSetShortAddr
                0x00008350       0x70 ./ieee_802.15.4/phy/source/MKW41Z/PhyPacketProcessor.o
                0x00008350                PhyPpSetShortAddr
 .text.PhyPpSetLongAddr
                0x000083c0       0x60 ./ieee_802.15.4/phy/source/MKW41Z/PhyPacketProcessor.o
                0x000083c0                PhyPpSetLongAddr
 .text.PhyPpSetMacRole
                0x00008420       0x90 ./ieee_802.15.4/phy/source/MKW41Z/PhyPacketProcessor.o
                0x00008420                PhyPpSetMacRole
 .text.PhyPpSetPromiscuous
                0x000084b0       0x70 ./ieee_802.15.4/phy/source/MKW41Z/PhyPacketProcessor.o
                0x000084b0                PhyPpSetPromiscuous
 .text.PhyPp_IndirectQueueInsert
                0x00008520       0x74 ./ieee_802.15.4/phy/source/MKW41Z/PhyPacketProcessor.o
                0x00008520                PhyPp_IndirectQueueInsert
 .text.PhyPp_RemoveFromIndirect
                0x00008594       0x64 ./ieee_802.15.4/phy/source/MKW41Z/PhyPacketProcessor.o
                0x00008594                PhyPp_RemoveFromIndirect
 .text.PhyPpIsTxAckDataPending
                0x000085f8       0x4c ./ieee_802.15.4/phy/source/MKW41Z/PhyPacketProcessor.o
                0x000085f8                PhyPpIsTxAckDataPending
 .text.PhyPlmeSetPwrState
                0x00008644      0x128 ./ieee_802.15.4/phy/source/MKW41Z/PhyPacketProcessor.o
                0x00008644                PhyPlmeSetPwrState
 .text.PhyPdDataRequest
                0x0000876c      0x194 ./ieee_802.15.4/phy/source/MKW41Z/PhyPlmeData.o
                0x0000876c                PhyPdDataRequest
 .text.PhyPlmeRxRequest
                0x00008900      0x170 ./ieee_802.15.4/phy/source/MKW41Z/PhyPlmeData.o
                0x00008900                PhyPlmeRxRequest
 .text.PhyPlmeCcaEdRequest
                0x00008a70      0x11c ./ieee_802.15.4/phy/source/MKW41Z/PhyPlmeData.o
                0x00008a70                PhyPlmeCcaEdRequest
 .text.PhyPlmeSetCurrentChannelRequest
                0x00008b8c       0x8c ./ieee_802.15.4/phy/source/MKW41Z/PhyPlmeData.o
                0x00008b8c                PhyPlmeSetCurrentChannelRequest
 .text.PhyPlmeGetCurrentChannelRequest
                0x00008c18       0x3c ./ieee_802.15.4/phy/source/MKW41Z/PhyPlmeData.o
                0x00008c18                PhyPlmeGetCurrentChannelRequest
 .text.PhyPlmeSetPwrLevelRequest
                0x00008c54       0x7c ./ieee_802.15.4/phy/source/MKW41Z/PhyPlmeData.o
                0x00008c54                PhyPlmeSetPwrLevelRequest
 .text.PhyPlmeGetPwrLevelRequest
                0x00008cd0       0x34 ./ieee_802.15.4/phy/source/MKW41Z/PhyPlmeData.o
                0x00008cd0                PhyPlmeGetPwrLevelRequest
 .text.PhyPlmeSetPIBRequest
                0x00008d04      0x1c8 ./ieee_802.15.4/phy/source/MKW41Z/PhyPlmeData.o
                0x00008d04                PhyPlmeSetPIBRequest
 .text.PhyPlmeGetPIBRequest
                0x00008ecc      0x3c4 ./ieee_802.15.4/phy/source/MKW41Z/PhyPlmeData.o
                0x00008ecc                PhyPlmeGetPIBRequest
 .text.PhyRxRetry
                0x00009290       0x74 ./ieee_802.15.4/phy/source/MKW41Z/PhyPlmeData.o
 .text.Phy_Init
                0x00009304       0x40 ./ieee_802.15.4/phy/source/MKW41Z/PhyStateMachine.o
                0x00009304                Phy_Init
 .text.BindToPHY
                0x00009344       0x14 ./ieee_802.15.4/phy/source/MKW41Z/PhyStateMachine.o
                0x00009344                BindToPHY
 .text.Phy_RegisterSapHandlers
                0x00009358       0x24 ./ieee_802.15.4/phy/source/MKW41Z/PhyStateMachine.o
                0x00009358                Phy_RegisterSapHandlers
 .text.Phy24Task
                0x0000937c      0x174 ./ieee_802.15.4/phy/source/MKW41Z/PhyStateMachine.o
 .text.MAC_PD_SapHandler
                0x000094f0       0xb8 ./ieee_802.15.4/phy/source/MKW41Z/PhyStateMachine.o
                0x000094f0                MAC_PD_SapHandler
 .text.MAC_PLME_SapHandler
                0x000095a8      0x1a4 ./ieee_802.15.4/phy/source/MKW41Z/PhyStateMachine.o
                0x000095a8                MAC_PLME_SapHandler
 .text.Phy_HandlePdDataReq
                0x0000974c      0x180 ./ieee_802.15.4/phy/source/MKW41Z/PhyStateMachine.o
 .text.Phy_SetSequenceTiming
                0x000098cc       0xa4 ./ieee_802.15.4/phy/source/MKW41Z/PhyStateMachine.o
                0x000098cc                Phy_SetSequenceTiming
 .text.Phy_EnterIdle
                0x00009970       0x8c ./ieee_802.15.4/phy/source/MKW41Z/PhyStateMachine.o
 .text.PhyPlmeSetFrameWaitTime
                0x000099fc       0x1c ./ieee_802.15.4/phy/source/MKW41Z/PhyStateMachine.o
                0x000099fc                PhyPlmeSetFrameWaitTime
 .text.PhyPlmeSetRxOnWhenIdle
                0x00009a18       0x88 ./ieee_802.15.4/phy/source/MKW41Z/PhyStateMachine.o
                0x00009a18                PhyPlmeSetRxOnWhenIdle
 .text.PhyIsIdleRx
                0x00009aa0       0x50 ./ieee_802.15.4/phy/source/MKW41Z/PhyStateMachine.o
                0x00009aa0                PhyIsIdleRx
 .text.Radio_Phy_PdDataConfirm
                0x00009af0       0x98 ./ieee_802.15.4/phy/source/MKW41Z/PhyStateMachine.o
                0x00009af0                Radio_Phy_PdDataConfirm
 .text.Radio_Phy_PdDataIndication
                0x00009b88       0x24 ./ieee_802.15.4/phy/source/MKW41Z/PhyStateMachine.o
                0x00009b88                Radio_Phy_PdDataIndication
 .text.Radio_Phy_TimeWaitTimeoutIndication
                0x00009bac       0x14 ./ieee_802.15.4/phy/source/MKW41Z/PhyStateMachine.o
                0x00009bac                Radio_Phy_TimeWaitTimeoutIndication
 .text.Radio_Phy_PlmeCcaConfirm
                0x00009bc0       0x34 ./ieee_802.15.4/phy/source/MKW41Z/PhyStateMachine.o
                0x00009bc0                Radio_Phy_PlmeCcaConfirm
 .text.Radio_Phy_PlmeEdConfirm
                0x00009bf4       0x34 ./ieee_802.15.4/phy/source/MKW41Z/PhyStateMachine.o
                0x00009bf4                Radio_Phy_PlmeEdConfirm
 .text.Radio_Phy_TimeRxTimeoutIndication
                0x00009c28       0x30 ./ieee_802.15.4/phy/source/MKW41Z/PhyStateMachine.o
                0x00009c28                Radio_Phy_TimeRxTimeoutIndication
 .text.Radio_Phy_TimeStartEventIndication
                0x00009c58       0x10 ./ieee_802.15.4/phy/source/MKW41Z/PhyStateMachine.o
                0x00009c58                Radio_Phy_TimeStartEventIndication
 .text.Radio_Phy_PlmeRxWatermark
                0x00009c68       0xb8 ./ieee_802.15.4/phy/source/MKW41Z/PhyStateMachine.o
                0x00009c68                Radio_Phy_PlmeRxWatermark
 .text.Radio_Phy_PlmeSyncLossIndication
                0x00009d20       0x1c ./ieee_802.15.4/phy/source/MKW41Z/PhyStateMachine.o
                0x00009d20                Radio_Phy_PlmeSyncLossIndication
 .text.Radio_Phy_PlmeFilterFailRx
                0x00009d3c       0x10 ./ieee_802.15.4/phy/source/MKW41Z/PhyStateMachine.o
                0x00009d3c                Radio_Phy_PlmeFilterFailRx
 .text.PLME_SendMessage
                0x00009d4c       0xcc ./ieee_802.15.4/phy/source/MKW41Z/PhyStateMachine.o
 .text.PD_SendMessage
                0x00009e18      0x1d4 ./ieee_802.15.4/phy/source/MKW41Z/PhyStateMachine.o
 .text.Phy_SendLatePLME
                0x00009fec       0x24 ./ieee_802.15.4/phy/source/MKW41Z/PhyStateMachine.o
 .text.Phy_SendLatePD
                0x0000a010       0x24 ./ieee_802.15.4/phy/source/MKW41Z/PhyStateMachine.o
 .text.Radio_Phy_Notify
                0x0000a034       0x18 ./ieee_802.15.4/phy/source/MKW41Z/PhyStateMachine.o
                0x0000a034                Radio_Phy_Notify
 .text.PhyTimeSetEventTrigger
                0x0000a04c       0x68 ./ieee_802.15.4/phy/source/MKW41Z/PhyTime.o
                0x0000a04c                PhyTimeSetEventTrigger
 .text.PhyTimeDisableEventTrigger
                0x0000a0b4       0x5c ./ieee_802.15.4/phy/source/MKW41Z/PhyTime.o
                0x0000a0b4                PhyTimeDisableEventTrigger
 .text.PhyTimeSetEventTimeout
                0x0000a110       0x74 ./ieee_802.15.4/phy/source/MKW41Z/PhyTime.o
                0x0000a110                PhyTimeSetEventTimeout
 .text.PhyTimeGetEventTimeout
                0x0000a184       0x20 ./ieee_802.15.4/phy/source/MKW41Z/PhyTime.o
                0x0000a184                PhyTimeGetEventTimeout
 .text.PhyTimeDisableEventTimeout
                0x0000a1a4       0x60 ./ieee_802.15.4/phy/source/MKW41Z/PhyTime.o
                0x0000a1a4                PhyTimeDisableEventTimeout
 .text.PhyTimeReadClock
                0x0000a204       0x28 ./ieee_802.15.4/phy/source/MKW41Z/PhyTime.o
                0x0000a204                PhyTimeReadClock
 .text.PhyTimeSetWaitTimeout
                0x0000a22c       0x68 ./ieee_802.15.4/phy/source/MKW41Z/PhyTime.o
                0x0000a22c                PhyTimeSetWaitTimeout
 .text.PhyTimeDisableWaitTimeout
                0x0000a294       0x50 ./ieee_802.15.4/phy/source/MKW41Z/PhyTime.o
                0x0000a294                PhyTimeDisableWaitTimeout
 .text.PhyTime_ISR
                0x0000a2e4       0x54 ./ieee_802.15.4/phy/source/MKW41Z/PhyTime.o
                0x0000a2e4                PhyTime_ISR
 .text.PhyTime_TimerInit
                0x0000a338       0x90 ./ieee_802.15.4/phy/source/MKW41Z/PhyTime.o
                0x0000a338                PhyTime_TimerInit
 .text.PhyTime_GetTimestamp
                0x0000a3c8       0x80 ./ieee_802.15.4/phy/source/MKW41Z/PhyTime.o
                0x0000a3c8                PhyTime_GetTimestamp
 .text.PhyTime_ScheduleEvent
                0x0000a448       0xec ./ieee_802.15.4/phy/source/MKW41Z/PhyTime.o
                0x0000a448                PhyTime_ScheduleEvent
 .text.PhyTime_CancelEvent
                0x0000a534       0xa4 ./ieee_802.15.4/phy/source/MKW41Z/PhyTime.o
                0x0000a534                PhyTime_CancelEvent
 .text.PhyTime_CancelEventsWithParam
                0x0000a5d8       0xac ./ieee_802.15.4/phy/source/MKW41Z/PhyTime.o
                0x0000a5d8                PhyTime_CancelEventsWithParam
 .text.PhyTime_RunCallback
                0x0000a684       0x64 ./ieee_802.15.4/phy/source/MKW41Z/PhyTime.o
                0x0000a684                PhyTime_RunCallback
 .text.PhyTime_Maintenance
                0x0000a6e8       0x74 ./ieee_802.15.4/phy/source/MKW41Z/PhyTime.o
                0x0000a6e8                PhyTime_Maintenance
 .text.PhyTime_OverflowCB
                0x0000a75c       0x50 ./ieee_802.15.4/phy/source/MKW41Z/PhyTime.o
 .text.PhyTime_GetNextEvent
                0x0000a7ac       0x74 ./ieee_802.15.4/phy/source/MKW41Z/PhyTime.o
 .text.MAC_Monitor
                0x0000a820       0x24 ./ieee_802.15.4/mac/source/App/FsciMacCommands.o
                0x0000a820                MAC_Monitor
 .text.MAC_Init
                0x0000a844       0x68 ./ieee_802.15.4/mac/source/App/MacGlobals.o
                0x0000a844                MAC_Init
 .text.xEventGroupCreate
                0x0000a8ac       0x30 ./freertos/event_groups.o
                0x0000a8ac                xEventGroupCreate
 .text.xEventGroupWaitBits
                0x0000a8dc      0x148 ./freertos/event_groups.o
                0x0000a8dc                xEventGroupWaitBits
 .text.xEventGroupSetBits
                0x0000aa24       0xf4 ./freertos/event_groups.o
                0x0000aa24                xEventGroupSetBits
 .text.vEventGroupSetBitsCallback
                0x0000ab18       0x20 ./freertos/event_groups.o
                0x0000ab18                vEventGroupSetBitsCallback
 .text.prvTestWaitCondition
                0x0000ab38       0x40 ./freertos/event_groups.o
 .text.xEventGroupSetBitsFromISR
                0x0000ab78       0x2c ./freertos/event_groups.o
                0x0000ab78                xEventGroupSetBitsFromISR
 .text.prvSetupTimerInterrupt
                0x0000aba4       0x3c ./freertos/fsl_tickless_lptmr.o
                0x0000aba4                prvSetupTimerInterrupt
 .text.pvPortMalloc
                0x0000abe0      0x14c ./freertos/heap_4.o
                0x0000abe0                pvPortMalloc
 .text.vPortFree
                0x0000ad2c       0x90 ./freertos/heap_4.o
                0x0000ad2c                vPortFree
 .text.prvHeapInit
                0x0000adbc       0xc0 ./freertos/heap_4.o
 .text.prvInsertBlockIntoFreeList
                0x0000ae7c       0xb0 ./freertos/heap_4.o
 .text.vListInitialise
                0x0000af2c       0x3c ./freertos/list.o
                0x0000af2c                vListInitialise
 .text.vListInitialiseItem
                0x0000af68       0x18 ./freertos/list.o
                0x0000af68                vListInitialiseItem
 .text.vListInsertEnd
                0x0000af80       0x44 ./freertos/list.o
                0x0000af80                vListInsertEnd
 .text.vListInsert
                0x0000afc4       0x6c ./freertos/list.o
                0x0000afc4                vListInsert
 .text.uxListRemove
                0x0000b030       0x50 ./freertos/list.o
                0x0000b030                uxListRemove
 .text.pxPortInitialiseStack
                0x0000b080       0x54 ./freertos/port.o
                0x0000b080                pxPortInitialiseStack
 .text.prvTaskExitError
                0x0000b0d4       0x18 ./freertos/port.o
 .text.SVC_Handler
                0x0000b0ec        0xc ./freertos/port.o
                0x0000b0ec                SVC_Handler
 *fill*         0x0000b0f8        0x8 
 .text.vPortStartFirstTask
                0x0000b100       0x38 ./freertos/port.o
 .text.xPortStartScheduler
                0x0000b138       0x44 ./freertos/port.o
                0x0000b138                xPortStartScheduler
 .text.vPortYield
                0x0000b17c       0x20 ./freertos/port.o
                0x0000b17c                vPortYield
 .text.vPortEnterCritical
                0x0000b19c       0x24 ./freertos/port.o
                0x0000b19c                vPortEnterCritical
 .text.vPortExitCritical
                0x0000b1c0       0x30 ./freertos/port.o
                0x0000b1c0                vPortExitCritical
 .text.ulSetInterruptMaskFromISR
                0x0000b1f0        0xc ./freertos/port.o
                0x0000b1f0                ulSetInterruptMaskFromISR
 .text.vClearInterruptMaskFromISR
                0x0000b1fc        0x8 ./freertos/port.o
                0x0000b1fc                vClearInterruptMaskFromISR
 *fill*         0x0000b204        0xc 
 .text.PendSV_Handler
                0x0000b210       0x48 ./freertos/port.o
                0x0000b210                PendSV_Handler
 .text.SysTick_Handler
                0x0000b258       0x34 ./freertos/port.o
                0x0000b258                SysTick_Handler
 .text.xQueueGenericReset
                0x0000b28c       0xa8 ./freertos/queue.o
                0x0000b28c                xQueueGenericReset
 .text.xQueueGenericCreate
                0x0000b334       0x64 ./freertos/queue.o
                0x0000b334                xQueueGenericCreate
 .text.prvInitialiseNewQueue
                0x0000b398       0x50 ./freertos/queue.o
 .text.prvInitialiseMutex
                0x0000b3e8       0x34 ./freertos/queue.o
 .text.xQueueCreateMutex
                0x0000b41c       0x38 ./freertos/queue.o
                0x0000b41c                xQueueCreateMutex
 .text.xQueueGetMutexHolder
                0x0000b454       0x30 ./freertos/queue.o
                0x0000b454                xQueueGetMutexHolder
 .text.xQueueCreateCountingSemaphore
                0x0000b484       0x48 ./freertos/queue.o
                0x0000b484                xQueueCreateCountingSemaphore
 .text.xQueueGenericSend
                0x0000b4cc      0x188 ./freertos/queue.o
                0x0000b4cc                xQueueGenericSend
 .text.xQueueGenericSendFromISR
                0x0000b654       0xe4 ./freertos/queue.o
                0x0000b654                xQueueGenericSendFromISR
 .text.xQueueGiveFromISR
                0x0000b738       0xcc ./freertos/queue.o
                0x0000b738                xQueueGiveFromISR
 .text.xQueueGenericReceive
                0x0000b804      0x1c8 ./freertos/queue.o
                0x0000b804                xQueueGenericReceive
 .text.prvCopyDataToQueue
                0x0000b9cc       0xd8 ./freertos/queue.o
 .text.prvCopyDataFromQueue
                0x0000baa4       0x4c ./freertos/queue.o
 .text.prvUnlockQueue
                0x0000baf0       0xc0 ./freertos/queue.o
 .text.prvIsQueueEmpty
                0x0000bbb0       0x2c ./freertos/queue.o
 .text.prvIsQueueFull
                0x0000bbdc       0x30 ./freertos/queue.o
 .text.vQueueAddToRegistry
                0x0000bc0c       0x50 ./freertos/queue.o
                0x0000bc0c                vQueueAddToRegistry
 .text.vQueueWaitForMessageRestricted
                0x0000bc5c       0x68 ./freertos/queue.o
                0x0000bc5c                vQueueWaitForMessageRestricted
 .text.xTaskCreate
                0x0000bcc4       0x90 ./freertos/tasks.o
                0x0000bcc4                xTaskCreate
 .text.prvInitialiseNewTask
                0x0000bd54      0x12c ./freertos/tasks.o
 .text.prvAddNewTaskToReadyList
                0x0000be80       0xd0 ./freertos/tasks.o
 .text.vTaskStartScheduler
                0x0000bf50       0x78 ./freertos/tasks.o
                0x0000bf50                vTaskStartScheduler
 .text.vTaskSuspendAll
                0x0000bfc8       0x18 ./freertos/tasks.o
                0x0000bfc8                vTaskSuspendAll
 .text.xTaskResumeAll
                0x0000bfe0      0x118 ./freertos/tasks.o
                0x0000bfe0                xTaskResumeAll
 .text.xTaskGetTickCount
                0x0000c0f8       0x1c ./freertos/tasks.o
                0x0000c0f8                xTaskGetTickCount
 .text.xTaskIncrementTick
                0x0000c114      0x14c ./freertos/tasks.o
                0x0000c114                xTaskIncrementTick
 .text.vTaskSwitchContext
                0x0000c260       0xa4 ./freertos/tasks.o
                0x0000c260                vTaskSwitchContext
 .text.vTaskPlaceOnEventList
                0x0000c304       0x3c ./freertos/tasks.o
                0x0000c304                vTaskPlaceOnEventList
 .text.vTaskPlaceOnUnorderedEventList
                0x0000c340       0x5c ./freertos/tasks.o
                0x0000c340                vTaskPlaceOnUnorderedEventList
 .text.vTaskPlaceOnEventListRestricted
                0x0000c39c       0x4c ./freertos/tasks.o
                0x0000c39c                vTaskPlaceOnEventListRestricted
 .text.xTaskRemoveFromEventList
                0x0000c3e8       0xb8 ./freertos/tasks.o
                0x0000c3e8                xTaskRemoveFromEventList
 .text.xTaskRemoveFromUnorderedEventList
                0x0000c4a0       0xb0 ./freertos/tasks.o
                0x0000c4a0                xTaskRemoveFromUnorderedEventList
 .text.vTaskSetTimeOutState
                0x0000c550       0x34 ./freertos/tasks.o
                0x0000c550                vTaskSetTimeOutState
 .text.xTaskCheckForTimeOut
                0x0000c584       0x9c ./freertos/tasks.o
                0x0000c584                xTaskCheckForTimeOut
 .text.vTaskMissedYield
                0x0000c620       0x14 ./freertos/tasks.o
                0x0000c620                vTaskMissedYield
 .text.prvIdleTask
                0x0000c634       0x20 ./freertos/tasks.o
 .text.prvInitialiseTaskLists
                0x0000c654       0x88 ./freertos/tasks.o
 .text.prvCheckTasksWaitingTermination
                0x0000c6dc       0x74 ./freertos/tasks.o
 .text.prvDeleteTCB
                0x0000c750       0x24 ./freertos/tasks.o
 .text.prvResetNextTaskUnblockTime
                0x0000c774       0x48 ./freertos/tasks.o
 .text.xTaskGetCurrentTaskHandle
                0x0000c7bc       0x1c ./freertos/tasks.o
                0x0000c7bc                xTaskGetCurrentTaskHandle
 .text.xTaskGetSchedulerState
                0x0000c7d8       0x38 ./freertos/tasks.o
                0x0000c7d8                xTaskGetSchedulerState
 .text.vTaskPriorityInherit
                0x0000c810       0xbc ./freertos/tasks.o
                0x0000c810                vTaskPriorityInherit
 .text.xTaskPriorityDisinherit
                0x0000c8cc       0xb8 ./freertos/tasks.o
                0x0000c8cc                xTaskPriorityDisinherit
 .text.uxTaskResetEventItemValue
                0x0000c984       0x2c ./freertos/tasks.o
                0x0000c984                uxTaskResetEventItemValue
 .text.pvTaskIncrementMutexHeldCount
                0x0000c9b0       0x24 ./freertos/tasks.o
                0x0000c9b0                pvTaskIncrementMutexHeldCount
 .text.prvAddCurrentTaskToDelayedList
                0x0000c9d4       0xa8 ./freertos/tasks.o
 .text.xTimerCreateTimerTask
                0x0000ca7c       0x54 ./freertos/timers.o
                0x0000ca7c                xTimerCreateTimerTask
 .text.xTimerGenericCommand
                0x0000cad0       0x9c ./freertos/timers.o
                0x0000cad0                xTimerGenericCommand
 .text.prvProcessExpiredTimer
                0x0000cb6c       0x70 ./freertos/timers.o
 .text.prvTimerTask
                0x0000cbdc       0x28 ./freertos/timers.o
 .text.prvProcessTimerOrBlockTask
                0x0000cc04       0x8c ./freertos/timers.o
 .text.prvGetNextExpireTime
                0x0000cc90       0x40 ./freertos/timers.o
 .text.prvSampleTimeNow
                0x0000ccd0       0x40 ./freertos/timers.o
 .text.prvInsertTimerInActiveList
                0x0000cd10       0x84 ./freertos/timers.o
 .text.prvProcessReceivedCommands
                0x0000cd94      0x12c ./freertos/timers.o
 .text.prvSwitchTimerLists
                0x0000cec0       0xb4 ./freertos/timers.o
 .text.prvCheckForValidListAndQueue
                0x0000cf74       0x74 ./freertos/timers.o
 .text.xTimerPendFunctionCallFromISR
                0x0000cfe8       0x54 ./freertos/timers.o
                0x0000cfe8                xTimerPendFunctionCallFromISR
 .text.XCVR_Init
                0x0000d03c      0x134 ./framework/XCVR/MKW41Z4/fsl_xcvr.o
                0x0000d03c                XCVR_Init
 .text.XCVR_GetDefaultConfig
                0x0000d170      0x170 ./framework/XCVR/MKW41Z4/fsl_xcvr.o
                0x0000d170                XCVR_GetDefaultConfig
 .text.XCVR_Configure
                0x0000d2e0      0x98c ./framework/XCVR/MKW41Z4/fsl_xcvr.o
                0x0000d2e0                XCVR_Configure
 .text.XcvrPanic
                0x0000dc6c       0x40 ./framework/XCVR/MKW41Z4/fsl_xcvr.o
                0x0000dc6c                XcvrPanic
 .text.XCVR_SetXtalTrim
                0x0000dcac       0x68 ./framework/XCVR/MKW41Z4/fsl_xcvr.o
                0x0000dcac                XCVR_SetXtalTrim
 .text.XCVR_OverrideChannel
                0x0000dd14      0x13c ./framework/XCVR/MKW41Z4/fsl_xcvr.o
                0x0000dd14                XCVR_OverrideChannel
 .text.XCVR_ForceRxWu
                0x0000de50       0x1c ./framework/XCVR/MKW41Z4/fsl_xcvr.o
                0x0000de50                XCVR_ForceRxWu
 .text.XCVR_ForceRxWd
                0x0000de6c       0x1c ./framework/XCVR/MKW41Z4/fsl_xcvr.o
                0x0000de6c                XCVR_ForceRxWd
 .text.calc_dcoc_dac_step
                0x0000de88       0x88 ./framework/XCVR/MKW41Z4/fsl_xcvr_trim.o
                0x0000de88                calc_dcoc_dac_step
 .text.XcvrCalDelay
                0x0000df10       0x20 ./framework/XCVR/MKW41Z4/fsl_xcvr_trim.o
                0x0000df10                XcvrCalDelay
 .text.rx_dc_est_average
                0x0000df30      0x1a4 ./framework/XCVR/MKW41Z4/fsl_xcvr_trim.o
                0x0000df30                rx_dc_est_average
 .text.rx_bba_dcoc_dac_trim_DCest
                0x0000e0d4      0x7d8 ./framework/XCVR/MKW41Z4/fsl_xcvr_trim.o
                0x0000e0d4                rx_bba_dcoc_dac_trim_DCest
 .text.DCOC_DAC_INIT_Cal
                0x0000e8ac      0x680 ./framework/XCVR/MKW41Z4/fsl_xcvr_trim.o
                0x0000e8ac                DCOC_DAC_INIT_Cal
 .text.read_first_ifr_word
                0x0000ef2c       0x20 ./framework/XCVR/MKW41Z4/ifr_radio.o
                0x0000ef2c                read_first_ifr_word
 .text.read_another_ifr_word
                0x0000ef4c       0x2c ./framework/XCVR/MKW41Z4/ifr_radio.o
                0x0000ef4c                read_another_ifr_word
 .text.read_resource_ifr
                0x0000ef78       0xd0 ./framework/XCVR/MKW41Z4/ifr_radio.o
                0x0000ef78                read_resource_ifr
 .text.store_sw_trim
                0x0000f048       0x9c ./framework/XCVR/MKW41Z4/ifr_radio.o
                0x0000f048                store_sw_trim
 .text.handle_ifr
                0x0000f0e4      0x184 ./framework/XCVR/MKW41Z4/ifr_radio.o
                0x0000f0e4                handle_ifr
 .text.NVIC_EnableIRQ
                0x0000f268       0x2c ./framework/TimersManager/Source/TMR_Adapter.o
 .text.NVIC_ClearPendingIRQ
                0x0000f294       0x30 ./framework/TimersManager/Source/TMR_Adapter.o
 .text.NVIC_SetPriority
                0x0000f2c4       0xdc ./framework/TimersManager/Source/TMR_Adapter.o
 .text.TPM_GetStatusFlags
                0x0000f3a0       0x14 ./framework/TimersManager/Source/TMR_Adapter.o
 .text.TPM_ClearStatusFlags
                0x0000f3b4       0x18 ./framework/TimersManager/Source/TMR_Adapter.o
 .text.TPM_StartTimer
                0x0000f3cc       0x3c ./framework/TimersManager/Source/TMR_Adapter.o
 .text.TPM_StopTimer
                0x0000f408       0x2c ./framework/TimersManager/Source/TMR_Adapter.o
 .text.StackTimer_Init
                0x0000f434       0xa0 ./framework/TimersManager/Source/TMR_Adapter.o
                0x0000f434                StackTimer_Init
 .text.StackTimer_Enable
                0x0000f4d4       0x1c ./framework/TimersManager/Source/TMR_Adapter.o
                0x0000f4d4                StackTimer_Enable
 .text.StackTimer_Disable
                0x0000f4f0       0x18 ./framework/TimersManager/Source/TMR_Adapter.o
                0x0000f4f0                StackTimer_Disable
 .text.StackTimer_GetInputFrequency
                0x0000f508       0x24 ./framework/TimersManager/Source/TMR_Adapter.o
                0x0000f508                StackTimer_GetInputFrequency
 .text.StackTimer_GetCounterValue
                0x0000f52c       0x14 ./framework/TimersManager/Source/TMR_Adapter.o
                0x0000f52c                StackTimer_GetCounterValue
 .text.StackTimer_SetOffsetTicks
                0x0000f540       0x24 ./framework/TimersManager/Source/TMR_Adapter.o
                0x0000f540                StackTimer_SetOffsetTicks
 .text.StackTimer_ClearIntFlag
                0x0000f564       0x30 ./framework/TimersManager/Source/TMR_Adapter.o
                0x0000f564                StackTimer_ClearIntFlag
 .text.TMR_GetTimerStatus
                0x0000f594       0x28 ./framework/TimersManager/Source/TimersManager.o
 .text.TMR_SetTimerStatus
                0x0000f5bc       0x44 ./framework/TimersManager/Source/TimersManager.o
 .text.TMR_GetTimerType
                0x0000f600       0x28 ./framework/TimersManager/Source/TimersManager.o
 .text.TMR_SetTimerType
                0x0000f628       0x44 ./framework/TimersManager/Source/TimersManager.o
 .text.TmrTicksFromMilliseconds
                0x0000f66c       0x4c ./framework/TimersManager/Source/TimersManager.o
                0x0000f66c                TmrTicksFromMilliseconds
 .text.TMR_Init
                0x0000f6b8       0x80 ./framework/TimersManager/Source/TimersManager.o
                0x0000f6b8                TMR_Init
 .text.TMR_NotifyClkChanged
                0x0000f738       0x44 ./framework/TimersManager/Source/TimersManager.o
                0x0000f738                TMR_NotifyClkChanged
 .text.TMR_AllocateTimer
                0x0000f77c       0x50 ./framework/TimersManager/Source/TimersManager.o
                0x0000f77c                TMR_AllocateTimer
 .text.StackTimer_ISR
                0x0000f7cc       0x24 ./framework/TimersManager/Source/TimersManager.o
 .text.TMR_IsTimerActive
                0x0000f7f0       0x28 ./framework/TimersManager/Source/TimersManager.o
                0x0000f7f0                TMR_IsTimerActive
 .text.TMR_StartTimer
                0x0000f818       0xf4 ./framework/TimersManager/Source/TimersManager.o
                0x0000f818                TMR_StartTimer
 .text.TMR_StartLowPowerTimer
                0x0000f90c       0x44 ./framework/TimersManager/Source/TimersManager.o
                0x0000f90c                TMR_StartLowPowerTimer
 .text.TMR_StartIntervalTimer
                0x0000f950       0x34 ./framework/TimersManager/Source/TimersManager.o
                0x0000f950                TMR_StartIntervalTimer
 .text.TMR_StopTimer
                0x0000f984       0xec ./framework/TimersManager/Source/TimersManager.o
                0x0000f984                TMR_StopTimer
 .text.TMR_Task
                0x0000fa70      0x574 ./framework/TimersManager/Source/TimersManager.o
                0x0000fa70                TMR_Task
 .text.TMR_EnableTimer
                0x0000ffe4       0x84 ./framework/TimersManager/Source/TimersManager.o
                0x0000ffe4                TMR_EnableTimer
 .text.NVIC_EnableIRQ
                0x00010068       0x2c ./framework/SerialManager/Source/UART_Adapter/UART_Adapter.o
 .text.NVIC_SetPriority
                0x00010094       0xdc ./framework/SerialManager/Source/UART_Adapter/UART_Adapter.o
 .text.LPUART_WriteByte
                0x00010170       0x20 ./framework/SerialManager/Source/UART_Adapter/UART_Adapter.o
 .text.LPUART_ReadByte
                0x00010190       0x18 ./framework/SerialManager/Source/UART_Adapter/UART_Adapter.o
 .text.LPUART_Initialize
                0x000101a8       0xec ./framework/SerialManager/Source/UART_Adapter/UART_Adapter.o
                0x000101a8                LPUART_Initialize
 .text.LPUART_SetBaudrate
                0x00010294       0x44 ./framework/SerialManager/Source/UART_Adapter/UART_Adapter.o
                0x00010294                LPUART_SetBaudrate
 .text.LPUART_SendData
                0x000102d8       0xc0 ./framework/SerialManager/Source/UART_Adapter/UART_Adapter.o
                0x000102d8                LPUART_SendData
 .text.LPUART_InstallRxCalback
                0x00010398       0x44 ./framework/SerialManager/Source/UART_Adapter/UART_Adapter.o
                0x00010398                LPUART_InstallRxCalback
 .text.LPUART_InstallTxCalback
                0x000103dc       0x44 ./framework/SerialManager/Source/UART_Adapter/UART_Adapter.o
                0x000103dc                LPUART_InstallTxCalback
 .text.LPUART_IsTxActive
                0x00010420       0x58 ./framework/SerialManager/Source/UART_Adapter/UART_Adapter.o
                0x00010420                LPUART_IsTxActive
 .text.LPUART_ISR
                0x00010478      0x17c ./framework/SerialManager/Source/UART_Adapter/UART_Adapter.o
 .text.SerialManager_Init
                0x000105f4       0x80 ./framework/SerialManager/Source/SerialManager.o
                0x000105f4                SerialManager_Init
 .text.SerialManagerTask
                0x00010674      0x184 ./framework/SerialManager/Source/SerialManager.o
                0x00010674                SerialManagerTask
 .text.Serial_InitInterface
                0x000107f8      0x18c ./framework/SerialManager/Source/SerialManager.o
                0x000107f8                Serial_InitInterface
 .text.Serial_AsyncWrite
                0x00010984      0x1b8 ./framework/SerialManager/Source/SerialManager.o
                0x00010984                Serial_AsyncWrite
 .text.Serial_SyncWrite
                0x00010b3c       0xd8 ./framework/SerialManager/Source/SerialManager.o
                0x00010b3c                Serial_SyncWrite
 .text.Serial_Read
                0x00010c14      0x12c ./framework/SerialManager/Source/SerialManager.o
                0x00010c14                Serial_Read
 .text.Serial_RxBufferByteCount
                0x00010d40       0xdc ./framework/SerialManager/Source/SerialManager.o
                0x00010d40                Serial_RxBufferByteCount
 .text.Serial_SetRxCallBack
                0x00010e1c       0x6c ./framework/SerialManager/Source/SerialManager.o
                0x00010e1c                Serial_SetRxCallBack
 .text.Serial_SetBaudRate
                0x00010e88       0x84 ./framework/SerialManager/Source/SerialManager.o
                0x00010e88                Serial_SetBaudRate
 .text.Serial_Print
                0x00010f0c       0x7c ./framework/SerialManager/Source/SerialManager.o
                0x00010f0c                Serial_Print
 .text.Serial_PrintHex
                0x00010f88      0x1b0 ./framework/SerialManager/Source/SerialManager.o
                0x00010f88                Serial_PrintHex
 .text.Serial_WriteInternal
                0x00011138      0x120 ./framework/SerialManager/Source/SerialManager.o
 .text.SerialManager_RxNotify
                0x00011258       0xc0 ./framework/SerialManager/Source/SerialManager.o
                0x00011258                SerialManager_RxNotify
 .text.SerialManager_TxNotify
                0x00011318       0xec ./framework/SerialManager/Source/SerialManager.o
                0x00011318                SerialManager_TxNotify
 .text.Serial_TxQueueMaintenance
                0x00011404      0x15c ./framework/SerialManager/Source/SerialManager.o
 .text.Serial_SyncTxCallback
                0x00011560       0x20 ./framework/SerialManager/Source/SerialManager.o
 .text.Serial_UartRxCb
                0x00011580       0x4c ./framework/SerialManager/Source/SerialManager.o
 .text.Serial_UartTxCb
                0x000115cc       0x1c ./framework/SerialManager/Source/SerialManager.o
 .text.SecLib_Init
                0x000115e8       0x3c ./framework/SecLib/SecLib.o
                0x000115e8                SecLib_Init
 .text.AES_128_CCM
                0x00011624       0xf0 ./framework/SecLib/SecLib.o
                0x00011624                AES_128_CCM
 .text.NVIC_EnableIRQ
                0x00011714       0x2c ./framework/RNG/Source/RNG.o
 .text.EnableIRQ
                0x00011740       0x2c ./framework/RNG/Source/RNG.o
 .text.RNG_Init
                0x0001176c       0xe0 ./framework/RNG/Source/RNG.o
                0x0001176c                RNG_Init
 .text.RNG_GetRandomNo
                0x0001184c       0x2c ./framework/RNG/Source/RNG.o
                0x0001184c                RNG_GetRandomNo
 .text.TRNG_ISR
                0x00011878       0x3c ./framework/RNG/Source/RNG.o
 .text.panic    0x000118b4       0x18 ./framework/Panic/Source/Panic.o
                0x000118b4                panic
 .text.startup_task
                0x000118cc       0x14 ./framework/OSAbstraction/Source/fsl_os_abstraction_free_rtos.o
                0x000118cc                startup_task
 .text.OSA_TaskGetId
                0x000118e0       0x10 ./framework/OSAbstraction/Source/fsl_os_abstraction_free_rtos.o
                0x000118e0                OSA_TaskGetId
 .text.OSA_TaskCreate
                0x000118f0       0x4c ./framework/OSAbstraction/Source/fsl_os_abstraction_free_rtos.o
                0x000118f0                OSA_TaskCreate
 .text.OSA_SemaphoreCreate
                0x0001193c       0x20 ./framework/OSAbstraction/Source/fsl_os_abstraction_free_rtos.o
                0x0001193c                OSA_SemaphoreCreate
 .text.OSA_SemaphoreWait
                0x0001195c       0x5c ./framework/OSAbstraction/Source/fsl_os_abstraction_free_rtos.o
                0x0001195c                OSA_SemaphoreWait
 .text.OSA_SemaphorePost
                0x000119b8       0x9c ./framework/OSAbstraction/Source/fsl_os_abstraction_free_rtos.o
                0x000119b8                OSA_SemaphorePost
 .text.OSA_MutexCreate
                0x00011a54       0x1c ./framework/OSAbstraction/Source/fsl_os_abstraction_free_rtos.o
                0x00011a54                OSA_MutexCreate
 .text.OSA_MutexLock
                0x00011a70       0x74 ./framework/OSAbstraction/Source/fsl_os_abstraction_free_rtos.o
                0x00011a70                OSA_MutexLock
 .text.OSA_MutexUnlock
                0x00011ae4       0x50 ./framework/OSAbstraction/Source/fsl_os_abstraction_free_rtos.o
                0x00011ae4                OSA_MutexUnlock
 .text.OSA_EventCreate
                0x00011b34       0x70 ./framework/OSAbstraction/Source/fsl_os_abstraction_free_rtos.o
                0x00011b34                OSA_EventCreate
 .text.OSA_EventSet
                0x00011ba4       0xa0 ./framework/OSAbstraction/Source/fsl_os_abstraction_free_rtos.o
                0x00011ba4                OSA_EventSet
 .text.OSA_EventWait
                0x00011c44       0xa4 ./framework/OSAbstraction/Source/fsl_os_abstraction_free_rtos.o
                0x00011c44                OSA_EventWait
 .text.OSA_InterruptEnable
                0x00011ce8       0x4c ./framework/OSAbstraction/Source/fsl_os_abstraction_free_rtos.o
                0x00011ce8                OSA_InterruptEnable
 .text.OSA_InterruptDisable
                0x00011d34       0x4c ./framework/OSAbstraction/Source/fsl_os_abstraction_free_rtos.o
                0x00011d34                OSA_InterruptDisable
 .text.OSA_InstallIntHandler
                0x00011d80       0x20 ./framework/OSAbstraction/Source/fsl_os_abstraction_free_rtos.o
                0x00011d80                OSA_InstallIntHandler
 .text.main     0x00011da0       0x24 ./framework/OSAbstraction/Source/fsl_os_abstraction_free_rtos.o
                0x00011da0                main
 .text.osObjectAlloc
                0x00011dc4       0x4c ./framework/OSAbstraction/Source/fsl_os_abstraction_free_rtos.o
 .text.osObjectIsAllocated
                0x00011e10       0x54 ./framework/OSAbstraction/Source/fsl_os_abstraction_free_rtos.o
 .text.osObjectFree
                0x00011e64       0x48 ./framework/OSAbstraction/Source/fsl_os_abstraction_free_rtos.o
 .text.ListAddTailMsg
                0x00011eac       0x28 ./framework/Messaging/Source/Messaging.o
                0x00011eac                ListAddTailMsg
 .text.ListRemoveHeadMsg
                0x00011ed4       0x2c ./framework/Messaging/Source/Messaging.o
                0x00011ed4                ListRemoveHeadMsg
 .text.ListGetHeadMsg
                0x00011f00       0x30 ./framework/Messaging/Source/Messaging.o
                0x00011f00                ListGetHeadMsg
 .text.ListGetNextMsg
                0x00011f30       0x38 ./framework/Messaging/Source/Messaging.o
                0x00011f30                ListGetNextMsg
 .text.ListRemoveMsg
                0x00011f68       0x20 ./framework/Messaging/Source/Messaging.o
                0x00011f68                ListRemoveMsg
 .text.MEM_Init
                0x00011f88       0xc4 ./framework/MemManager/Source/MemManager.o
                0x00011f88                MEM_Init
 .text.MEM_BufferAllocWithId
                0x0001204c       0xb8 ./framework/MemManager/Source/MemManager.o
                0x0001204c                MEM_BufferAllocWithId
 .text.MEM_BufferFree
                0x00012104       0xb0 ./framework/MemManager/Source/MemManager.o
                0x00012104                MEM_BufferFree
 .text.ListInit
                0x000121b4       0x2c ./framework/Lists/GenericList.o
                0x000121b4                ListInit
 .text.ListAddTail
                0x000121e0       0x78 ./framework/Lists/GenericList.o
                0x000121e0                ListAddTail
 .text.ListRemoveHead
                0x00012258       0x68 ./framework/Lists/GenericList.o
                0x00012258                ListRemoveHead
 .text.ListRemoveElement
                0x000122c0       0x80 ./framework/Lists/GenericList.o
                0x000122c0                ListRemoveElement
 .text.ListGetSize
                0x00012340       0x14 ./framework/Lists/GenericList.o
                0x00012340                ListGetSize
 .text.LED_Init
                0x00012354       0x2c ./framework/LED/Source/LED.o
                0x00012354                LED_Init
 .text.LED_Operate
                0x00012380       0x8c ./framework/LED/Source/LED.o
                0x00012380                LED_Operate
 .text.LED_TurnOnLed
                0x0001240c       0x20 ./framework/LED/Source/LED.o
                0x0001240c                LED_TurnOnLed
 .text.LED_TurnOffLed
                0x0001242c       0x20 ./framework/LED/Source/LED.o
                0x0001242c                LED_TurnOffLed
 .text.LED_ToggleLed
                0x0001244c       0x20 ./framework/LED/Source/LED.o
                0x0001244c                LED_ToggleLed
 .text.LED_TurnOffAllLeds
                0x0001246c       0x10 ./framework/LED/Source/LED.o
                0x0001246c                LED_TurnOffAllLeds
 .text.LED_StopFlashingAllLeds
                0x0001247c       0x14 ./framework/LED/Source/LED.o
                0x0001247c                LED_StopFlashingAllLeds
 .text.LED_StartBlip
                0x00012490       0x68 ./framework/LED/Source/LED.o
                0x00012490                LED_StartBlip
 .text.LED_StopFlash
                0x000124f8       0x4c ./framework/LED/Source/LED.o
                0x000124f8                LED_StopFlash
 .text.LED_SetLed
                0x00012544       0xb8 ./framework/LED/Source/LED.o
                0x00012544                LED_SetLed
 .text.LED_StartFlashWithPeriod
                0x000125fc       0x58 ./framework/LED/Source/LED.o
                0x000125fc                LED_StartFlashWithPeriod
 .text.LED_StartSerialFlashWithPeriod
                0x00012654       0x74 ./framework/LED/Source/LED.o
                0x00012654                LED_StartSerialFlashWithPeriod
 .text.LED_StopSerialFlash
                0x000126c8       0x44 ./framework/LED/Source/LED.o
                0x000126c8                LED_StopSerialFlash
 .text.LED_GpioSet
                0x0001270c       0x48 ./framework/LED/Source/LED.o
 .text.LED_DecrementBlip
                0x00012754       0x8c ./framework/LED/Source/LED.o
 .text.LED_FlashTimeout
                0x000127e0       0x74 ./framework/LED/Source/LED.o
 .text.KbGpioInit
                0x00012854       0x58 ./framework/Keyboard/Source/Keyboard.o
 .text.KBD_KeySwitchPortGet
                0x000128ac       0x7c ./framework/Keyboard/Source/Keyboard.o
 .text.KBD_KeyCheck
                0x00012928       0xa4 ./framework/Keyboard/Source/Keyboard.o
 .text.KeyScan  0x000129cc      0x150 ./framework/Keyboard/Source/Keyboard.o
 .text.Switch_CheckIRQ
                0x00012b1c       0x54 ./framework/Keyboard/Source/Keyboard.o
 .text.KBD_Init
                0x00012b70       0xdc ./framework/Keyboard/Source/Keyboard.o
                0x00012b70                KBD_Init
 .text.Switch_Press_ISR
                0x00012c4c       0x70 ./framework/Keyboard/Source/Keyboard.o
                0x00012c4c                Switch_Press_ISR
 .text.NVIC_EnableIRQ
                0x00012cbc       0x2c ./framework/GPIO/GPIO_Adapter.o
 .text.NVIC_ClearPendingIRQ
                0x00012ce8       0x30 ./framework/GPIO/GPIO_Adapter.o
 .text.NVIC_SetPriority
                0x00012d18       0xdc ./framework/GPIO/GPIO_Adapter.o
 .text.NVIC_GetPriority
                0x00012df4       0x7c ./framework/GPIO/GPIO_Adapter.o
 .text.GPIO_SetPinsOutput
                0x00012e70       0x18 ./framework/GPIO/GPIO_Adapter.o
 .text.GPIO_ClearPinsOutput
                0x00012e88       0x18 ./framework/GPIO/GPIO_Adapter.o
 .text.GPIO_TogglePinsOutput
                0x00012ea0       0x18 ./framework/GPIO/GPIO_Adapter.o
 .text.GPIO_ReadPinInput
                0x00012eb8       0x20 ./framework/GPIO/GPIO_Adapter.o
 .text.PORT_SetPinConfig
                0x00012ed8       0x38 ./framework/GPIO/GPIO_Adapter.o
 .text.PORT_SetPinMux
                0x00012f10       0x40 ./framework/GPIO/GPIO_Adapter.o
 .text.PORT_SetPinInterruptConfig
                0x00012f50       0x40 ./framework/GPIO/GPIO_Adapter.o
 .text.PORT_GetPinsInterruptFlags
                0x00012f90       0x18 ./framework/GPIO/GPIO_Adapter.o
 .text.PORT_ClearPinsInterruptFlags
                0x00012fa8       0x1c ./framework/GPIO/GPIO_Adapter.o
 .text.GpioSetPinMux
                0x00012fc4       0x44 ./framework/GPIO/GPIO_Adapter.o
                0x00012fc4                GpioSetPinMux
 .text.GpioClearPinIntFlag
                0x00013008       0x34 ./framework/GPIO/GPIO_Adapter.o
                0x00013008                GpioClearPinIntFlag
 .text.GpioIsPinIntPending
                0x0001303c       0x38 ./framework/GPIO/GPIO_Adapter.o
                0x0001303c                GpioIsPinIntPending
 .text.GpioSetPinOutput
                0x00013074       0x34 ./framework/GPIO/GPIO_Adapter.o
                0x00013074                GpioSetPinOutput
 .text.GpioClearPinOutput
                0x000130a8       0x34 ./framework/GPIO/GPIO_Adapter.o
                0x000130a8                GpioClearPinOutput
 .text.GpioTogglePinOutput
                0x000130dc       0x34 ./framework/GPIO/GPIO_Adapter.o
                0x000130dc                GpioTogglePinOutput
 .text.GpioReadPinInput
                0x00013110       0x30 ./framework/GPIO/GPIO_Adapter.o
                0x00013110                GpioReadPinInput
 .text.GpioInputPinInit
                0x00013140      0x108 ./framework/GPIO/GPIO_Adapter.o
                0x00013140                GpioInputPinInit
 .text.GpioOutputPinInit
                0x00013248      0x10c ./framework/GPIO/GPIO_Adapter.o
                0x00013248                GpioOutputPinInit
 .text.GpioInstallIsr
                0x00013354      0x2dc ./framework/GPIO/GPIO_Adapter.o
                0x00013354                GpioInstallIsr
 .text.Gpio_CommonIsr
                0x00013630       0xb0 ./framework/GPIO/GPIO_Adapter.o
 .text.Gpio_InstallPortISR
                0x000136e0       0x60 ./framework/GPIO/GPIO_Adapter.o
 .text.FLib_MemCpy
                0x00013740       0x38 ./framework/FunctionLib/FunctionLib.o
                0x00013740                FLib_MemCpy
 .text.FLib_MemCpyReverseOrder
                0x00013778       0x48 ./framework/FunctionLib/FunctionLib.o
                0x00013778                FLib_MemCpyReverseOrder
 .text.FLib_MemCmp
                0x000137c0       0x54 ./framework/FunctionLib/FunctionLib.o
                0x000137c0                FLib_MemCmp
 .text.FLib_MemSet
                0x00013814       0x38 ./framework/FunctionLib/FunctionLib.o
                0x00013814                FLib_MemSet
 .text.NV_VerifyCrcOverHWParameters
                0x0001384c       0x50 ./framework/Flash/Internal/Flash_Adapter.o
 .text.NV_ComputeCrcOverHWParameters
                0x0001389c       0xe0 ./framework/Flash/Internal/Flash_Adapter.o
 .text.NV_ReadHWParameters
                0x0001397c       0x68 ./framework/Flash/Internal/Flash_Adapter.o
                0x0001397c                NV_ReadHWParameters
 .text.CLOCK_EnableClock
                0x000139e4       0x38 ./framework/DCDC/Source/DCDC.o
 .text.ADC16_EnableHardwareTrigger
                0x00013a1c       0x3c ./framework/DCDC/Source/DCDC.o
 .text.ADC16_GetChannelConversionValue
                0x00013a58       0x30 ./framework/DCDC/Source/DCDC.o
 .text.DCDC_MakeADCConversion
                0x00013a88       0x44 ./framework/DCDC/Source/DCDC.o
 .text.DCDC_AdjustVbatDiv
                0x00013acc       0x68 ./framework/DCDC/Source/DCDC.o
 .text.DCDC_Get1P8VOutputTargetAndVBatInmV
                0x00013b34       0xf0 ./framework/DCDC/Source/DCDC.o
 .text.DCDC_mVTo1P8OutputTargetBoost
                0x00013c24      0x168 ./framework/DCDC/Source/DCDC.o
 .text.DCDC_mVTo1P8OutputTargetBuck
                0x00013d8c       0xe4 ./framework/DCDC/Source/DCDC.o
 .text.DCDC_mVToMcuVOutputTargetBoost
                0x00013e70       0x8c ./framework/DCDC/Source/DCDC.o
                0x00013e70                DCDC_mVToMcuVOutputTargetBoost
 .text.DCDC_GetOutputTargetsBoost
                0x00013efc       0xd4 ./framework/DCDC/Source/DCDC.o
 .text.DCDC_GetOutputTargetsBuck
                0x00013fd0       0x90 ./framework/DCDC/Source/DCDC.o
 .text.DCDC_VBatMonitorBoost
                0x00014060      0x1c0 ./framework/DCDC/Source/DCDC.o
 .text.DCDC_VBatMonitorBuck
                0x00014220      0x1c4 ./framework/DCDC/Source/DCDC.o
 .text.DCDC_Init
                0x000143e4      0x220 ./framework/DCDC/Source/DCDC.o
                0x000143e4                DCDC_Init
 .text.CLOCK_EnableClock
                0x00014604       0x38 ./drivers/fsl_adc16.o
 .text.ADC16_GetInstance
                0x0001463c       0x48 ./drivers/fsl_adc16.o
 .text.ADC16_Init
                0x00014684      0x114 ./drivers/fsl_adc16.o
                0x00014684                ADC16_Init
 .text.ADC16_DoAutoCalibration
                0x00014798      0x11c ./drivers/fsl_adc16.o
                0x00014798                ADC16_DoAutoCalibration
 .text.ADC16_SetChannelMuxMode
                0x000148b4       0x3c ./drivers/fsl_adc16.o
                0x000148b4                ADC16_SetChannelMuxMode
 .text.ADC16_SetHardwareCompareConfig
                0x000148f0       0x8c ./drivers/fsl_adc16.o
                0x000148f0                ADC16_SetHardwareCompareConfig
 .text.ADC16_SetHardwareAverage
                0x0001497c       0x40 ./drivers/fsl_adc16.o
                0x0001497c                ADC16_SetHardwareAverage
 .text.ADC16_GetStatusFlags
                0x000149bc       0x3c ./drivers/fsl_adc16.o
                0x000149bc                ADC16_GetStatusFlags
 .text.ADC16_SetChannelConfig
                0x000149f8       0x6c ./drivers/fsl_adc16.o
                0x000149f8                ADC16_SetChannelConfig
 .text.ADC16_GetChannelStatusFlags
                0x00014a64       0x40 ./drivers/fsl_adc16.o
                0x00014a64                ADC16_GetChannelStatusFlags
 .text.CLOCK_SetEr32kClock
                0x00014aa4       0x30 ./drivers/fsl_clock.o
 .text.CLOCK_GetMcgExtClkFreq
                0x00014ad4       0x70 ./drivers/fsl_clock.o
 .text.CLOCK_GetFllExtRefClkFreq
                0x00014b44       0xb8 ./drivers/fsl_clock.o
 .text.CLOCK_GetInternalRefClkSelectFreq
                0x00014bfc       0x40 ./drivers/fsl_clock.o
 .text.CLOCK_GetFllRefClkFreq
                0x00014c3c       0x30 ./drivers/fsl_clock.o
 .text.CLOCK_GetOscRangeFromFreq
                0x00014c6c       0x4c ./drivers/fsl_clock.o
 .text.CLOCK_GetOsc0ErClkFreq
                0x00014cb8       0x28 ./drivers/fsl_clock.o
                0x00014cb8                CLOCK_GetOsc0ErClkFreq
 .text.CLOCK_SetSimConfig
                0x00014ce0       0x2c ./drivers/fsl_clock.o
                0x00014ce0                CLOCK_SetSimConfig
 .text.CLOCK_GetFllFreq
                0x00014d0c       0x78 ./drivers/fsl_clock.o
                0x00014d0c                CLOCK_GetFllFreq
 .text.CLOCK_GetInternalRefClkFreq
                0x00014d84       0x28 ./drivers/fsl_clock.o
                0x00014d84                CLOCK_GetInternalRefClkFreq
 .text.CLOCK_SetExternalRefClkConfig
                0x00014dac       0x80 ./drivers/fsl_clock.o
                0x00014dac                CLOCK_SetExternalRefClkConfig
 .text.CLOCK_SetInternalRefClkConfig
                0x00014e2c      0x12c ./drivers/fsl_clock.o
                0x00014e2c                CLOCK_SetInternalRefClkConfig
 .text.CLOCK_InitOsc0
                0x00014f58       0x6c ./drivers/fsl_clock.o
                0x00014f58                CLOCK_InitOsc0
 .text.CLOCK_SetFeeMode
                0x00014fc4      0x144 ./drivers/fsl_clock.o
                0x00014fc4                CLOCK_SetFeeMode
 .text.CLOCK_BootToFeeMode
                0x00015108       0x50 ./drivers/fsl_clock.o
                0x00015108                CLOCK_BootToFeeMode
 .text.DisableGlobalIRQ
                0x00015158       0x1c ./drivers/fsl_common.o
 .text.EnableGlobalIRQ
                0x00015174       0x1c ./drivers/fsl_common.o
 .text.__assertion_failed
                0x00015190       0x1c ./drivers/fsl_common.o
                0x00015190                __assertion_failed
 .text.InstallIRQHandler
                0x000151ac       0x98 ./drivers/fsl_common.o
                0x000151ac                InstallIRQHandler
 .text.DSPI_IsMaster
                0x00015244       0x18 ./drivers/fsl_dspi.o
 .text.DSPI_CommonIRQHandler
                0x0001525c       0x40 ./drivers/fsl_dspi.o
 .text.SPI0_DriverIRQHandler
                0x0001529c       0x34 ./drivers/fsl_dspi.o
                0x0001529c                SPI0_DriverIRQHandler
 .text.SPI1_DriverIRQHandler
                0x000152d0       0x34 ./drivers/fsl_dspi.o
                0x000152d0                SPI1_DriverIRQHandler
 .text.GPIO_WritePinOutput
                0x00015304       0x34 ./drivers/fsl_gpio.o
 .text.GPIO_PinInit
                0x00015338       0x64 ./drivers/fsl_gpio.o
                0x00015338                GPIO_PinInit
 .text.I2C_TransferCommonIRQHandler
                0x0001539c       0x54 ./drivers/fsl_i2c.o
 .text.I2C0_DriverIRQHandler
                0x000153f0       0x20 ./drivers/fsl_i2c.o
                0x000153f0                I2C0_DriverIRQHandler
 .text.I2C1_DriverIRQHandler
                0x00015410       0x20 ./drivers/fsl_i2c.o
                0x00015410                I2C1_DriverIRQHandler
 .text.CLOCK_EnableClock
                0x00015430       0x38 ./drivers/fsl_lpuart.o
 .text.LPUART_GetInstance
                0x00015468       0x48 ./drivers/fsl_lpuart.o
                0x00015468                LPUART_GetInstance
 .text.LPUART_Init
                0x000154b0      0x28c ./drivers/fsl_lpuart.o
                0x000154b0                LPUART_Init
 .text.LPUART_GetDefaultConfig
                0x0001573c       0x50 ./drivers/fsl_lpuart.o
                0x0001573c                LPUART_GetDefaultConfig
 .text.LPUART_SetBaudRate
                0x0001578c      0x194 ./drivers/fsl_lpuart.o
                0x0001578c                LPUART_SetBaudRate
 .text.LPUART_EnableInterrupts
                0x00015920       0x3c ./drivers/fsl_lpuart.o
                0x00015920                LPUART_EnableInterrupts
 .text.LPUART_DisableInterrupts
                0x0001595c       0x40 ./drivers/fsl_lpuart.o
                0x0001595c                LPUART_DisableInterrupts
 .text.LPUART_GetEnabledInterrupts
                0x0001599c       0x34 ./drivers/fsl_lpuart.o
                0x0001599c                LPUART_GetEnabledInterrupts
 .text.LPUART_GetStatusFlags
                0x000159d0       0x18 ./drivers/fsl_lpuart.o
                0x000159d0                LPUART_GetStatusFlags
 .text.LPUART_ClearStatusFlags
                0x000159e8       0x88 ./drivers/fsl_lpuart.o
                0x000159e8                LPUART_ClearStatusFlags
 .text.LPUART0_DriverIRQHandler
                0x00015a70       0x24 ./drivers/fsl_lpuart.o
                0x00015a70                LPUART0_DriverIRQHandler
 .text.CLOCK_EnableClock
                0x00015a94       0x38 ./drivers/fsl_ltc.o
 .text.ltc_check_key_size
                0x00015acc       0x1c ./drivers/fsl_ltc.o
                0x00015acc                ltc_check_key_size
 .text.ltc_wait
                0x00015ae8       0x98 ./drivers/fsl_ltc.o
                0x00015ae8                ltc_wait
 .text.ltc_clear_all
                0x00015b80       0x20 ./drivers/fsl_ltc.o
                0x00015b80                ltc_clear_all
 .text.ltc_memcpy
                0x00015ba0       0x30 ./drivers/fsl_ltc.o
                0x00015ba0                ltc_memcpy
 .text.ltc_get_word_from_unaligned
                0x00015bd0       0x40 ./drivers/fsl_ltc.o
 .text.ltc_set_unaligned_from_word
                0x00015c10       0x54 ./drivers/fsl_ltc.o
 .text.ltc_set_key
                0x00015c64       0x50 ./drivers/fsl_ltc.o
 .text.ltc_set_context
                0x00015cb4       0xac ./drivers/fsl_ltc.o
                0x00015cb4                ltc_set_context
 .text.ltc_get_context
                0x00015d60       0xac ./drivers/fsl_ltc.o
                0x00015d60                ltc_get_context
 .text.ltc_symmetric_alg_state
                0x00015e0c       0x74 ./drivers/fsl_ltc.o
 .text.ltc_symmetric_init
                0x00015e80       0x40 ./drivers/fsl_ltc.o
 .text.ltc_symmetric_init_final
                0x00015ec0       0x40 ./drivers/fsl_ltc.o
 .text.ltc_symmetric_process
                0x00015f00       0xe8 ./drivers/fsl_ltc.o
                0x00015f00                ltc_symmetric_process
 .text.ltc_symmetric_process_data
                0x00015fe8       0x84 ./drivers/fsl_ltc.o
                0x00015fe8                ltc_symmetric_process_data
 .text.ltc_move_block_to_ififo
                0x0001606c       0x64 ./drivers/fsl_ltc.o
 .text.ltc_move_to_ififo
                0x000160d0       0x80 ./drivers/fsl_ltc.o
 .text.ltc_symmetric_process_data_multiple
                0x00016150      0x1c4 ./drivers/fsl_ltc.o
 .text.ltc_aes_received_mac_compare
                0x00016314       0x7c ./drivers/fsl_ltc.o
 .text.ltc_aes_process_tag
                0x00016390       0x4c ./drivers/fsl_ltc.o
 .text.LTC_Init
                0x000163dc       0x1c ./drivers/fsl_ltc.o
                0x000163dc                LTC_Init
 .text.ltc_aes_ccm_check_input_args
                0x000163f8       0x98 ./drivers/fsl_ltc.o
 .text.swap_bytes
                0x00016490       0x34 ./drivers/fsl_ltc.o
 .text.ltc_aes_ccm_context_init
                0x000164c4       0xe8 ./drivers/fsl_ltc.o
 .text.ltc_aes_ccm_process_aad
                0x000165ac      0x1b8 ./drivers/fsl_ltc.o
 .text.ltc_aes_ccm_process
                0x00016764      0x164 ./drivers/fsl_ltc.o
 .text.LTC_AES_EncryptTagCcm
                0x000168c8       0x58 ./drivers/fsl_ltc.o
                0x000168c8                LTC_AES_EncryptTagCcm
 .text.LTC_AES_DecryptTagCcm
                0x00016920       0x88 ./drivers/fsl_ltc.o
                0x00016920                LTC_AES_DecryptTagCcm
 .text.CLOCK_EnableClock
                0x000169a8       0x38 ./drivers/fsl_tpm.o
 .text.TPM_GetInstance
                0x000169e0       0x54 ./drivers/fsl_tpm.o
 .text.TPM_Init
                0x00016a34       0xec ./drivers/fsl_tpm.o
                0x00016a34                TPM_Init
 .text.TPM_SetupOutputCompare
                0x00016b20      0x13c ./drivers/fsl_tpm.o
                0x00016b20                TPM_SetupOutputCompare
 .text.TPM_EnableInterrupts
                0x00016c5c       0x84 ./drivers/fsl_tpm.o
                0x00016c5c                TPM_EnableInterrupts
 .text.CLOCK_EnableClock
                0x00016ce0       0x38 ./drivers/fsl_trng.o
 .text.trng_GetInstance
                0x00016d18       0x48 ./drivers/fsl_trng.o
 .text.TRNG_GetDefaultConfig
                0x00016d60       0xe0 ./drivers/fsl_trng.o
                0x00016d60                TRNG_GetDefaultConfig
 .text.trng_SetRetryCount
                0x00016e40       0x50 ./drivers/fsl_trng.o
 .text.trng_SetStatisticalCheckLimit
                0x00016e90      0x31c ./drivers/fsl_trng.o
 .text.trng_ApplyUserConfig
                0x000171ac      0x1c4 ./drivers/fsl_trng.o
 .text.trng_ReadEntropy
                0x00017370       0x34 ./drivers/fsl_trng.o
 .text.TRNG_Init
                0x000173a4       0xb8 ./drivers/fsl_trng.o
                0x000173a4                TRNG_Init
 .text.TRNG_GetRandomData
                0x0001745c       0xec ./drivers/fsl_trng.o
                0x0001745c                TRNG_GetRandomData
 .text.CLOCK_EnableClock
                0x00017548       0x38 ./board/board.o
 .text.hardware_init
                0x00017580      0x220 ./board/board.o
                0x00017580                hardware_init
 .text.NMI_Handler
                0x000177a0       0x20 ./board/board.o
                0x000177a0                NMI_Handler
 .text.BOARD_DCDCInit
                0x000177c0       0x18 ./board/board.o
                0x000177c0                BOARD_DCDCInit
 .text.BOARD_GetLpuartClock
                0x000177d8       0x5c ./board/board.o
                0x000177d8                BOARD_GetLpuartClock
 .text.BOARD_GetTpmClock
                0x00017834       0x5c ./board/board.o
                0x00017834                BOARD_GetTpmClock
 .text.CLOCK_EnableClock
                0x00017890       0x38 ./board/clock_config.o
 .text.CLOCK_DisableClock
                0x000178c8       0x38 ./board/clock_config.o
 .text.CLOCK_SetLpuartClock
                0x00017900       0x38 ./board/clock_config.o
 .text.CLOCK_SetTpmClock
                0x00017938       0x38 ./board/clock_config.o
 .text.CLOCK_SetSimSafeDivs
                0x00017970       0x1c ./board/clock_config.o
 .text.CLOCK_SetXtal0Freq
                0x0001798c       0x1c ./board/clock_config.o
 .text.CLOCK_SetXtal32Freq
                0x000179a8       0x1c ./board/clock_config.o
 .text.RTC_SetOscCapLoad
                0x000179c4       0x34 ./board/clock_config.o
 .text.CLOCK_CONFIG_FllStableDelay
                0x000179f8       0x24 ./board/clock_config.o
 .text.CLOCK_CONFIG_SetRtcClock
                0x00017a1c       0x4c ./board/clock_config.o
 .text.CLOCK_CONFIG_EnableRtcOsc
                0x00017a68       0x50 ./board/clock_config.o
 .text.BOARD_RfOscInit
                0x00017ab8       0xc8 ./board/clock_config.o
                0x00017ab8                BOARD_RfOscInit
 .text.BOARD_InitOsc0
                0x00017b80       0x30 ./board/clock_config.o
                0x00017b80                BOARD_InitOsc0
 .text.BOARD_BootClockRUN
                0x00017bb0       0x6c ./board/clock_config.o
                0x00017bb0                BOARD_BootClockRUN
 .text.CLOCK_EnableClock
                0x00017c1c       0x38 ./board/pin_mux.o
 .text.PORT_SetPinMux
                0x00017c54       0x40 ./board/pin_mux.o
 .text.BOARD_InitButtons
                0x00017c94       0x34 ./board/pin_mux.o
                0x00017c94                BOARD_InitButtons
 .text.BOARD_InitLEDs
                0x00017cc8       0x78 ./board/pin_mux.o
                0x00017cc8                BOARD_InitLEDs
 .text.BOARD_InitLPUART
                0x00017d40       0x4c ./board/pin_mux.o
                0x00017d40                BOARD_InitLPUART
 .text.SystemInit
                0x00017d8c       0x18 ./CMSIS/system_MKW41Z4.o
                0x00017d8c                SystemInit
 .text.roundf   0x00017da4       0x4c e:/app/nxp/mcuxpressoide_10.0.2_411/ide/tools/bin/../lib/gcc/arm-none-eabi/5.4.1/../../../../arm-none-eabi/lib/armv6-m\libm.a(lib_a-sf_round.o)
                0x00017da4                roundf
 .text.exit     0x00017df0       0x20 e:/app/nxp/mcuxpressoide_10.0.2_411/ide/tools/bin/../lib/gcc/arm-none-eabi/5.4.1/../../../../arm-none-eabi/lib/armv6-m\libc.a(lib_a-exit.o)
                0x00017df0                exit
 .text.__libc_init_array
                0x00017e10       0x48 e:/app/nxp/mcuxpressoide_10.0.2_411/ide/tools/bin/../lib/gcc/arm-none-eabi/5.4.1/../../../../arm-none-eabi/lib/armv6-m\libc.a(lib_a-init.o)
                0x00017e10                __libc_init_array
 .text.memcpy   0x00017e58       0x7c e:/app/nxp/mcuxpressoide_10.0.2_411/ide/tools/bin/../lib/gcc/arm-none-eabi/5.4.1/../../../../arm-none-eabi/lib/armv6-m\libc.a(lib_a-memcpy-stub.o)
                0x00017e58                memcpy
 .text.memset   0x00017ed4       0x8c e:/app/nxp/mcuxpressoide_10.0.2_411/ide/tools/bin/../lib/gcc/arm-none-eabi/5.4.1/../../../../arm-none-eabi/lib/armv6-m\libc.a(lib_a-memset.o)
                0x00017ed4                memset