Archive member included to satisfy reference by file (symbol)

e:/app/nxp/mcuxpressoide_10.0.2_411/ide/tools/bin/../lib/gcc/arm-none-eabi/5.4.1/../../../../arm-none-eabi/lib/armv6-m\libm.a(lib_a-s_round.o)
                              ./framework/XCVR/MKW41Z4/fsl_xcvr.o (round)
e:/app/nxp/mcuxpressoide_10.0.2_411/ide/tools/bin/../lib/gcc/arm-none-eabi/5.4.1/../../../../arm-none-eabi/lib/armv6-m\libm.a(lib_a-s_trunc.o)
                              ./framework/XCVR/MKW41Z4/fsl_xcvr.o (trunc)
e:/app/nxp/mcuxpressoide_10.0.2_411/ide/tools/bin/../lib/gcc/arm-none-eabi/5.4.1/../../../../arm-none-eabi/lib/armv6-m\libm.a(lib_a-sf_round.o)
                              ./framework/XCVR/MKW41Z4/fsl_xcvr_trim.o (roundf)
e:/app/nxp/mcuxpressoide_10.0.2_411/ide/tools/bin/../lib/gcc/arm-none-eabi/5.4.1/../../../../arm-none-eabi/lib/armv6-m\libc.a(lib_a-exit.o)
                              e:/app/nxp/mcuxpressoide_10.0.2_411/ide/tools/bin/../lib/gcc/arm-none-eabi/5.4.1/../../../../arm-none-eabi/lib/armv6-m/crt0.o (exit)
e:/app/nxp/mcuxpressoide_10.0.2_411/ide/tools/bin/../lib/gcc/arm-none-eabi/5.4.1/../../../../arm-none-eabi/lib/armv6-m\libc.a(lib_a-impure.o)
                              e:/app/nxp/mcuxpressoide_10.0.2_411/ide/tools/bin/../lib/gcc/arm-none-eabi/5.4.1/../../../../arm-none-eabi/lib/armv6-m\libc.a(lib_a-exit.o) (_global_impure_ptr)
e:/app/nxp/mcuxpressoide_10.0.2_411/ide/tools/bin/../lib/gcc/arm-none-eabi/5.4.1/../../../../arm-none-eabi/lib/armv6-m\libc.a(lib_a-init.o)
                              e:/app/nxp/mcuxpressoide_10.0.2_411/ide/tools/bin/../lib/gcc/arm-none-eabi/5.4.1/../../../../arm-none-eabi/lib/armv6-m/crt0.o (__libc_init_array)
e:/app/nxp/mcuxpressoide_10.0.2_411/ide/tools/bin/../lib/gcc/arm-none-eabi/5.4.1/../../../../arm-none-eabi/lib/armv6-m\libc.a(lib_a-memcpy-stub.o)
                              ./ieee_802.15.4/phy/source/MKW41Z/PhyTime.o (memcpy)
e:/app/nxp/mcuxpressoide_10.0.2_411/ide/tools/bin/../lib/gcc/arm-none-eabi/5.4.1/../../../../arm-none-eabi/lib/armv6-m\libc.a(lib_a-memset.o)
                              e:/app/nxp/mcuxpressoide_10.0.2_411/ide/tools/bin/../lib/gcc/arm-none-eabi/5.4.1/../../../../arm-none-eabi/lib/armv6-m/crt0.o (memset)
e:/app/nxp/mcuxpressoide_10.0.2_411/ide/tools/bin/../lib/gcc/arm-none-eabi/5.4.1/../../../../arm-none-eabi/lib/armv6-m\libc.a(lib_a-strlen-stub.o)
                              ./utilities/fsl_debug_console.o (strlen)
e:/app/nxp/mcuxpressoide_10.0.2_411/ide/tools/bin/../lib/gcc/arm-none-eabi/5.4.1/../../../../arm-none-eabi/lib/armv6-m\libc.a(lib_a-__call_atexit.o)
                              e:/app/nxp/mcuxpressoide_10.0.2_411/ide/tools/bin/../lib/gcc/arm-none-eabi/5.4.1/../../../../arm-none-eabi/lib/armv6-m\libc.a(lib_a-exit.o) (__call_exitprocs)
e:/app/nxp/mcuxpressoide_10.0.2_411/ide/tools/bin/../lib/gcc/arm-none-eabi/5.4.1/../../../../arm-none-eabi/lib/armv6-m\libc.a(lib_a-atexit.o)
                              e:/app/nxp/mcuxpressoide_10.0.2_411/ide/tools/bin/../lib/gcc/arm-none-eabi/5.4.1/../../../../arm-none-eabi/lib/armv6-m\libc.a(lib_a-__call_atexit.o) (atexit)
e:/app/nxp/mcuxpressoide_10.0.2_411/ide/tools/bin/../lib/gcc/arm-none-eabi/5.4.1/../../../../arm-none-eabi/lib/armv6-m\libc.a(lib_a-fini.o)
                              e:/app/nxp/mcuxpressoide_10.0.2_411/ide/tools/bin/../lib/gcc/arm-none-eabi/5.4.1/../../../../arm-none-eabi/lib/armv6-m\libc.a(lib_a-__call_atexit.o) (__libc_fini_array)
e:/app/nxp/mcuxpressoide_10.0.2_411/ide/tools/bin/../lib/gcc/arm-none-eabi/5.4.1/../../../../arm-none-eabi/lib/armv6-m\libc.a(lib_a-__atexit.o)
                              e:/app/nxp/mcuxpressoide_10.0.2_411/ide/tools/bin/../lib/gcc/arm-none-eabi/5.4.1/../../../../arm-none-eabi/lib/armv6-m\libc.a(lib_a-atexit.o) (__register_exitproc)
e:/app/nxp/mcuxpressoide_10.0.2_411/ide/tools/bin/../lib/gcc/arm-none-eabi/5.4.1/armv6-m\libgcc.a(_udivsi3.o)
                              ./utilities/fsl_debug_console.o (__aeabi_uidiv)
e:/app/nxp/mcuxpressoide_10.0.2_411/ide/tools/bin/../lib/gcc/arm-none-eabi/5.4.1/armv6-m\libgcc.a(_divsi3.o)
                              ./utilities/fsl_debug_console.o (__aeabi_idiv)
e:/app/nxp/mcuxpressoide_10.0.2_411/ide/tools/bin/../lib/gcc/arm-none-eabi/5.4.1/armv6-m\libgcc.a(_dvmd_tls.o)
                              e:/app/nxp/mcuxpressoide_10.0.2_411/ide/tools/bin/../lib/gcc/arm-none-eabi/5.4.1/armv6-m\libgcc.a(_udivsi3.o) (__aeabi_idiv0)
e:/app/nxp/mcuxpressoide_10.0.2_411/ide/tools/bin/../lib/gcc/arm-none-eabi/5.4.1/armv6-m\libgcc.a(_arm_cmpdf2.o)
                              ./framework/XCVR/MKW41Z4/fsl_xcvr.o (__aeabi_dcmpgt)
e:/app/nxp/mcuxpressoide_10.0.2_411/ide/tools/bin/../lib/gcc/arm-none-eabi/5.4.1/armv6-m\libgcc.a(_arm_cmpsf2.o)
                              ./framework/XCVR/MKW41Z4/fsl_xcvr_trim.o (__aeabi_fcmplt)
e:/app/nxp/mcuxpressoide_10.0.2_411/ide/tools/bin/../lib/gcc/arm-none-eabi/5.4.1/armv6-m\libgcc.a(_aeabi_uldivmod.o)
[...]
Memory Configuration

Name             Origin             Length             Attributes
TEXT_region1     0x00000000         0x00000400         xr
m_flash_config_region 0x00000400         0x00000010         xr
TEXT_region2     0x00000411         0x0007d3ee         xr
NVM_region       0x0007d800         0x00001fff         rw
DATA_region      0x1fff8000         0x00020000         rw
PRODUCT_INFO_region 0x0007f800         0x000007ff         xr
*default*        0x00000000         0xffffffff

Linker script and memory map

LOAD e:/app/nxp/mcuxpressoide_10.0.2_411/ide/tools/bin/../lib/gcc/arm-none-eabi/5.4.1/armv6-m/crti.o
LOAD e:/app/nxp/mcuxpressoide_10.0.2_411/ide/tools/bin/../lib/gcc/arm-none-eabi/5.4.1/armv6-m/crtbegin.o
LOAD e:/app/nxp/mcuxpressoide_10.0.2_411/ide/tools/bin/../lib/gcc/arm-none-eabi/5.4.1/../../../../arm-none-eabi/lib/armv6-m/crt0.o
LOAD ./utilities/fsl_debug_console.o
LOAD ./startup/startup_MKW41Z4.o
LOAD ./source/mtb.o
LOAD ./source/mwa_end_device.o
LOAD ./ieee_802.15.4/phy/source/MKW41Z/ASP.o
LOAD ./ieee_802.15.4/phy/source/MKW41Z/MPM.o
LOAD ./ieee_802.15.4/phy/source/MKW41Z/PhyISR.o
LOAD ./ieee_802.15.4/phy/source/MKW41Z/PhyPacketProcessor.o
LOAD ./ieee_802.15.4/phy/source/MKW41Z/PhyPlmeData.o
LOAD ./ieee_802.15.4/phy/source/MKW41Z/PhyStateMachine.o
LOAD ./ieee_802.15.4/phy/source/MKW41Z/PhyTime.o
LOAD ./ieee_802.15.4/mac/source/App/FsciAspCommands.o
LOAD ./ieee_802.15.4/mac/source/App/FsciMacCommands.o
LOAD ./ieee_802.15.4/mac/source/App/MacGlobals.o
LOAD ./freertos/croutine.o
LOAD ./freertos/event_groups.o
LOAD ./freertos/fsl_tickless_lptmr.o
LOAD ./freertos/fsl_tickless_systick.o
LOAD ./freertos/heap_4.o
LOAD ./freertos/list.o
LOAD ./freertos/port.o
LOAD ./freertos/queue.o
LOAD ./freertos/tasks.o
LOAD ./freertos/timers.o
LOAD ./framework/XCVR/MKW41Z4/cfgs_kw4x_3x_2x/fsl_xcvr_ant_config.o
LOAD ./framework/XCVR/MKW41Z4/cfgs_kw4x_3x_2x/fsl_xcvr_ble_config.o
LOAD ./framework/XCVR/MKW41Z4/cfgs_kw4x_3x_2x/fsl_xcvr_common_config.o
LOAD ./framework/XCVR/MKW41Z4/cfgs_kw4x_3x_2x/fsl_xcvr_gfsk_bt_0p3_h_0p5_config.o
LOAD ./framework/XCVR/MKW41Z4/cfgs_kw4x_3x_2x/fsl_xcvr_gfsk_bt_0p5_h_0p32_config.o
LOAD ./framework/XCVR/MKW41Z4/cfgs_kw4x_3x_2x/fsl_xcvr_gfsk_bt_0p5_h_0p5_config.o
LOAD ./framework/XCVR/MKW41Z4/cfgs_kw4x_3x_2x/fsl_xcvr_gfsk_bt_0p5_h_0p7_config.o
LOAD ./framework/XCVR/MKW41Z4/cfgs_kw4x_3x_2x/fsl_xcvr_gfsk_bt_0p5_h_1p0_config.o
LOAD ./framework/XCVR/MKW41Z4/cfgs_kw4x_3x_2x/fsl_xcvr_gfsk_bt_0p7_h_0p5_config.o
LOAD ./framework/XCVR/MKW41Z4/cfgs_kw4x_3x_2x/fsl_xcvr_mode_datarate_config.o
LOAD ./framework/XCVR/MKW41Z4/cfgs_kw4x_3x_2x/fsl_xcvr_msk_config.o
LOAD ./framework/XCVR/MKW41Z4/cfgs_kw4x_3x_2x/fsl_xcvr_zgbe_config.o
LOAD ./framework/XCVR/MKW41Z4/dbg_ram_capture.o
LOAD ./framework/XCVR/MKW41Z4/fsl_xcvr.o
LOAD ./framework/XCVR/MKW41Z4/fsl_xcvr_trim.o
LOAD ./framework/XCVR/MKW41Z4/ifr_radio.o
LOAD ./framework/TimersManager/Source/TMR_Adapter.o
LOAD ./framework/TimersManager/Source/TimersManager.o
LOAD ./framework/SerialManager/Source/UART_Adapter/UART_Adapter.o
LOAD ./framework/SerialManager/Source/SPI_Adapter/SPI_Adapter.o
LOAD ./framework/SerialManager/Source/I2C_Adapter/I2C_Adapter.o
LOAD ./framework/SerialManager/Source/SerialManager.o
LOAD ./framework/SecLib/SecLib.o
LOAD ./framework/Reset/Reset.o
LOAD ./framework/RNG/Source/RNG.o
LOAD ./framework/Panic/Source/Panic.o
LOAD ./framework/OSAbstraction/Source/fsl_os_abstraction_free_rtos.o
LOAD ./framework/NVM/Source/NV_Flash.o
LOAD ./framework/NVM/Source/NV_FsciCommands.o
LOAD ./framework/ModuleInfo/ModuleInfo.o
LOAD ./framework/Messaging/Source/Messaging.o
LOAD ./framework/MemManager/Source/MemManager.o
LOAD ./framework/MWSCoexistence/Source/MWS.o
LOAD ./framework/LowPower/Source/MKW41Z/PWR.o
LOAD ./framework/LowPower/Source/MKW41Z/PWRLib.o
LOAD ./framework/Lists/GenericList.o
LOAD ./framework/LED/Source/LED.o
LOAD ./framework/Keyboard/Source/Keyboard.o
LOAD ./framework/GPIO/GPIO_Adapter.o
LOAD ./framework/FunctionLib/FunctionLib.o
LOAD ./framework/Flash/Internal/Flash_Adapter.o
LOAD ./framework/DCDC/Source/DCDC.o
LOAD ./drivers/fsl_adc16.o
LOAD ./drivers/fsl_clock.o
LOAD ./drivers/fsl_common.o
LOAD ./drivers/fsl_dspi.o
LOAD ./drivers/fsl_dspi_freertos.o
LOAD ./drivers/fsl_flash.o
LOAD ./drivers/fsl_gpio.o
LOAD ./drivers/fsl_i2c.o
LOAD ./drivers/fsl_i2c_freertos.o
LOAD ./drivers/fsl_llwu.o
LOAD ./drivers/fsl_lptmr.o
LOAD ./drivers/fsl_lpuart.o
LOAD ./drivers/fsl_lpuart_freertos.o
LOAD ./drivers/fsl_ltc.o
LOAD ./drivers/fsl_pmc.o
LOAD ./drivers/fsl_rtc.o
LOAD ./drivers/fsl_smc.o
LOAD ./drivers/fsl_tpm.o
LOAD ./drivers/fsl_trng.o
LOAD ./drivers/fsl_tsi_v4.o
LOAD ./board/board.o
LOAD ./board/clock_config.o
LOAD ./board/gpio_pins.o
LOAD ./board/pin_mux.o
LOAD ./CMSIS/system_MKW41Z4.o
LOAD e:/app/nxp/mcuxpressoide_10.0.2_411/ide/tools/bin/../lib/gcc/arm-none-eabi/5.4.1/../../../../arm-none-eabi/lib/armv6-m\libm.a
LOAD e:/app/nxp/mcuxpressoide_10.0.2_411/ide/tools/bin/../lib/gcc/arm-none-eabi/5.4.1/../../../../arm-none-eabi/lib/armv6-m\libc.a
LOAD e:/app/nxp/mcuxpressoide_10.0.2_411/ide/tools/bin/../lib/gcc/arm-none-eabi/5.4.1/armv6-m\libgcc.a
LOAD e:/app/nxp/mcuxpressoide_10.0.2_411/ide/tools/bin/../lib/gcc/arm-none-eabi/5.4.1/../../../../arm-none-eabi/lib/armv6-m\libnosys.a
LOAD E:\cc\frdmkw41z_wireless_examples_ieee_802_15_4_mwa_end_device_freertos\libs\lib_crypto_m0.a
LOAD E:\cc\frdmkw41z_wireless_examples_ieee_802_15_4_mwa_end_device_freertos\libs\lib802.15.4_mac_06_cm0.a
START GROUP
LOAD e:/app/nxp/mcuxpressoide_10.0.2_411/ide/tools/bin/../lib/gcc/arm-none-eabi/5.4.1/armv6-m\libgcc.a
LOAD e:/app/nxp/mcuxpressoide_10.0.2_411/ide/tools/bin/../lib/gcc/arm-none-eabi/5.4.1/../../../../arm-none-eabi/lib/armv6-m\libc.a
END GROUP
LOAD e:/app/nxp/mcuxpressoide_10.0.2_411/ide/tools/bin/../lib/gcc/arm-none-eabi/5.4.1/armv6-m/crtend.o
LOAD e:/app/nxp/mcuxpressoide_10.0.2_411/ide/tools/bin/../lib/gcc/arm-none-eabi/5.4.1/armv6-m/crtn.o
                0x1fff8000                _RAM_START_ = 0x1fff8000
                0x20017fff                _RAM_END_ = 0x20017fff
                0x0007f800                FREESCALE_PROD_DATA_BASE_ADDR = 0x7f800
                0x00000800                NV_STORAGE_SECTOR_SIZE = 0x800
                0x00000004                NV_STORAGE_MAX_SECTORS = 0x4
                0x0007f7ff                NV_STORAGE_START_ADDRESS = 0x7f7ff
                0x0007d800                NV_STORAGE_END_ADDRESS = ((NV_STORAGE_START_ADDRESS - (NV_STORAGE_MAX_SECTORS * NV_STORAGE_SECTOR_SIZE)) + 0x1)
                0x000000c0                __RAM_VECTOR_TABLE_SIZE = 0xc0
                0x20017dea                __BOOT_STACK_ADDRESS = 0x20017dea
                0x1ffffffb                __dummy_start = 0x1ffffffb

.interrupts     0x00000000       0xc0
                0x00000000                __VECTOR_TABLE = .
                0x00000000                . = ALIGN (0x4)
 *(.isr_vector)
 .isr_vector    0x00000000       0xc0 ./startup/startup_MKW41Z4.o
                0x00000000                __isr_vector
                0x000000c0                . = ALIGN (0x4)

.freescale_prod_data
                0x0007f800        0x0
                0x0007f800                . = ALIGN (0x4)
 *(.FREESCALE_PROD_DATA)
                0x0007f800                . = ALIGN (0x4)

.flash_config   0x00000400       0x10
                0x00000400                . = ALIGN (0x4)
 *(.FlashConfig)
 .FlashConfig   0x00000400       0x10 ./startup/startup_MKW41Z4.o
                0x00000410                . = ALIGN (0x4)

.text           0x00000420    0x20238
                0x00000420                . = ALIGN (0x4)
 *(.text)
 .text          0x00000420       0x60 e:/app/nxp/mcuxpressoide_10.0.2_411/ide/tools/bin/../lib/gcc/arm-none-eabi/5.4.1/armv6-m/crtbegin.o
 .text          0x00000480       0x78 e:/app/nxp/mcuxpressoide_10.0.2_411/ide/tools/bin/../lib/gcc/arm-none-eabi/5.4.1/../../../../arm-none-eabi/lib/armv6-m/crt0.o
                0x00000480                _start
                0x00000480                _mainCRTStartup
 .text          0x000004f8       0xc0 ./startup/startup_MKW41Z4.o
                0x000004f8                Reset_Handler
                0x00000540                Radio_0_IRQHandler
                0x00000540                DMA0_DriverIRQHandler
                0x00000540                CMP0_IRQHandler
                0x00000540                DMA2_DriverIRQHandler
                0x00000540                LPTMR0_IRQHandler
                0x00000540                TPM0_IRQHandler
                0x00000540                Radio_1_IRQHandler
                0x00000540                LLWU_IRQHandler
                0x00000540                TSI0_IRQHandler
                0x00000540                ADC0_IRQHandler
                0x00000540                CMT_IRQHandler
                0x00000540                FTFA_IRQHandler
                0x00000540                DefaultISR
                0x00000540                PORTB_PORTC_IRQHandler
                0x00000540                TPM2_IRQHandler
                0x00000540                RTC_IRQHandler
                0x00000540                LVD_LVW_DCDC_IRQHandler
                0x00000540                DMA3_DriverIRQHandler
                0x00000540                RTC_Seconds_IRQHandler
                0x00000540                MCG_IRQHandler
                0x00000540                TRNG0_IRQHandler
                0x00000540                Reserved20_IRQHandler
                0x00000540                LTC0_IRQHandler
                0x00000540                PIT_IRQHandler
                0x00000540                DMA1_DriverIRQHandler
                0x00000540                PORTA_IRQHandler
                0x00000540                TPM1_IRQHandler
                0x00000540                DAC0_IRQHandler
                0x00000548                HardFault_Handler
                0x00000558                DMA0_IRQHandler
                0x0000055c                DMA1_IRQHandler
                0x00000560                DMA2_IRQHandler
                0x00000564                DMA3_IRQHandler
                0x00000568                I2C0_IRQHandler
                0x0000056c                I2C1_IRQHandler
                0x00000570                SPI0_IRQHandler
                0x00000574                LPUART0_IRQHandler
                0x00000578                SPI1_IRQHandler
 .text          0x000005b8      0x114 e:/app/nxp/mcuxpressoide_10.0.2_411/ide/tools/bin/../lib/gcc/arm-none-eabi/5.4.1/armv6-m\libgcc.a(_udivsi3.o)
                0x000005b8                __aeabi_uidiv
                0x000005b8                __udivsi3
                0x000006c4                __aeabi_uidivmod
 .text          0x000006cc      0x1d4 e:/app/nxp/mcuxpressoide_10.0.2_411/ide/tools/bin/../lib/gcc/arm-none-eabi/5.4.1/armv6-m\libgcc.a(_divsi3.o)
                0x000006cc                __divsi3
                0x000006cc                __aeabi_idiv
                0x00000898                __aeabi_idivmod
 .text          0x000008a0        0x4 e:/app/nxp/mcuxpressoide_10.0.2_411/ide/tools/bin/../lib/gcc/arm-none-eabi/5.4.1/armv6-m\libgcc.a(_dvmd_tls.o)
                0x000008a0                __aeabi_idiv0
                0x000008a0                __aeabi_ldiv0
 .text          0x000008a4       0x74 e:/app/nxp/mcuxpressoide_10.0.2_411/ide/tools/bin/../lib/gcc/arm-none-eabi/5.4.1/armv6-m\libgcc.a(_arm_cmpsf2.o)
                0x000008a4                __aeabi_cfrcmple
                0x000008ac                __aeabi_cfcmpeq
                0x000008ac                __aeabi_cfcmple
                0x000008bc                __aeabi_fcmpeq
                0x000008c8                __aeabi_fcmplt
                0x000008dc                __aeabi_fcmple
                0x000008f0                __aeabi_fcmpgt
                0x00000904                __aeabi_fcmpge
 .text          0x00000918       0x40 e:/app/nxp/mcuxpressoide_10.0.2_411/ide/tools/bin/../lib/gcc/arm-none-eabi/5.4.1/armv6-m\libgcc.a(_aeabi_uldivmod.o)
                0x00000918                __aeabi_uldivmod
 .text          0x00000958       0x58 e:/app/nxp/mcuxpressoide_10.0.2_411/ide/tools/bin/../lib/gcc/arm-none-eabi/5.4.1/armv6-m\libgcc.a(_muldi3.o)
                0x00000958                __muldi3
                0x00000958                __aeabi_lmul
 .text          0x000009b0       0x30 e:/app/nxp/mcuxpressoide_10.0.2_411/ide/tools/bin/../lib/gcc/arm-none-eabi/5.4.1/armv6-m\libgcc.a(_fixunssfsi.o)
                0x000009b0                __fixunssfsi
                0x000009b0                __aeabi_f2uiz
 .text          0x000009e0      0x180 e:/app/nxp/mcuxpressoide_10.0.2_411/ide/tools/bin/../lib/gcc/arm-none-eabi/5.4.1/armv6-m\libgcc.a(_udivmoddi4.o)
                0x000009e0                __udivmoddi4
 .text          0x00000b60      0x2ec e:/app/nxp/mcuxpressoide_10.0.2_411/ide/tools/bin/../lib/gcc/arm-none-eabi/5.4.1/armv6-m\libgcc.a(addsf3.o)
                0x00000b60                __aeabi_fadd
 .text          0x00000e4c      0x234 e:/app/nxp/mcuxpressoide_10.0.2_411/ide/tools/bin/../lib/gcc/arm-none-eabi/5.4.1/armv6-m\libgcc.a(divsf3.o)
                0x00000e4c                __aeabi_fdiv
 .text          0x00001080       0x50 e:/app/nxp/mcuxpressoide_10.0.2_411/ide/tools/bin/../lib/gcc/arm-none-eabi/5.4.1/armv6-m\libgcc.a(eqsf2.o)
                0x00001080                __eqsf2
                0x00001080                __nesf2
 .text          0x000010d0       0x88 e:/app/nxp/mcuxpressoide_10.0.2_411/ide/tools/bin/../lib/gcc/arm-none-eabi/5.4.1/armv6-m\libgcc.a(gesf2.o)
                0x000010d0                __gesf2
                0x000010d0                __gtsf2
 .text          0x00001158       0x88 e:/app/nxp/mcuxpressoide_10.0.2_411/ide/tools/bin/../lib/gcc/arm-none-eabi/5.4.1/armv6-m\libgcc.a(lesf2.o)
                0x00001158                __ltsf2
                0x00001158                __lesf2
 .text          0x000011e0      0x228 e:/app/nxp/mcuxpressoide_10.0.2_411/ide/tools/bin/../lib/gcc/arm-none-eabi/5.4.1/armv6-m\libgcc.a(mulsf3.o)
                0x000011e0                __aeabi_fmul
 .text          0x00001408      0x30c e:/app/nxp/mcuxpressoide_10.0.2_411/ide/tools/bin/../lib/gcc/arm-none-eabi/5.4.1/armv6-m\libgcc.a(subsf3.o)
                0x00001408                __aeabi_fsub
 .text          0x00001714       0x44 e:/app/nxp/mcuxpressoide_10.0.2_411/ide/tools/bin/../lib/gcc/arm-none-eabi/5.4.1/armv6-m\libgcc.a(fixsfsi.o)
                0x00001714                __aeabi_f2iz
 .text          0x00001758       0x90 e:/app/nxp/mcuxpressoide_10.0.2_411/ide/tools/bin/../lib/gcc/arm-none-eabi/5.4.1/armv6-m\libgcc.a(floatsisf.o)
                0x00001758                __aeabi_i2f
 .text          0x000017e8       0x7c e:/app/nxp/mcuxpressoide_10.0.2_411/ide/tools/bin/../lib/gcc/arm-none-eabi/5.4.1/armv6-m\libgcc.a(floatunsisf.o)
                0x000017e8                __aeabi_ui2f
 .text          0x00001864       0x3c e:/app/nxp/mcuxpressoide_10.0.2_411/ide/tools/bin/../lib/gcc/arm-none-eabi/5.4.1/armv6-m\libgcc.a(_clzsi2.o)
                0x00001864                __clzsi2
 .text          0x000018a0       0x18 e:/app/nxp/mcuxpressoide_10.0.2_411/ide/tools/bin/../lib/gcc/arm-none-eabi/5.4.1/armv6-m\libgcc.a(_clzdi2.o)
                0x000018a0                __clzdi2
 .text          0x000018b8       0x38 E:\cc\frdmkw41z_wireless_examples_ieee_802_15_4_mwa_end_device_freertos\libs\lib_crypto_m0.a(SW_RNG.o)
                0x000018b8                SecLib_set_rng_seed
                0x000018c8                SecLib_get_random
 .text          0x000018f0      0x530 E:\cc\frdmkw41z_wireless_examples_ieee_802_15_4_mwa_end_device_freertos\libs\lib802.15.4_mac_06_cm0.a(MacMain.o)
                0x000018f0                BindToMAC
                0x0000191c                UnBindFromMAC
                0x00001938                MAC_EventSet
                0x00001962                Mac_Task
                0x00001a58                Mac_InitializeData
                0x00001afe                Mac_RegisterSapHandlers
                0x00001b10                PD_MAC_SapHandler
                0x00001b32                PLME_MAC_SapHandler
                0x00001b3a                NWK_MCPS_SapHandler
                0x00001b94                NWK_MLME_SapHandler
                0x00001c3c                Mlme_VerifyNwkInput
                0x00001d48                Mac_GetState
                0x00001db4                Dumy_MCPS_NWK_SapHandler
                0x00001db8                Dumy_MLME_NWK_SapHandler
                0x00001dc2                Mac_SetTrxLowPowerMode
                0x00001df0                Mac_SetTrxActiveMode
 .text          0x00001e20      0xd04 E:\cc\frdmkw41z_wireless_examples_ieee_802_15_4_mwa_end_device_freertos\libs\lib802.15.4_mac_06_cm0.a(MacPib.o)
                0x00001e20                macInitPIBs
                0x00002130                macVerifySetReq
                0x00002268                mlmeGetSetReq
                0x000026c8                mlmeGetSizeOfPIB
                0x0000282a                Mac_SetPhyPIBs
                0x00002986                Mac_SetExtendedAddress
                0x000029b4                Mac_GetExtendedAddress
 .text          0x00002b24      0x598 E:\cc\frdmkw41z_wireless_examples_ieee_802_15_4_mwa_end_device_freertos\libs\lib802.15.4_mac_06_cm0.a(MacStateMachine.o)
                0x00002b24                Mac_TransactionExpire
                0x00002b30                Mac_PhyMsgHandler
                0x00002bec                Mac_NwkMsgHandler
                0x00002ca8                Mac_McpsDataReqHandle
 .text          0x000030bc       0xcc E:\cc\frdmkw41z_wireless_examples_ieee_802_15_4_mwa_end_device_freertos\libs\lib802.15.4_mac_06_cm0.a(Orphan.o)
                0x000030bc                Orphan_VerifyParameters
                0x000030f2                Orphan_InitSeq
                0x00003134                Orphan_SendStatus
 .text          0x00003188      0x258 E:\cc\frdmkw41z_wireless_examples_ieee_802_15_4_mwa_end_device_freertos\libs\lib802.15.4_mac_06_cm0.a(Poll.o)
                0x00003188                Poll_VerifyParameters
                0x000031c6                Poll_InitSeq
                0x0000320a                Poll_SendStatus
                0x0000324c                Poll_DataRx
                0x00003312                Poll_SendConfirm
                0x00003382                Poll_Timeout
 .text          0x000033e0      0x11a E:\cc\frdmkw41z_wireless_examples_ieee_802_15_4_mwa_end_device_freertos\libs\lib802.15.4_mac_06_cm0.a(Reset.o)
                0x000033e0                mlmeResetReq
 *fill*         0x000034fa        0x2 
 .text          0x000034fc       0xe0 E:\cc\frdmkw41z_wireless_examples_ieee_802_15_4_mwa_end_device_freertos\libs\lib802.15.4_mac_06_cm0.a(RxEnable.o)
                0x000034fc                RxEnable_InitSeq
                0x00003558                RxEnable_SetRx
                0x0000359a                RxEnable_Deactivate
 .text          0x000035dc      0x644 E:\cc\frdmkw41z_wireless_examples_ieee_802_15_4_mwa_end_device_freertos\libs\lib802.15.4_mac_06_cm0.a(Scan.o)
                0x000035dc                Mac_ScanMsgHandler
                0x0000366a                Scan_StartFastEDScan
                0x0000369c                Scan_StartEDScan
                0x00003714                Scan_StartActivePassiveScan
                0x00003766                Scan_StartOrphanScan
                0x00003794                Scan_Advance
                0x000037b6                Scan_StartTimer
                0x000037da                Scan_FastEdAcquire
                0x00003822                Scan_EdAcquire
                0x00003870                Scan_ActivePassiveAcquire
                0x000039ac                Scan_OrphanAcquire
 .text          0x00003c20      0x1b0 E:\cc\frdmkw41z_wireless_examples_ieee_802_15_4_mwa_end_device_freertos\libs\lib802.15.4_mac_06_cm0.a(Start.o)
                0x00003c20                Start_VerifyParameters
                0x00003ce0                Start_InitSeq
                0x00003d26                Start_SetPIBs
                0x00003d80                CoordRealignment_SendStatus
                0x00003da8                Start_SeqTerminate
 .text          0x00003dd0      0x370 E:\cc\frdmkw41z_wireless_examples_ieee_802_15_4_mwa_end_device_freertos\libs\lib802.15.4_mac_06_cm0.a(Association.o)
                0x00003dd0                Association_VerifyParameters
                0x00003e1e                Association_InitSeq
                0x00003e82                Association_TriggerPoll
                0x00003e96                AssociationPoll_SendStatus
                0x00003efc                AssociationPoll_DataRx
                0x00003ffc                AssociationReq_SendStatus
                0x000040b8                AssociationRes_VerifyParameters
                0x000040ec                AssociationRes_SendStatus
 .text          0x00004140      0x6e8 E:\cc\frdmkw41z_wireless_examples_ieee_802_15_4_mwa_end_device_freertos\libs\lib802.15.4_mac_06_cm0.a(DataRx.o)
                0x00004140                Mac_PreProcessDataIndication
                0x000041d0                Mac_ProcessDataIndication
                0x000043e2                Mac_ProcessBeaconFrame
                0x00004582                Mac_CreateMcpsDataInd
                0x00004636                Mac_CreateMlmeCommStatusInd
                0x000046d0                Mac_CreateMlmeSyncLossInd
                0x0000472a                Mac_IsPanIdConflict
                0x00004786                Mac_IsMyCoordinator
                0x000047d4                Mac_PostponeActiveSeq
 .text          0x00004828      0x5ac E:\cc\frdmkw41z_wireless_examples_ieee_802_15_4_mwa_end_device_freertos\libs\lib802.15.4_mac_06_cm0.a(DataTx.o)
                0x00004828                DataTx_VerifyParameters
                0x0000489c                DataTx_InitSeq
                0x00004a62                DataTx_SendData
                0x00004a98                DataTx_SendDataConfirm
                0x00004b2e                DataTx_SendEmptyFrame
                0x00004b68                DataTx_SendStatus
                0x00004c8a                DataTx_CheckForExpirePackets
                0x00004d18                Mac_GetRandomBackoff
                0x00004d3a                DataTx_CsmaCaRetry
                0x00004d62                DataTx_Backoff
                0x00004d74                DataTx_SendDataWithBackoff
                0x00004dc8                Mac_InitCsmaCaVariables
 .text          0x00004dd4      0x108 E:\cc\frdmkw41z_wireless_examples_ieee_802_15_4_mwa_end_device_freertos\libs\lib802.15.4_mac_06_cm0.a(Disassociation.o)
                0x00004dd4                Disassociation_VerifyParameters
                0x00004e5c                Disassociation_InitSeq
                0x00004e9e                Disassociation_SendStatus
 .text          0x00004edc      0xca8 E:\cc\frdmkw41z_wireless_examples_ieee_802_15_4_mwa_end_device_freertos\libs\lib802.15.4_mac_06_cm0.a(MacFrames.o)
                0x00004edc                FrameBuild_AssociationRequest
                0x00004f3e                FrameBuild_AssociationResponse
                0x00004fb8                FrameBuild_DisassociationNotification
                0x00005022                FrameBuild_DataRequest
                0x000050d8                FrameBuild_PanIdConflictNotification
                0x00005110                FrameBuild_OrphanNotification
                0x00005142                FrameBuild_BeaconRequest
                0x00005180                FrameBuild_CoordinatorRealignment
                0x000052b0                FrameBuild_Beacon
                0x00005478                FrameBuild_Data
                0x000056f8                FrameBuild_ZeroLengthPayload
                0x000057c0                Mac_GetMacHeader
                0x000058b0                Mac_GetMaxMsduLength
                0x000058e0                Mac_GetOverheadSize
                0x00005930                FrameBuild_Command
                0x00005b80                addrModeFieldLengthTable
 .text          0x00005b84       0x4c E:\cc\frdmkw41z_wireless_examples_ieee_802_15_4_mwa_end_device_freertos\libs\lib802.15.4_mac_06_cm0.a(MacMem.o)
                0x00005b84                Mac_MemAllocZero
                0x00005ba4                FrameAlloc
 .text          0x00005bd0      0xa58 E:\cc\frdmkw41z_wireless_examples_ieee_802_15_4_mwa_end_device_freertos\libs\lib802.15.4_mac_06_cm0.a(MacSec.o)
                0x00005c08                Sec_DetermineASHLength
                0x00005c3c                keyIdModeToAshLengthTable
                0x00006124                Sec_CheckBeaconSecurityParameters
                0x000061e4                Sec_SecureTxFrame
                0x000062ca                Sec_CreateAuxSecHeader
                0x00006350                Sec_UnsecureRxFrame
 .text          0x00006628       0xfa E:\cc\frdmkw41z_wireless_examples_ieee_802_15_4_mwa_end_device_freertos\libs\lib802.15.4_mac_06_cm0.a(MacSequenceMngr.o)
                0x00006628                getFirstSequenceByChecksum
                0x00006642                getLastSequenceByChecksum
                0x00006662                getSequenceByDestination
                0x0000668e                getSequenceByMsduHandle
                0x000066ae                createNewSeq
                0x000066c4                getChecksum
                0x000066f0                getFreeIndex
 .text          0x00006722       0x68 E:\cc\frdmkw41z_wireless_examples_ieee_802_15_4_mwa_end_device_freertos\libs\lib802.15.4_mac_06_cm0.a(SecurityLib.o)
                0x00006722                AES_128_CCM_Star
 *fill*         0x0000678a        0x2 
 .text          0x0000678c       0x88 e:/app/nxp/mcuxpressoide_10.0.2_411/ide/tools/bin/../lib/gcc/arm-none-eabi/5.4.1/armv6-m\libgcc.a(unaligned-funcs.o)
                0x0000678c                __aeabi_uread4
                0x000067ac                __aeabi_uwrite4
                0x000067bc                __aeabi_uread8
                0x000067f4                __aeabi_uwrite8
 *(.text*)
 .text.DbgConsole_Printf
                0x00006814       0x44 ./utilities/fsl_debug_console.o
                0x00006814                DbgConsole_Printf
 .text.DbgConsole_Putchar
                0x00006858       0x34 ./utilities/fsl_debug_console.o
                0x00006858                DbgConsole_Putchar
 .text.DbgConsole_PrintfPaddingCharacter
                0x0000688c       0x48 ./utilities/fsl_debug_console.o
 .text.DbgConsole_ConvertRadixNumToString
                0x000068d4      0x114 ./utilities/fsl_debug_console.o
 .text.DbgConsole_PrintfFormattedData
                0x000069e8      0x334 ./utilities/fsl_debug_console.o
 .text.main_task
                0x00006d1c       0xb0 ./source/mwa_end_device.o
                0x00006d1c                main_task
 .text.App_Idle_Task
                0x00006dcc       0x70 ./source/mwa_end_device.o
                0x00006dcc                App_Idle_Task
 .text.App_init
                0x00006e3c      0x130 ./source/mwa_end_device.o
                0x00006e3c                App_init
 .text.AppThread
                0x00006f6c      0x7c0 ./source/mwa_end_device.o
                0x00006f6c                AppThread
 .text.UartRxCallBack
                0x0000772c       0x64 ./source/mwa_end_device.o
 .text.App_StartScan
                0x00007790       0xc4 ./source/mwa_end_device.o
 .text.App_HandleScanActiveConfirm
                0x00007854       0xf0 ./source/mwa_end_device.o
 .text.App_SendAssociateRequest
                0x00007944       0xe4 ./source/mwa_end_device.o
 .text.App_HandleAssociateConfirm
                0x00007a28       0x64 ./source/mwa_end_device.o
 .text.App_HandleMlmeInput
                0x00007a8c       0x88 ./source/mwa_end_device.o
 .text.App_HandleMcpsInput
                0x00007b14       0xd8 ./source/mwa_end_device.o
 .text.App_WaitMsg
                0x00007bec       0x34 ./source/mwa_end_device.o
 .text.App_TransmitUartData
                0x00007c20      0x184 ./source/mwa_end_device.o
 .text.AppPollWaitTimeout
                0x00007da4       0xb0 ./source/mwa_end_device.o
 .text.App_HandleKeys
                0x00007e54       0x58 ./source/mwa_end_device.o
 .text.MLME_NWK_SapHandler
                0x00007eac       0x34 ./source/mwa_end_device.o
                0x00007eac                MLME_NWK_SapHandler
 .text.MCPS_NWK_SapHandler
                0x00007ee0       0x34 ./source/mwa_end_device.o
                0x00007ee0                MCPS_NWK_SapHandler
 .text.MPM_AcquirePAN
                0x00007f14       0x14 ./ieee_802.15.4/phy/source/MKW41Z/MPM.o
                0x00007f14                MPM_AcquirePAN
 .text.MPM_ReleasePAN
                0x00007f28       0x14 ./ieee_802.15.4/phy/source/MKW41Z/MPM.o
                0x00007f28                MPM_ReleasePAN
 .text.NVIC_EnableIRQ
                0x00007f3c       0x2c ./ieee_802.15.4/phy/source/MKW41Z/PhyISR.o
 .text.NVIC_ClearPendingIRQ
                0x00007f68       0x30 ./ieee_802.15.4/phy/source/MKW41Z/PhyISR.o
 .text.NVIC_SetPriority
                0x00007f98       0xdc ./ieee_802.15.4/phy/source/MKW41Z/PhyISR.o
 .text.ProtectFromXcvrInterrupt
                0x00008074       0x3c ./ieee_802.15.4/phy/source/MKW41Z/PhyISR.o
                0x00008074                ProtectFromXcvrInterrupt
 .text.UnprotectFromXcvrInterrupt
                0x000080b0       0x44 ./ieee_802.15.4/phy/source/MKW41Z/PhyISR.o
                0x000080b0                UnprotectFromXcvrInterrupt
 .text.PhyIsrPassRxParams
                0x000080f4       0x1c ./ieee_802.15.4/phy/source/MKW41Z/PhyISR.o
                0x000080f4                PhyIsrPassRxParams
 .text.PhyIsrSeqCleanup
                0x00008110       0x5c ./ieee_802.15.4/phy/source/MKW41Z/PhyISR.o
 .text.PhyIsrTimeoutCleanup
                0x0000816c       0x60 ./ieee_802.15.4/phy/source/MKW41Z/PhyISR.o
 .text.Phy_GetEnergyLevel
                0x000081cc       0x58 ./ieee_802.15.4/phy/source/MKW41Z/PhyISR.o
                0x000081cc                Phy_GetEnergyLevel
 .text.PHY_InterruptHandler
                0x00008224      0x340 ./ieee_802.15.4/phy/source/MKW41Z/PhyISR.o
                0x00008224                PHY_InterruptHandler
 .text.PHY_InstallIsr
                0x00008564       0x30 ./ieee_802.15.4/phy/source/MKW41Z/PhyISR.o
                0x00008564                PHY_InstallIsr
 .text.Phy_GetRxParams
                0x00008594       0x74 ./ieee_802.15.4/phy/source/MKW41Z/PhyISR.o
 .text.Phy_LqiConvert
                0x00008608       0x48 ./ieee_802.15.4/phy/source/MKW41Z/PhyISR.o
 .text.PhyHwInit
                0x00008650      0x14c ./ieee_802.15.4/phy/source/MKW41Z/PhyPacketProcessor.o
                0x00008650                PhyHwInit
 .text.PhyAbort
                0x0000879c       0xac ./ieee_802.15.4/phy/source/MKW41Z/PhyPacketProcessor.o
                0x0000879c                PhyAbort
 .text.PhyPpGetState
                0x00008848       0x1c ./ieee_802.15.4/phy/source/MKW41Z/PhyPacketProcessor.o
                0x00008848                PhyPpGetState
 .text.PhyPpSetPanId
                0x00008864       0x6c ./ieee_802.15.4/phy/source/MKW41Z/PhyPacketProcessor.o
                0x00008864                PhyPpSetPanId
 .text.PhyPpSetShortAddr
                0x000088d0       0x70 ./ieee_802.15.4/phy/source/MKW41Z/PhyPacketProcessor.o
                0x000088d0                PhyPpSetShortAddr
 .text.PhyPpSetLongAddr
                0x00008940       0x60 ./ieee_802.15.4/phy/source/MKW41Z/PhyPacketProcessor.o
                0x00008940                PhyPpSetLongAddr
 .text.PhyPpSetMacRole
                0x000089a0       0x90 ./ieee_802.15.4/phy/source/MKW41Z/PhyPacketProcessor.o
                0x000089a0                PhyPpSetMacRole
 .text.PhyPpSetPromiscuous
                0x00008a30       0x70 ./ieee_802.15.4/phy/source/MKW41Z/PhyPacketProcessor.o
                0x00008a30                PhyPpSetPromiscuous
 .text.PhyPp_IndirectQueueInsert
                0x00008aa0       0x74 ./ieee_802.15.4/phy/source/MKW41Z/PhyPacketProcessor.o
                0x00008aa0                PhyPp_IndirectQueueInsert
 .text.PhyPp_RemoveFromIndirect
                0x00008b14       0x64 ./ieee_802.15.4/phy/source/MKW41Z/PhyPacketProcessor.o
                0x00008b14                PhyPp_RemoveFromIndirect
 .text.PhyPpIsTxAckDataPending
                0x00008b78       0x4c ./ieee_802.15.4/phy/source/MKW41Z/PhyPacketProcessor.o
                0x00008b78                PhyPpIsTxAckDataPending
 .text.PhyPlmeSetPwrState
                0x00008bc4      0x128 ./ieee_802.15.4/phy/source/MKW41Z/PhyPacketProcessor.o
                0x00008bc4                PhyPlmeSetPwrState
 .text.PhyPdDataRequest
                0x00008cec      0x194 ./ieee_802.15.4/phy/source/MKW41Z/PhyPlmeData.o
                0x00008cec                PhyPdDataRequest
 .text.PhyPlmeRxRequest
                0x00008e80      0x170 ./ieee_802.15.4/phy/source/MKW41Z/PhyPlmeData.o
                0x00008e80                PhyPlmeRxRequest
 .text.PhyPlmeCcaEdRequest
                0x00008ff0      0x11c ./ieee_802.15.4/phy/source/MKW41Z/PhyPlmeData.o
                0x00008ff0                PhyPlmeCcaEdRequest
 .text.PhyPlmeSetCurrentChannelRequest
                0x0000910c       0x8c ./ieee_802.15.4/phy/source/MKW41Z/PhyPlmeData.o
                0x0000910c                PhyPlmeSetCurrentChannelRequest
 .text.PhyPlmeGetCurrentChannelRequest
                0x00009198       0x3c ./ieee_802.15.4/phy/source/MKW41Z/PhyPlmeData.o
                0x00009198                PhyPlmeGetCurrentChannelRequest
 .text.PhyPlmeSetPwrLevelRequest
                0x000091d4       0x7c ./ieee_802.15.4/phy/source/MKW41Z/PhyPlmeData.o
                0x000091d4                PhyPlmeSetPwrLevelRequest
 .text.PhyPlmeGetPwrLevelRequest
                0x00009250       0x34 ./ieee_802.15.4/phy/source/MKW41Z/PhyPlmeData.o
                0x00009250                PhyPlmeGetPwrLevelRequest
 .text.PhyPlmeSetPIBRequest
                0x00009284      0x1c8 ./ieee_802.15.4/phy/source/MKW41Z/PhyPlmeData.o
                0x00009284                PhyPlmeSetPIBRequest
 .text.PhyPlmeGetPIBRequest
                0x0000944c      0x3c4 ./ieee_802.15.4/phy/source/MKW41Z/PhyPlmeData.o
                0x0000944c                PhyPlmeGetPIBRequest
 .text.PhyRxRetry
                0x00009810       0x74 ./ieee_802.15.4/phy/source/MKW41Z/PhyPlmeData.o
 .text.Phy_Init
                0x00009884       0x40 ./ieee_802.15.4/phy/source/MKW41Z/PhyStateMachine.o
                0x00009884                Phy_Init
 .text.BindToPHY
                0x000098c4       0x14 ./ieee_802.15.4/phy/source/MKW41Z/PhyStateMachine.o
                0x000098c4                BindToPHY
 .text.Phy_RegisterSapHandlers
                0x000098d8       0x24 ./ieee_802.15.4/phy/source/MKW41Z/PhyStateMachine.o
                0x000098d8                Phy_RegisterSapHandlers
 .text.Phy24Task
                0x000098fc      0x174 ./ieee_802.15.4/phy/source/MKW41Z/PhyStateMachine.o
 .text.MAC_PD_SapHandler
                0x00009a70       0xb8 ./ieee_802.15.4/phy/source/MKW41Z/PhyStateMachine.o
                0x00009a70                MAC_PD_SapHandler
 .text.MAC_PLME_SapHandler
                0x00009b28      0x1a4 ./ieee_802.15.4/phy/source/MKW41Z/PhyStateMachine.o
                0x00009b28                MAC_PLME_SapHandler
 .text.Phy_HandlePdDataReq
                0x00009ccc      0x180 ./ieee_802.15.4/phy/source/MKW41Z/PhyStateMachine.o
 .text.Phy_SetSequenceTiming
                0x00009e4c       0xa4 ./ieee_802.15.4/phy/source/MKW41Z/PhyStateMachine.o
                0x00009e4c                Phy_SetSequenceTiming
 .text.Phy_EnterIdle
                0x00009ef0       0x8c ./ieee_802.15.4/phy/source/MKW41Z/PhyStateMachine.o
 .text.PhyPlmeSetFrameWaitTime
                0x00009f7c       0x1c ./ieee_802.15.4/phy/source/MKW41Z/PhyStateMachine.o
                0x00009f7c                PhyPlmeSetFrameWaitTime
 .text.PhyPlmeSetRxOnWhenIdle
                0x00009f98       0x88 ./ieee_802.15.4/phy/source/MKW41Z/PhyStateMachine.o
                0x00009f98                PhyPlmeSetRxOnWhenIdle
 .text.PhyIsIdleRx
                0x0000a020       0x50 ./ieee_802.15.4/phy/source/MKW41Z/PhyStateMachine.o
                0x0000a020                PhyIsIdleRx
 .text.Radio_Phy_PdDataConfirm
                0x0000a070       0x98 ./ieee_802.15.4/phy/source/MKW41Z/PhyStateMachine.o
                0x0000a070                Radio_Phy_PdDataConfirm
 .text.Radio_Phy_PdDataIndication
                0x0000a108       0x24 ./ieee_802.15.4/phy/source/MKW41Z/PhyStateMachine.o
                0x0000a108                Radio_Phy_PdDataIndication
 .text.Radio_Phy_TimeWaitTimeoutIndication
                0x0000a12c       0x14 ./ieee_802.15.4/phy/source/MKW41Z/PhyStateMachine.o
                0x0000a12c                Radio_Phy_TimeWaitTimeoutIndication
 .text.Radio_Phy_PlmeCcaConfirm
                0x0000a140       0x34 ./ieee_802.15.4/phy/source/MKW41Z/PhyStateMachine.o
                0x0000a140                Radio_Phy_PlmeCcaConfirm
 .text.Radio_Phy_PlmeEdConfirm
                0x0000a174       0x34 ./ieee_802.15.4/phy/source/MKW41Z/PhyStateMachine.o
                0x0000a174                Radio_Phy_PlmeEdConfirm
 .text.Radio_Phy_TimeRxTimeoutIndication
                0x0000a1a8       0x30 ./ieee_802.15.4/phy/source/MKW41Z/PhyStateMachine.o
                0x0000a1a8                Radio_Phy_TimeRxTimeoutIndication
 .text.Radio_Phy_TimeStartEventIndication
                0x0000a1d8       0x10 ./ieee_802.15.4/phy/source/MKW41Z/PhyStateMachine.o
                0x0000a1d8                Radio_Phy_TimeStartEventIndication
 .text.Radio_Phy_PlmeRxWatermark
                0x0000a1e8       0xb8 ./ieee_802.15.4/phy/source/MKW41Z/PhyStateMachine.o
                0x0000a1e8                Radio_Phy_PlmeRxWatermark
 .text.Radio_Phy_PlmeSyncLossIndication
                0x0000a2a0       0x1c ./ieee_802.15.4/phy/source/MKW41Z/PhyStateMachine.o
                0x0000a2a0                Radio_Phy_PlmeSyncLossIndication
 .text.Radio_Phy_PlmeFilterFailRx
                0x0000a2bc       0x10 ./ieee_802.15.4/phy/source/MKW41Z/PhyStateMachine.o
                0x0000a2bc                Radio_Phy_PlmeFilterFailRx
 .text.PLME_SendMessage
                0x0000a2cc       0xcc ./ieee_802.15.4/phy/source/MKW41Z/PhyStateMachine.o
 .text.PD_SendMessage
                0x0000a398      0x1d4 ./ieee_802.15.4/phy/source/MKW41Z/PhyStateMachine.o
 .text.Phy_SendLatePLME
                0x0000a56c       0x24 ./ieee_802.15.4/phy/source/MKW41Z/PhyStateMachine.o
 .text.Phy_SendLatePD
                0x0000a590       0x24 ./ieee_802.15.4/phy/source/MKW41Z/PhyStateMachine.o
 .text.Radio_Phy_Notify
                0x0000a5b4       0x18 ./ieee_802.15.4/phy/source/MKW41Z/PhyStateMachine.o
                0x0000a5b4                Radio_Phy_Notify
 .text.PhyTimeSetEventTrigger
                0x0000a5cc       0x68 ./ieee_802.15.4/phy/source/MKW41Z/PhyTime.o
                0x0000a5cc                PhyTimeSetEventTrigger
 .text.PhyTimeDisableEventTrigger
                0x0000a634       0x5c ./ieee_802.15.4/phy/source/MKW41Z/PhyTime.o
                0x0000a634                PhyTimeDisableEventTrigger
 .text.PhyTimeSetEventTimeout
                0x0000a690       0x74 ./ieee_802.15.4/phy/source/MKW41Z/PhyTime.o
                0x0000a690                PhyTimeSetEventTimeout
 .text.PhyTimeGetEventTimeout
                0x0000a704       0x20 ./ieee_802.15.4/phy/source/MKW41Z/PhyTime.o
                0x0000a704                PhyTimeGetEventTimeout
 .text.PhyTimeDisableEventTimeout
                0x0000a724       0x60 ./ieee_802.15.4/phy/source/MKW41Z/PhyTime.o
                0x0000a724                PhyTimeDisableEventTimeout
 .text.PhyTimeReadClock
                0x0000a784       0x28 ./ieee_802.15.4/phy/source/MKW41Z/PhyTime.o
                0x0000a784                PhyTimeReadClock
 .text.PhyTimeSetWaitTimeout
                0x0000a7ac       0x68 ./ieee_802.15.4/phy/source/MKW41Z/PhyTime.o
                0x0000a7ac                PhyTimeSetWaitTimeout
 .text.PhyTimeDisableWaitTimeout
                0x0000a814       0x50 ./ieee_802.15.4/phy/source/MKW41Z/PhyTime.o
                0x0000a814                PhyTimeDisableWaitTimeout
 .text.PhyTime_ISR
                0x0000a864       0x54 ./ieee_802.15.4/phy/source/MKW41Z/PhyTime.o
                0x0000a864                PhyTime_ISR
 .text.PhyTime_TimerInit
                0x0000a8b8       0x90 ./ieee_802.15.4/phy/source/MKW41Z/PhyTime.o
                0x0000a8b8                PhyTime_TimerInit
 .text.PhyTime_GetTimestamp
                0x0000a948       0x80 ./ieee_802.15.4/phy/source/MKW41Z/PhyTime.o
                0x0000a948                PhyTime_GetTimestamp
 .text.PhyTime_ScheduleEvent
                0x0000a9c8       0xec ./ieee_802.15.4/phy/source/MKW41Z/PhyTime.o
                0x0000a9c8                PhyTime_ScheduleEvent
 .text.PhyTime_CancelEvent
                0x0000aab4       0xa4 ./ieee_802.15.4/phy/source/MKW41Z/PhyTime.o
                0x0000aab4                PhyTime_CancelEvent
 .text.PhyTime_CancelEventsWithParam
                0x0000ab58       0xac ./ieee_802.15.4/phy/source/MKW41Z/PhyTime.o
                0x0000ab58                PhyTime_CancelEventsWithParam
 .text.PhyTime_RunCallback
                0x0000ac04       0x64 ./ieee_802.15.4/phy/source/MKW41Z/PhyTime.o
                0x0000ac04                PhyTime_RunCallback
 .text.PhyTime_Maintenance
                0x0000ac68       0x74 ./ieee_802.15.4/phy/source/MKW41Z/PhyTime.o
                0x0000ac68                PhyTime_Maintenance
 .text.PhyTime_OverflowCB
                0x0000acdc       0x50 ./ieee_802.15.4/phy/source/MKW41Z/PhyTime.o
 .text.PhyTime_GetNextEvent
                0x0000ad2c       0x74 ./ieee_802.15.4/phy/source/MKW41Z/PhyTime.o
 .text.MAC_Monitor
                0x0000ada0       0x24 ./ieee_802.15.4/mac/source/App/FsciMacCommands.o
                0x0000ada0                MAC_Monitor
 .text.MAC_Init
                0x0000adc4       0x68 ./ieee_802.15.4/mac/source/App/MacGlobals.o
                0x0000adc4                MAC_Init
 .text.xEventGroupCreate
                0x0000ae2c       0x30 ./freertos/event_groups.o
                0x0000ae2c                xEventGroupCreate
 .text.xEventGroupWaitBits
                0x0000ae5c      0x148 ./freertos/event_groups.o
                0x0000ae5c                xEventGroupWaitBits
 .text.xEventGroupSetBits
                0x0000afa4       0xf4 ./freertos/event_groups.o
                0x0000afa4                xEventGroupSetBits
 .text.vEventGroupSetBitsCallback
                0x0000b098       0x20 ./freertos/event_groups.o
                0x0000b098                vEventGroupSetBitsCallback
 .text.prvTestWaitCondition
                0x0000b0b8       0x40 ./freertos/event_groups.o
 .text.xEventGroupSetBitsFromISR
                0x0000b0f8       0x2c ./freertos/event_groups.o
                0x0000b0f8                xEventGroupSetBitsFromISR
 .text.prvSetupTimerInterrupt
                0x0000b124       0x3c ./freertos/fsl_tickless_lptmr.o
                0x0000b124                prvSetupTimerInterrupt
 .text.pvPortMalloc
                0x0000b160      0x14c ./freertos/heap_4.o
                0x0000b160                pvPortMalloc
 .text.vPortFree
                0x0000b2ac       0x90 ./freertos/heap_4.o
                0x0000b2ac                vPortFree
 .text.prvHeapInit
                0x0000b33c       0xc0 ./freertos/heap_4.o
 .text.prvInsertBlockIntoFreeList
                0x0000b3fc       0xb0 ./freertos/heap_4.o
 .text.vListInitialise
                0x0000b4ac       0x3c ./freertos/list.o
                0x0000b4ac                vListInitialise
 .text.vListInitialiseItem
                0x0000b4e8       0x18 ./freertos/list.o
                0x0000b4e8                vListInitialiseItem
 .text.vListInsertEnd
                0x0000b500       0x44 ./freertos/list.o
                0x0000b500                vListInsertEnd
 .text.vListInsert
                0x0000b544       0x6c ./freertos/list.o
                0x0000b544                vListInsert
 .text.uxListRemove
                0x0000b5b0       0x50 ./freertos/list.o
                0x0000b5b0                uxListRemove
 .text.pxPortInitialiseStack
                0x0000b600       0x54 ./freertos/port.o
                0x0000b600                pxPortInitialiseStack
 .text.prvTaskExitError
                0x0000b654       0x18 ./freertos/port.o
 .text.SVC_Handler
                0x0000b66c        0xc ./freertos/port.o
                0x0000b66c                SVC_Handler
 *fill*         0x0000b678        0x8 
 .text.vPortStartFirstTask
                0x0000b680       0x38 ./freertos/port.o
 .text.xPortStartScheduler
                0x0000b6b8       0x44 ./freertos/port.o
                0x0000b6b8                xPortStartScheduler
 .text.vPortYield
                0x0000b6fc       0x20 ./freertos/port.o
                0x0000b6fc                vPortYield
 .text.vPortEnterCritical
                0x0000b71c       0x24 ./freertos/port.o
                0x0000b71c                vPortEnterCritical
 .text.vPortExitCritical
                0x0000b740       0x30 ./freertos/port.o
                0x0000b740                vPortExitCritical
 .text.ulSetInterruptMaskFromISR
                0x0000b770        0xc ./freertos/port.o
                0x0000b770                ulSetInterruptMaskFromISR
 .text.vClearInterruptMaskFromISR
                0x0000b77c        0x8 ./freertos/port.o
                0x0000b77c                vClearInterruptMaskFromISR
 *fill*         0x0000b784        0xc 
 .text.PendSV_Handler
                0x0000b790       0x48 ./freertos/port.o
                0x0000b790                PendSV_Handler
 .text.SysTick_Handler
                0x0000b7d8       0x34 ./freertos/port.o
                0x0000b7d8                SysTick_Handler
 .text.xQueueGenericReset
                0x0000b80c       0xa8 ./freertos/queue.o
                0x0000b80c                xQueueGenericReset
 .text.xQueueGenericCreate
                0x0000b8b4       0x64 ./freertos/queue.o
                0x0000b8b4                xQueueGenericCreate
 .text.prvInitialiseNewQueue
                0x0000b918       0x50 ./freertos/queue.o
 .text.prvInitialiseMutex
                0x0000b968       0x34 ./freertos/queue.o
 .text.xQueueCreateMutex
                0x0000b99c       0x38 ./freertos/queue.o
                0x0000b99c                xQueueCreateMutex
 .text.xQueueGetMutexHolder
                0x0000b9d4       0x30 ./freertos/queue.o
                0x0000b9d4                xQueueGetMutexHolder
 .text.xQueueCreateCountingSemaphore
                0x0000ba04       0x48 ./freertos/queue.o
                0x0000ba04                xQueueCreateCountingSemaphore
 .text.xQueueGenericSend
                0x0000ba4c      0x188 ./freertos/queue.o
                0x0000ba4c                xQueueGenericSend
 .text.xQueueGenericSendFromISR
                0x0000bbd4       0xe4 ./freertos/queue.o
                0x0000bbd4                xQueueGenericSendFromISR
 .text.xQueueGiveFromISR
                0x0000bcb8       0xcc ./freertos/queue.o
                0x0000bcb8                xQueueGiveFromISR
 .text.xQueueGenericReceive
                0x0000bd84      0x1c8 ./freertos/queue.o
                0x0000bd84                xQueueGenericReceive
 .text.prvCopyDataToQueue
                0x0000bf4c       0xd8 ./freertos/queue.o
 .text.prvCopyDataFromQueue
                0x0000c024       0x4c ./freertos/queue.o
 .text.prvUnlockQueue
                0x0000c070       0xc0 ./freertos/queue.o
 .text.prvIsQueueEmpty
                0x0000c130       0x2c ./freertos/queue.o
 .text.prvIsQueueFull
                0x0000c15c       0x30 ./freertos/queue.o
 .text.vQueueAddToRegistry
                0x0000c18c       0x50 ./freertos/queue.o
                0x0000c18c                vQueueAddToRegistry
 .text.vQueueWaitForMessageRestricted
                0x0000c1dc       0x68 ./freertos/queue.o
                0x0000c1dc                vQueueWaitForMessageRestricted
 .text.xTaskCreate
                0x0000c244       0x90 ./freertos/tasks.o
                0x0000c244                xTaskCreate
 .text.prvInitialiseNewTask
                0x0000c2d4      0x12c ./freertos/tasks.o
 .text.prvAddNewTaskToReadyList
                0x0000c400       0xd0 ./freertos/tasks.o
 .text.vTaskStartScheduler
                0x0000c4d0       0x78 ./freertos/tasks.o
                0x0000c4d0                vTaskStartScheduler
 .text.vTaskSuspendAll
                0x0000c548       0x18 ./freertos/tasks.o
                0x0000c548                vTaskSuspendAll
 .text.xTaskResumeAll
                0x0000c560      0x118 ./freertos/tasks.o
                0x0000c560                xTaskResumeAll
 .text.xTaskGetTickCount
                0x0000c678       0x1c ./freertos/tasks.o
                0x0000c678                xTaskGetTickCount
 .text.xTaskIncrementTick
                0x0000c694      0x14c ./freertos/tasks.o
                0x0000c694                xTaskIncrementTick
 .text.vTaskSwitchContext
                0x0000c7e0       0xa4 ./freertos/tasks.o
                0x0000c7e0                vTaskSwitchContext
 .text.vTaskPlaceOnEventList
                0x0000c884       0x3c ./freertos/tasks.o
                0x0000c884                vTaskPlaceOnEventList
 .text.vTaskPlaceOnUnorderedEventList
                0x0000c8c0       0x5c ./freertos/tasks.o
                0x0000c8c0                vTaskPlaceOnUnorderedEventList
 .text.vTaskPlaceOnEventListRestricted
                0x0000c91c       0x4c ./freertos/tasks.o
                0x0000c91c                vTaskPlaceOnEventListRestricted
 .text.xTaskRemoveFromEventList
                0x0000c968       0xb8 ./freertos/tasks.o
                0x0000c968                xTaskRemoveFromEventList
 .text.xTaskRemoveFromUnorderedEventList
                0x0000ca20       0xb0 ./freertos/tasks.o
                0x0000ca20                xTaskRemoveFromUnorderedEventList
 .text.vTaskSetTimeOutState
                0x0000cad0       0x34 ./freertos/tasks.o
                0x0000cad0                vTaskSetTimeOutState
 .text.xTaskCheckForTimeOut
                0x0000cb04       0x9c ./freertos/tasks.o
                0x0000cb04                xTaskCheckForTimeOut
 .text.vTaskMissedYield
                0x0000cba0       0x14 ./freertos/tasks.o
                0x0000cba0                vTaskMissedYield
 .text.prvIdleTask
                0x0000cbb4       0x20 ./freertos/tasks.o
 .text.prvInitialiseTaskLists
                0x0000cbd4       0x88 ./freertos/tasks.o
 .text.prvCheckTasksWaitingTermination
                0x0000cc5c       0x74 ./freertos/tasks.o
 .text.prvDeleteTCB
                0x0000ccd0       0x24 ./freertos/tasks.o
 .text.prvResetNextTaskUnblockTime
                0x0000ccf4       0x48 ./freertos/tasks.o
 .text.xTaskGetCurrentTaskHandle
                0x0000cd3c       0x1c ./freertos/tasks.o
                0x0000cd3c                xTaskGetCurrentTaskHandle
 .text.xTaskGetSchedulerState
                0x0000cd58       0x38 ./freertos/tasks.o
                0x0000cd58                xTaskGetSchedulerState
 .text.vTaskPriorityInherit
                0x0000cd90       0xbc ./freertos/tasks.o
                0x0000cd90                vTaskPriorityInherit
 .text.xTaskPriorityDisinherit
                0x0000ce4c       0xb8 ./freertos/tasks.o
                0x0000ce4c                xTaskPriorityDisinherit
 .text.uxTaskResetEventItemValue
                0x0000cf04       0x2c ./freertos/tasks.o
                0x0000cf04                uxTaskResetEventItemValue
 .text.pvTaskIncrementMutexHeldCount
                0x0000cf30       0x24 ./freertos/tasks.o
                0x0000cf30                pvTaskIncrementMutexHeldCount
 .text.prvAddCurrentTaskToDelayedList
                0x0000cf54       0xa8 ./freertos/tasks.o
 .text.xTimerCreateTimerTask
                0x0000cffc       0x54 ./freertos/timers.o
                0x0000cffc                xTimerCreateTimerTask
 .text.xTimerGenericCommand
                0x0000d050       0x9c ./freertos/timers.o
                0x0000d050                xTimerGenericCommand
 .text.prvProcessExpiredTimer
                0x0000d0ec       0x70 ./freertos/timers.o
 .text.prvTimerTask
                0x0000d15c       0x28 ./freertos/timers.o
 .text.prvProcessTimerOrBlockTask
                0x0000d184       0x8c ./freertos/timers.o
 .text.prvGetNextExpireTime
                0x0000d210       0x40 ./freertos/timers.o
 .text.prvSampleTimeNow
                0x0000d250       0x40 ./freertos/timers.o
 .text.prvInsertTimerInActiveList
                0x0000d290       0x84 ./freertos/timers.o
 .text.prvProcessReceivedCommands
                0x0000d314      0x12c ./freertos/timers.o
 .text.prvSwitchTimerLists
                0x0000d440       0xb4 ./freertos/timers.o
 .text.prvCheckForValidListAndQueue
                0x0000d4f4       0x74 ./freertos/timers.o
 .text.xTimerPendFunctionCallFromISR
                0x0000d568       0x54 ./freertos/timers.o
                0x0000d568                xTimerPendFunctionCallFromISR
 .text.XCVR_Init
                0x0000d5bc      0x134 ./framework/XCVR/MKW41Z4/fsl_xcvr.o
                0x0000d5bc                XCVR_Init
 .text.XCVR_GetDefaultConfig
                0x0000d6f0      0x170 ./framework/XCVR/MKW41Z4/fsl_xcvr.o
                0x0000d6f0                XCVR_GetDefaultConfig
 .text.XCVR_Configure
                0x0000d860      0x98c ./framework/XCVR/MKW41Z4/fsl_xcvr.o
                0x0000d860                XCVR_Configure
 .text.XcvrPanic
                0x0000e1ec       0x40 ./framework/XCVR/MKW41Z4/fsl_xcvr.o
                0x0000e1ec                XcvrPanic
 .text.XCVR_SetXtalTrim
                0x0000e22c       0x68 ./framework/XCVR/MKW41Z4/fsl_xcvr.o
                0x0000e22c                XCVR_SetXtalTrim
 .text.XCVR_OverrideChannel
                0x0000e294      0x13c ./framework/XCVR/MKW41Z4/fsl_xcvr.o
                0x0000e294                XCVR_OverrideChannel
 .text.XCVR_ForceRxWu
                0x0000e3d0       0x1c ./framework/XCVR/MKW41Z4/fsl_xcvr.o
                0x0000e3d0                XCVR_ForceRxWu
 .text.XCVR_ForceRxWd
                0x0000e3ec       0x1c ./framework/XCVR/MKW41Z4/fsl_xcvr.o
                0x0000e3ec                XCVR_ForceRxWd
 .text.calc_dcoc_dac_step
                0x0000e408       0x88 ./framework/XCVR/MKW41Z4/fsl_xcvr_trim.o
                0x0000e408                calc_dcoc_dac_step
 .text.XcvrCalDelay
                0x0000e490       0x20 ./framework/XCVR/MKW41Z4/fsl_xcvr_trim.o
                0x0000e490                XcvrCalDelay
 .text.rx_dc_est_average
                0x0000e4b0      0x1a4 ./framework/XCVR/MKW41Z4/fsl_xcvr_trim.o
                0x0000e4b0                rx_dc_est_average
 .text.rx_bba_dcoc_dac_trim_DCest
                0x0000e654      0x7d8 ./framework/XCVR/MKW41Z4/fsl_xcvr_trim.o
                0x0000e654                rx_bba_dcoc_dac_trim_DCest
 .text.DCOC_DAC_INIT_Cal
                0x0000ee2c      0x680 ./framework/XCVR/MKW41Z4/fsl_xcvr_trim.o
                0x0000ee2c                DCOC_DAC_INIT_Cal
 .text.read_first_ifr_word
                0x0000f4ac       0x20 ./framework/XCVR/MKW41Z4/ifr_radio.o
                0x0000f4ac                read_first_ifr_word
 .text.read_another_ifr_word
                0x0000f4cc       0x2c ./framework/XCVR/MKW41Z4/ifr_radio.o
                0x0000f4cc                read_another_ifr_word
 .text.read_resource_ifr
                0x0000f4f8       0xd0 ./framework/XCVR/MKW41Z4/ifr_radio.o
                0x0000f4f8                read_resource_ifr
 .text.store_sw_trim
                0x0000f5c8       0x9c ./framework/XCVR/MKW41Z4/ifr_radio.o
                0x0000f5c8                store_sw_trim
 .text.handle_ifr
                0x0000f664      0x184 ./framework/XCVR/MKW41Z4/ifr_radio.o
                0x0000f664                handle_ifr
 .text.NVIC_EnableIRQ
                0x0000f7e8       0x2c ./framework/TimersManager/Source/TMR_Adapter.o
 .text.NVIC_ClearPendingIRQ
                0x0000f814       0x30 ./framework/TimersManager/Source/TMR_Adapter.o
 .text.NVIC_SetPriority
                0x0000f844       0xdc ./framework/TimersManager/Source/TMR_Adapter.o
 .text.TPM_GetStatusFlags
                0x0000f920       0x14 ./framework/TimersManager/Source/TMR_Adapter.o
 .text.TPM_ClearStatusFlags
                0x0000f934       0x18 ./framework/TimersManager/Source/TMR_Adapter.o
 .text.TPM_StartTimer
                0x0000f94c       0x3c ./framework/TimersManager/Source/TMR_Adapter.o
 .text.TPM_StopTimer
                0x0000f988       0x2c ./framework/TimersManager/Source/TMR_Adapter.o
 .text.StackTimer_Init
                0x0000f9b4       0xa0 ./framework/TimersManager/Source/TMR_Adapter.o
                0x0000f9b4                StackTimer_Init
 .text.StackTimer_Enable
                0x0000fa54       0x1c ./framework/TimersManager/Source/TMR_Adapter.o
                0x0000fa54                StackTimer_Enable
 .text.StackTimer_Disable
                0x0000fa70       0x18 ./framework/TimersManager/Source/TMR_Adapter.o
                0x0000fa70                StackTimer_Disable
 .text.StackTimer_GetInputFrequency
                0x0000fa88       0x24 ./framework/TimersManager/Source/TMR_Adapter.o
                0x0000fa88                StackTimer_GetInputFrequency
 .text.StackTimer_GetCounterValue
                0x0000faac       0x14 ./framework/TimersManager/Source/TMR_Adapter.o
                0x0000faac                StackTimer_GetCounterValue
 .text.StackTimer_SetOffsetTicks
                0x0000fac0       0x24 ./framework/TimersManager/Source/TMR_Adapter.o
                0x0000fac0                StackTimer_SetOffsetTicks
 .text.StackTimer_ClearIntFlag
                0x0000fae4       0x30 ./framework/TimersManager/Source/TMR_Adapter.o
                0x0000fae4                StackTimer_ClearIntFlag
 .text.TMR_GetTimerStatus
                0x0000fb14       0x28 ./framework/TimersManager/Source/TimersManager.o
 .text.TMR_SetTimerStatus
                0x0000fb3c       0x44 ./framework/TimersManager/Source/TimersManager.o
 .text.TMR_GetTimerType
                0x0000fb80       0x28 ./framework/TimersManager/Source/TimersManager.o
 .text.TMR_SetTimerType
                0x0000fba8       0x44 ./framework/TimersManager/Source/TimersManager.o
 .text.TmrTicksFromMilliseconds
                0x0000fbec       0x4c ./framework/TimersManager/Source/TimersManager.o
                0x0000fbec                TmrTicksFromMilliseconds
 .text.TMR_Init
                0x0000fc38       0x80 ./framework/TimersManager/Source/TimersManager.o
                0x0000fc38                TMR_Init
 .text.TMR_NotifyClkChanged
                0x0000fcb8       0x44 ./framework/TimersManager/Source/TimersManager.o
                0x0000fcb8                TMR_NotifyClkChanged
 .text.TMR_AllocateTimer
                0x0000fcfc       0x50 ./framework/TimersManager/Source/TimersManager.o
                0x0000fcfc                TMR_AllocateTimer
 .text.TMR_AreAllTimersOff
                0x0000fd4c       0x18 ./framework/TimersManager/Source/TimersManager.o
                0x0000fd4c                TMR_AreAllTimersOff
 .text.StackTimer_ISR
                0x0000fd64       0x24 ./framework/TimersManager/Source/TimersManager.o
 .text.TMR_IsTimerActive
                0x0000fd88       0x28 ./framework/TimersManager/Source/TimersManager.o
                0x0000fd88                TMR_IsTimerActive
 .text.TMR_StartTimer
                0x0000fdb0       0xf4 ./framework/TimersManager/Source/TimersManager.o
                0x0000fdb0                TMR_StartTimer
 .text.TMR_StartLowPowerTimer
                0x0000fea4       0x44 ./framework/TimersManager/Source/TimersManager.o
                0x0000fea4                TMR_StartLowPowerTimer
 .text.TMR_StartIntervalTimer
                0x0000fee8       0x34 ./framework/TimersManager/Source/TimersManager.o
                0x0000fee8                TMR_StartIntervalTimer
 .text.TMR_StopTimer
                0x0000ff1c       0xec ./framework/TimersManager/Source/TimersManager.o
                0x0000ff1c                TMR_StopTimer
 .text.TMR_Task
                0x00010008      0x574 ./framework/TimersManager/Source/TimersManager.o
                0x00010008                TMR_Task
 .text.TMR_EnableTimer
                0x0001057c       0x84 ./framework/TimersManager/Source/TimersManager.o
                0x0001057c                TMR_EnableTimer
 .text.TMR_NotCountedTicksBeforeSleep
                0x00010600       0x50 ./framework/TimersManager/Source/TimersManager.o
                0x00010600                TMR_NotCountedTicksBeforeSleep
 .text.TMR_SyncLpmTimers
                0x00010650       0xe0 ./framework/TimersManager/Source/TimersManager.o
                0x00010650                TMR_SyncLpmTimers
 .text.TMR_MakeTMRThreadReady
                0x00010730       0x20 ./framework/TimersManager/Source/TimersManager.o
                0x00010730                TMR_MakeTMRThreadReady
 .text.TMR_GetTimerFreq
                0x00010750       0x14 ./framework/TimersManager/Source/TimersManager.o
                0x00010750                TMR_GetTimerFreq
 .text.TMR_GetTimestamp
                0x00010764       0x14 ./framework/TimersManager/Source/TimersManager.o
                0x00010764                TMR_GetTimestamp
 .text.TMR_PITGetTimestamp
                0x00010778      0x190 ./framework/TimersManager/Source/TimersManager.o
                0x00010778                TMR_PITGetTimestamp
 .text.NVIC_EnableIRQ
                0x00010908       0x2c ./framework/SerialManager/Source/UART_Adapter/UART_Adapter.o
 .text.NVIC_SetPriority
                0x00010934       0xdc ./framework/SerialManager/Source/UART_Adapter/UART_Adapter.o
 .text.LPUART_WriteByte
                0x00010a10       0x20 ./framework/SerialManager/Source/UART_Adapter/UART_Adapter.o
 .text.LPUART_ReadByte
                0x00010a30       0x18 ./framework/SerialManager/Source/UART_Adapter/UART_Adapter.o
 .text.LPUART_Initialize
                0x00010a48       0xec ./framework/SerialManager/Source/UART_Adapter/UART_Adapter.o
                0x00010a48                LPUART_Initialize
 .text.LPUART_SetBaudrate
                0x00010b34       0x44 ./framework/SerialManager/Source/UART_Adapter/UART_Adapter.o
                0x00010b34                LPUART_SetBaudrate
 .text.LPUART_SendData
                0x00010b78       0xc0 ./framework/SerialManager/Source/UART_Adapter/UART_Adapter.o
                0x00010b78                LPUART_SendData
 .text.LPUART_InstallRxCalback
                0x00010c38       0x44 ./framework/SerialManager/Source/UART_Adapter/UART_Adapter.o
                0x00010c38                LPUART_InstallRxCalback
 .text.LPUART_InstallTxCalback
                0x00010c7c       0x44 ./framework/SerialManager/Source/UART_Adapter/UART_Adapter.o
                0x00010c7c                LPUART_InstallTxCalback
 .text.LPUART_IsTxActive
                0x00010cc0       0x58 ./framework/SerialManager/Source/UART_Adapter/UART_Adapter.o
                0x00010cc0                LPUART_IsTxActive
 .text.LPUART_ISR
                0x00010d18      0x17c ./framework/SerialManager/Source/UART_Adapter/UART_Adapter.o
 .text.SerialManager_Init
                0x00010e94       0x80 ./framework/SerialManager/Source/SerialManager.o
                0x00010e94                SerialManager_Init
 .text.SerialManagerTask
                0x00010f14      0x184 ./framework/SerialManager/Source/SerialManager.o
                0x00010f14                SerialManagerTask
 .text.Serial_InitInterface
                0x00011098      0x18c ./framework/SerialManager/Source/SerialManager.o
                0x00011098                Serial_InitInterface
 .text.Serial_AsyncWrite
                0x00011224      0x1b8 ./framework/SerialManager/Source/SerialManager.o
                0x00011224                Serial_AsyncWrite
 .text.Serial_SyncWrite
                0x000113dc       0xd8 ./framework/SerialManager/Source/SerialManager.o
                0x000113dc                Serial_SyncWrite
 .text.Serial_Read
                0x000114b4      0x12c ./framework/SerialManager/Source/SerialManager.o
                0x000114b4                Serial_Read
 .text.Serial_RxBufferByteCount
                0x000115e0       0xdc ./framework/SerialManager/Source/SerialManager.o
                0x000115e0                Serial_RxBufferByteCount
 .text.Serial_SetRxCallBack
                0x000116bc       0x6c ./framework/SerialManager/Source/SerialManager.o
                0x000116bc                Serial_SetRxCallBack
 .text.Serial_SetBaudRate
                0x00011728       0x84 ./framework/SerialManager/Source/SerialManager.o
                0x00011728                Serial_SetBaudRate
 .text.Serial_Print
                0x000117ac       0x7c ./framework/SerialManager/Source/SerialManager.o
                0x000117ac                Serial_Print
 .text.Serial_PrintHex
                0x00011828      0x1b0 ./framework/SerialManager/Source/SerialManager.o
                0x00011828                Serial_PrintHex
 .text.Serial_WriteInternal
                0x000119d8      0x120 ./framework/SerialManager/Source/SerialManager.o
 .text.SerialManager_RxNotify
                0x00011af8       0xc0 ./framework/SerialManager/Source/SerialManager.o
                0x00011af8                SerialManager_RxNotify
 .text.SerialManager_TxNotify
                0x00011bb8       0xf8 ./framework/SerialManager/Source/SerialManager.o
                0x00011bb8                SerialManager_TxNotify
 .text.Serial_TxQueueMaintenance
                0x00011cb0      0x15c ./framework/SerialManager/Source/SerialManager.o
 .text.Serial_SyncTxCallback
                0x00011e0c       0x20 ./framework/SerialManager/Source/SerialManager.o
 .text.Serial_UartRxCb
                0x00011e2c       0x4c ./framework/SerialManager/Source/SerialManager.o
 .text.Serial_UartTxCb
                0x00011e78       0x1c ./framework/SerialManager/Source/SerialManager.o
 .text.SecLib_Init
                0x00011e94       0x3c ./framework/SecLib/SecLib.o
                0x00011e94                SecLib_Init
 .text.AES_128_CCM
                0x00011ed0       0xf8 ./framework/SecLib/SecLib.o
                0x00011ed0                AES_128_CCM
 .text.NVIC_EnableIRQ
                0x00011fc8       0x2c ./framework/RNG/Source/RNG.o
 .text.EnableIRQ
                0x00011ff4       0x2c ./framework/RNG/Source/RNG.o
 .text.RNG_Init
                0x00012020       0xe4 ./framework/RNG/Source/RNG.o
                0x00012020                RNG_Init
 .text.RNG_GetRandomNo
                0x00012104       0x2c ./framework/RNG/Source/RNG.o
                0x00012104                RNG_GetRandomNo
 .text.TRNG_ISR
                0x00012130       0x40 ./framework/RNG/Source/RNG.o
 .text.panic    0x00012170       0x18 ./framework/Panic/Source/Panic.o
                0x00012170                panic
 .text.startup_task
                0x00012188       0x14 ./framework/OSAbstraction/Source/fsl_os_abstraction_free_rtos.o
                0x00012188                startup_task
 .text.OSA_TaskGetId
                0x0001219c       0x10 ./framework/OSAbstraction/Source/fsl_os_abstraction_free_rtos.o
                0x0001219c                OSA_TaskGetId
 .text.OSA_TaskCreate
                0x000121ac       0x4c ./framework/OSAbstraction/Source/fsl_os_abstraction_free_rtos.o
                0x000121ac                OSA_TaskCreate
 .text.OSA_SemaphoreCreate
                0x000121f8       0x20 ./framework/OSAbstraction/Source/fsl_os_abstraction_free_rtos.o
                0x000121f8                OSA_SemaphoreCreate
 .text.OSA_SemaphoreWait
                0x00012218       0x5c ./framework/OSAbstraction/Source/fsl_os_abstraction_free_rtos.o
                0x00012218                OSA_SemaphoreWait
 .text.OSA_SemaphorePost
                0x00012274       0x9c ./framework/OSAbstraction/Source/fsl_os_abstraction_free_rtos.o
                0x00012274                OSA_SemaphorePost
 .text.OSA_MutexCreate
                0x00012310       0x1c ./framework/OSAbstraction/Source/fsl_os_abstraction_free_rtos.o
                0x00012310                OSA_MutexCreate
 .text.OSA_MutexLock
                0x0001232c       0x74 ./framework/OSAbstraction/Source/fsl_os_abstraction_free_rtos.o
                0x0001232c                OSA_MutexLock
 .text.OSA_MutexUnlock
                0x000123a0       0x50 ./framework/OSAbstraction/Source/fsl_os_abstraction_free_rtos.o
                0x000123a0                OSA_MutexUnlock
 .text.OSA_EventCreate
                0x000123f0       0x70 ./framework/OSAbstraction/Source/fsl_os_abstraction_free_rtos.o
                0x000123f0                OSA_EventCreate
 .text.OSA_EventSet
                0x00012460       0xa0 ./framework/OSAbstraction/Source/fsl_os_abstraction_free_rtos.o
                0x00012460                OSA_EventSet
 .text.OSA_EventWait
                0x00012500       0xa4 ./framework/OSAbstraction/Source/fsl_os_abstraction_free_rtos.o
                0x00012500                OSA_EventWait
 .text.OSA_InterruptEnable
                0x000125a4       0x4c ./framework/OSAbstraction/Source/fsl_os_abstraction_free_rtos.o
                0x000125a4                OSA_InterruptEnable
 .text.OSA_InterruptDisable
                0x000125f0       0x4c ./framework/OSAbstraction/Source/fsl_os_abstraction_free_rtos.o
                0x000125f0                OSA_InterruptDisable
 .text.OSA_InstallIntHandler
                0x0001263c       0x20 ./framework/OSAbstraction/Source/fsl_os_abstraction_free_rtos.o
                0x0001263c                OSA_InstallIntHandler
 .text.main     0x0001265c       0x24 ./framework/OSAbstraction/Source/fsl_os_abstraction_free_rtos.o
                0x0001265c                main
 .text.osObjectAlloc
                0x00012680       0x4c ./framework/OSAbstraction/Source/fsl_os_abstraction_free_rtos.o
 .text.osObjectIsAllocated
                0x000126cc       0x54 ./framework/OSAbstraction/Source/fsl_os_abstraction_free_rtos.o
 .text.osObjectFree
                0x00012720       0x48 ./framework/OSAbstraction/Source/fsl_os_abstraction_free_rtos.o
 .text.__NvAtomicSave
                0x00012768       0xdc ./framework/NVM/Source/NV_Flash.o
 .text.__NvSyncSave
                0x00012844      0x144 ./framework/NVM/Source/NV_Flash.o
 .text.__NvIdle
                0x00012988      0x1d0 ./framework/NVM/Source/NV_Flash.o
 .text.__NvRestoreDataSet
                0x00012b58       0x5c ./framework/NVM/Source/NV_Flash.o
 .text.__NvTimerTick
                0x00012bb4      0x1a0 ./framework/NVM/Source/NV_Flash.o
 .text.__NvSaveOnIdle
                0x00012d54       0x80 ./framework/NVM/Source/NV_Flash.o
 .text.__NvModuleInit
                0x00012dd4      0x144 ./framework/NVM/Source/NV_Flash.o
 .text.NvInitPendingSavesQueue
                0x00012f18       0x34 ./framework/NVM/Source/NV_Flash.o
 .text.NvPushPendingSave
                0x00012f4c       0x9c ./framework/NVM/Source/NV_Flash.o
 .text.NvPopPendingSave
                0x00012fe8       0x80 ./framework/NVM/Source/NV_Flash.o
 .text.NvGetPendingSavesCount
                0x00013068       0x20 ./framework/NVM/Source/NV_Flash.o
 .text.InitNVMConfig
                0x00013088       0xc8 ./framework/NVM/Source/NV_Flash.o
 .text.NvUpdateSize
                0x00013150       0x40 ./framework/NVM/Source/NV_Flash.o
 .text.NvEraseVirtualPage
                0x00013190       0x78 ./framework/NVM/Source/NV_Flash.o
 .text.NvInitStorageSystem
                0x00013208      0x1f0 ./framework/NVM/Source/NV_Flash.o
 .text.NvVirtualPageBlankCheck
                0x000133f8       0x5c ./framework/NVM/Source/NV_Flash.o
 .text.NvUpdateLastMetaInfoAddress
                0x00013454      0x120 ./framework/NVM/Source/NV_Flash.o
 .text.NvGetMetaInfo
                0x00013574       0x68 ./framework/NVM/Source/NV_Flash.o
 .text.NvGetPageFreeSpace
                0x000135dc       0xe4 ./framework/NVM/Source/NV_Flash.o
 .text.NvIsMemoryAreaAvailable
                0x000136c0       0xa8 ./framework/NVM/Source/NV_Flash.o
 .text.NvIsRecordCopied
                0x00013768      0x12c ./framework/NVM/Source/NV_Flash.o
 .text.NvInternalCopy
                0x00013894      0x3ac ./framework/NVM/Source/NV_Flash.o
 .text.NvCopyPage
                0x00013c40      0x2a0 ./framework/NVM/Source/NV_Flash.o
 .text.NvInternalFormat
                0x00013ee0       0x88 ./framework/NVM/Source/NV_Flash.o
 .text.NvSaveRamTable
                0x00013f68       0xf4 ./framework/NVM/Source/NV_Flash.o
 .text.UpgradeLegacyTable
                0x0001405c      0x384 ./framework/NVM/Source/NV_Flash.o
 .text.NvGetEntryFromDataPtr
                0x000143e0      0x108 ./framework/NVM/Source/NV_Flash.o
 .text.NvWriteRecord
                0x000144e8      0x4f8 ./framework/NVM/Source/NV_Flash.o
 .text.NvRestoreData
                0x000149e0      0x320 ./framework/NVM/Source/NV_Flash.o
 .text.NvGetTableEntryIndexFromId
                0x00014d00       0x7c ./framework/NVM/Source/NV_Flash.o
 .text.NvProcessFirstSaveInQueue
                0x00014d7c       0xc0 ./framework/NVM/Source/NV_Flash.o
 .text.NvAddSaveRequestToQueue
                0x00014e3c      0x20c ./framework/NVM/Source/NV_Flash.o
 .text.GetRandomRange
                0x00015048       0x58 ./framework/NVM/Source/NV_Flash.o
 .text.NvModuleInit
                0x000150a0       0x4c ./framework/NVM/Source/NV_Flash.o
                0x000150a0                NvModuleInit
 .text.NvSaveOnIdle
                0x000150ec       0x50 ./framework/NVM/Source/NV_Flash.o
                0x000150ec                NvSaveOnIdle
 .text.NvRestoreDataSet
                0x0001513c       0x50 ./framework/NVM/Source/NV_Flash.o
                0x0001513c                NvRestoreDataSet
 .text.NvClearCriticalSection
                0x0001518c       0x30 ./framework/NVM/Source/NV_Flash.o
                0x0001518c                NvClearCriticalSection
 .text.NvIdle   0x000151bc       0x44 ./framework/NVM/Source/NV_Flash.o
                0x000151bc                NvIdle
 .text.NvGetNvIdleTaskId
                0x00015200       0x14 ./framework/NVM/Source/NV_Flash.o
                0x00015200                NvGetNvIdleTaskId
 .text.ListAddTailMsg
                0x00015214       0x28 ./framework/Messaging/Source/Messaging.o
                0x00015214                ListAddTailMsg
 .text.ListRemoveHeadMsg
                0x0001523c       0x2c ./framework/Messaging/Source/Messaging.o
                0x0001523c                ListRemoveHeadMsg
 .text.ListGetHeadMsg
                0x00015268       0x30 ./framework/Messaging/Source/Messaging.o
                0x00015268                ListGetHeadMsg
 .text.ListGetNextMsg
                0x00015298       0x38 ./framework/Messaging/Source/Messaging.o
                0x00015298                ListGetNextMsg
 .text.ListRemoveMsg
                0x000152d0       0x20 ./framework/Messaging/Source/Messaging.o
                0x000152d0                ListRemoveMsg
 .text.MEM_Init
                0x000152f0       0xc4 ./framework/MemManager/Source/MemManager.o
                0x000152f0                MEM_Init
 .text.MEM_BufferAllocWithId
                0x000153b4       0xb8 ./framework/MemManager/Source/MemManager.o
                0x000153b4                MEM_BufferAllocWithId
 .text.MEM_BufferFree
                0x0001546c       0xb0 ./framework/MemManager/Source/MemManager.o
                0x0001546c                MEM_BufferFree
 .text.PWR_HandleDeepSleepMode_1
                0x0001551c       0x14 ./framework/LowPower/Source/MKW41Z/PWR.o
 .text.PWR_HandleDeepSleepMode_2_3
                0x00015530      0x15c ./framework/LowPower/Source/MKW41Z/PWR.o
 .text.PWR_HandleDeepSleepMode_4
                0x0001568c       0x84 ./framework/LowPower/Source/MKW41Z/PWR.o
 .text.PWR_HandleDeepSleepMode_5
                0x00015710       0x84 ./framework/LowPower/Source/MKW41Z/PWR.o
 .text.PWR_HandleDeepSleepMode_6
                0x00015794      0x184 ./framework/LowPower/Source/MKW41Z/PWR.o
 .text.PWR_HandleDeepSleepMode_7
                0x00015918       0x14 ./framework/LowPower/Source/MKW41Z/PWR.o
 .text.PWR_HandleDeepSleep
                0x0001592c       0x50 ./framework/LowPower/Source/MKW41Z/PWR.o
 .text.PWR_HandleSleep
                0x0001597c       0x40 ./framework/LowPower/Source/MKW41Z/PWR.o
 .text.PWR_SleepAllowed
                0x000159bc       0x18 ./framework/LowPower/Source/MKW41Z/PWR.o
 .text.PWR_DeepSleepAllowed
                0x000159d4       0x34 ./framework/LowPower/Source/MKW41Z/PWR.o
 .text.PWR_CheckForAndEnterNewPowerState
                0x00015a08       0x94 ./framework/LowPower/Source/MKW41Z/PWR.o
 .text.PWR_Init
                0x00015a9c       0x10 ./framework/LowPower/Source/MKW41Z/PWR.o
                0x00015a9c                PWR_Init
 .text.PWR_SystemReset
                0x00015aac       0x14 ./framework/LowPower/Source/MKW41Z/PWR.o
                0x00015aac                PWR_SystemReset
 .text.PWR_AllowDeviceToSleep
                0x00015ac0       0x2c ./framework/LowPower/Source/MKW41Z/PWR.o
                0x00015ac0                PWR_AllowDeviceToSleep
 .text.PWR_DisallowDeviceToSleep
                0x00015aec       0x38 ./framework/LowPower/Source/MKW41Z/PWR.o
                0x00015aec                PWR_DisallowDeviceToSleep
 .text.PWR_AllowXcvrToSleep
                0x00015b24       0x2c ./framework/LowPower/Source/MKW41Z/PWR.o
                0x00015b24                PWR_AllowXcvrToSleep
 .text.PWR_DisallowXcvrToSleep
                0x00015b50       0x38 ./framework/LowPower/Source/MKW41Z/PWR.o
                0x00015b50                PWR_DisallowXcvrToSleep
 .text.PWR_CheckIfDeviceCanGoToSleep
                0x00015b88       0x2c ./framework/LowPower/Source/MKW41Z/PWR.o
                0x00015b88                PWR_CheckIfDeviceCanGoToSleep
 .text.PWR_LVD_ReportLevel
                0x00015bb4       0x18 ./framework/LowPower/Source/MKW41Z/PWR.o
                0x00015bb4                PWR_LVD_ReportLevel
 .text.PWR_EnterLowPower
                0x00015bcc       0x78 ./framework/LowPower/Source/MKW41Z/PWR.o
                0x00015bcc                PWR_EnterLowPower
 .text.PWR_RegisterLowPowerEnterCallback
                0x00015c44       0x1c ./framework/LowPower/Source/MKW41Z/PWR.o
                0x00015c44                PWR_RegisterLowPowerEnterCallback
 .text.PWR_RegisterLowPowerExitCallback
                0x00015c60       0x1c ./framework/LowPower/Source/MKW41Z/PWR.o
                0x00015c60                PWR_RegisterLowPowerExitCallback
 .text.PWR_EnterSleep
                0x00015c7c       0x10 ./framework/LowPower/Source/MKW41Z/PWR.o
                0x00015c7c                PWR_EnterSleep
 .text.NVIC_EnableIRQ
                0x00015c8c       0x2c ./framework/LowPower/Source/MKW41Z/PWRLib.o
 .text.NVIC_SetPriority
                0x00015cb8       0xdc ./framework/LowPower/Source/MKW41Z/PWRLib.o
 .text.PWRLib_ConfigRSIM
                0x00015d94       0x70 ./framework/LowPower/Source/MKW41Z/PWRLib.o
                0x00015d94                PWRLib_ConfigRSIM
 .text.PWRLib_ConfigLLWU
                0x00015e04       0x58 ./framework/LowPower/Source/MKW41Z/PWRLib.o
                0x00015e04                PWRLib_ConfigLLWU
 .text.PWRLib_GetDeepSleepMode
                0x00015e5c       0x14 ./framework/LowPower/Source/MKW41Z/PWRLib.o
                0x00015e5c                PWRLib_GetDeepSleepMode
 .text.PWRLib_MCU_Enter_Sleep
                0x00015e70       0x28 ./framework/LowPower/Source/MKW41Z/PWRLib.o
                0x00015e70                PWRLib_MCU_Enter_Sleep
 .text.PWRLib_MCU_Enter_VLLS1
                0x00015e98       0x8c ./framework/LowPower/Source/MKW41Z/PWRLib.o
                0x00015e98                PWRLib_MCU_Enter_VLLS1
 .text.PWRLib_MCU_Enter_VLLS2
                0x00015f24       0x8c ./framework/LowPower/Source/MKW41Z/PWRLib.o
                0x00015f24                PWRLib_MCU_Enter_VLLS2
 .text.PWRLib_MCU_Enter_LLS2
                0x00015fb0       0x8c ./framework/LowPower/Source/MKW41Z/PWRLib.o
                0x00015fb0                PWRLib_MCU_Enter_LLS2
 .text.PWRLib_MCU_Enter_LLS3
                0x0001603c       0x8c ./framework/LowPower/Source/MKW41Z/PWRLib.o
                0x0001603c                PWRLib_MCU_Enter_LLS3
 .text.PWRLib_MCU_Enter_Stop
                0x000160c8       0x48 ./framework/LowPower/Source/MKW41Z/PWRLib.o
                0x000160c8                PWRLib_MCU_Enter_Stop
 .text.PWRLib_LLWU_GetWakeUpFlags
                0x00016110       0x64 ./framework/LowPower/Source/MKW41Z/PWRLib.o
                0x00016110                PWRLib_LLWU_GetWakeUpFlags
 .text.PWRLib_LLWU_UpdateWakeupReason
                0x00016174       0x9c ./framework/LowPower/Source/MKW41Z/PWRLib.o
                0x00016174                PWRLib_LLWU_UpdateWakeupReason
 .text.PWRLib_LPTMR_GetTimeSettings
                0x00016210       0xd8 ./framework/LowPower/Source/MKW41Z/PWRLib.o
                0x00016210                PWRLib_LPTMR_GetTimeSettings
 .text.PWRLib_LPTMR_ClockStart
                0x000162e8       0x6c ./framework/LowPower/Source/MKW41Z/PWRLib.o
                0x000162e8                PWRLib_LPTMR_ClockStart
 .text.PWRLib_LPTMR_ClockCheck
                0x00016354       0x64 ./framework/LowPower/Source/MKW41Z/PWRLib.o
                0x00016354                PWRLib_LPTMR_ClockCheck
 .text.PWRLib_LPTMR_ClockStop
                0x000163b8       0x6c ./framework/LowPower/Source/MKW41Z/PWRLib.o
                0x000163b8                PWRLib_LPTMR_ClockStop
 .text.PWRLib_StopUpdateWakeupReason
                0x00016424       0xa0 ./framework/LowPower/Source/MKW41Z/PWRLib.o
                0x00016424                PWRLib_StopUpdateWakeupReason
 .text.PWRLib_LPTMR_Isr
                0x000164c4       0x1c ./framework/LowPower/Source/MKW41Z/PWRLib.o
                0x000164c4                PWRLib_LPTMR_Isr
 .text.PWRLib_LPTMR_Init
                0x000164e0       0x84 ./framework/LowPower/Source/MKW41Z/PWRLib.o
                0x000164e0                PWRLib_LPTMR_Init
 .text.PWRLib_LLWU_Isr
                0x00016564       0xa0 ./framework/LowPower/Source/MKW41Z/PWRLib.o
                0x00016564                PWRLib_LLWU_Isr
 .text.PWRLib_Init
                0x00016604      0x1a8 ./framework/LowPower/Source/MKW41Z/PWRLib.o
                0x00016604                PWRLib_Init
 .text.ListInit
                0x000167ac       0x2c ./framework/Lists/GenericList.o
                0x000167ac                ListInit
 .text.ListAddTail
                0x000167d8       0x78 ./framework/Lists/GenericList.o
                0x000167d8                ListAddTail
 .text.ListRemoveHead
                0x00016850       0x68 ./framework/Lists/GenericList.o
                0x00016850                ListRemoveHead
 .text.ListRemoveElement
                0x000168b8       0x80 ./framework/Lists/GenericList.o
                0x000168b8                ListRemoveElement
 .text.ListGetSize
                0x00016938       0x14 ./framework/Lists/GenericList.o
                0x00016938                ListGetSize
 .text.LED_Init
                0x0001694c       0x2c ./framework/LED/Source/LED.o
                0x0001694c                LED_Init
 .text.LED_Operate
                0x00016978       0x8c ./framework/LED/Source/LED.o
                0x00016978                LED_Operate
 .text.LED_TurnOnLed
                0x00016a04       0x20 ./framework/LED/Source/LED.o
                0x00016a04                LED_TurnOnLed
 .text.LED_TurnOffLed
                0x00016a24       0x20 ./framework/LED/Source/LED.o
                0x00016a24                LED_TurnOffLed
 .text.LED_ToggleLed
                0x00016a44       0x20 ./framework/LED/Source/LED.o
                0x00016a44                LED_ToggleLed
 .text.LED_TurnOffAllLeds
                0x00016a64       0x10 ./framework/LED/Source/LED.o
                0x00016a64                LED_TurnOffAllLeds
 .text.LED_StopFlashingAllLeds
                0x00016a74       0x14 ./framework/LED/Source/LED.o
                0x00016a74                LED_StopFlashingAllLeds
 .text.LED_StartBlip
                0x00016a88       0x68 ./framework/LED/Source/LED.o
                0x00016a88                LED_StartBlip
 .text.LED_StopFlash
                0x00016af0       0x4c ./framework/LED/Source/LED.o
                0x00016af0                LED_StopFlash
 .text.LED_SetLed
                0x00016b3c       0xb8 ./framework/LED/Source/LED.o
                0x00016b3c                LED_SetLed
 .text.LED_StartFlashWithPeriod
                0x00016bf4       0x58 ./framework/LED/Source/LED.o
                0x00016bf4                LED_StartFlashWithPeriod
 .text.LED_StartSerialFlashWithPeriod
                0x00016c4c       0x74 ./framework/LED/Source/LED.o
                0x00016c4c                LED_StartSerialFlashWithPeriod
 .text.LED_StopSerialFlash
                0x00016cc0       0x44 ./framework/LED/Source/LED.o
                0x00016cc0                LED_StopSerialFlash
 .text.LED_GpioSet
                0x00016d04       0x48 ./framework/LED/Source/LED.o
 .text.LED_DecrementBlip
                0x00016d4c       0x8c ./framework/LED/Source/LED.o
 .text.LED_FlashTimeout
                0x00016dd8       0x74 ./framework/LED/Source/LED.o
 .text.KbGpioInit
                0x00016e4c       0x58 ./framework/Keyboard/Source/Keyboard.o
 .text.KBD_KeySwitchPortGet
                0x00016ea4       0x7c ./framework/Keyboard/Source/Keyboard.o
 .text.KBD_KeyCheck
                0x00016f20       0xa4 ./framework/Keyboard/Source/Keyboard.o
 .text.KeyScan  0x00016fc4      0x150 ./framework/Keyboard/Source/Keyboard.o
 .text.Switch_CheckIRQ
                0x00017114       0x54 ./framework/Keyboard/Source/Keyboard.o
 .text.KBD_Init
                0x00017168       0xdc ./framework/Keyboard/Source/Keyboard.o
                0x00017168                KBD_Init
 .text.KBD_IsWakeUpSource
                0x00017244       0x48 ./framework/Keyboard/Source/Keyboard.o
                0x00017244                KBD_IsWakeUpSource
 .text.KBD_PrepareEnterLowPower
                0x0001728c        0xc ./framework/Keyboard/Source/Keyboard.o
                0x0001728c                KBD_PrepareEnterLowPower
 .text.KBD_PrepareExitLowPower
                0x00017298        0xc ./framework/Keyboard/Source/Keyboard.o
                0x00017298                KBD_PrepareExitLowPower
 .text.Switch_Press_ISR
                0x000172a4       0x70 ./framework/Keyboard/Source/Keyboard.o
                0x000172a4                Switch_Press_ISR
 .text.NVIC_EnableIRQ
                0x00017314       0x2c ./framework/GPIO/GPIO_Adapter.o
 .text.NVIC_ClearPendingIRQ
                0x00017340       0x30 ./framework/GPIO/GPIO_Adapter.o
 .text.NVIC_SetPriority
                0x00017370       0xdc ./framework/GPIO/GPIO_Adapter.o
 .text.NVIC_GetPriority
                0x0001744c       0x7c ./framework/GPIO/GPIO_Adapter.o
 .text.GPIO_SetPinsOutput
                0x000174c8       0x18 ./framework/GPIO/GPIO_Adapter.o
 .text.GPIO_ClearPinsOutput
                0x000174e0       0x18 ./framework/GPIO/GPIO_Adapter.o
 .text.GPIO_TogglePinsOutput
                0x000174f8       0x18 ./framework/GPIO/GPIO_Adapter.o
 .text.GPIO_ReadPinInput
                0x00017510       0x20 ./framework/GPIO/GPIO_Adapter.o
 .text.PORT_SetPinConfig
                0x00017530       0x38 ./framework/GPIO/GPIO_Adapter.o
 .text.PORT_SetPinMux
                0x00017568       0x40 ./framework/GPIO/GPIO_Adapter.o
 .text.PORT_SetPinInterruptConfig
                0x000175a8       0x40 ./framework/GPIO/GPIO_Adapter.o
 .text.PORT_GetPinsInterruptFlags
                0x000175e8       0x18 ./framework/GPIO/GPIO_Adapter.o
 .text.PORT_ClearPinsInterruptFlags
                0x00017600       0x1c ./framework/GPIO/GPIO_Adapter.o
 .text.GpioGetPinPCR
                0x0001761c       0x34 ./framework/GPIO/GPIO_Adapter.o
                0x0001761c                GpioGetPinPCR
 .text.GpioSetPinPCR_ISF_Preserved
                0x00017650       0x40 ./framework/GPIO/GPIO_Adapter.o
                0x00017650                GpioSetPinPCR_ISF_Preserved
 .text.GpioSetPinMux
                0x00017690       0x44 ./framework/GPIO/GPIO_Adapter.o
                0x00017690                GpioSetPinMux
 .text.GpioSetPinMux_ISF_Preserved
                0x000176d4       0x60 ./framework/GPIO/GPIO_Adapter.o
                0x000176d4                GpioSetPinMux_ISF_Preserved
 .text.GpioClearPinIntFlag
                0x00017734       0x34 ./framework/GPIO/GPIO_Adapter.o
                0x00017734                GpioClearPinIntFlag
 .text.GpioIsPinIntPending
                0x00017768       0x38 ./framework/GPIO/GPIO_Adapter.o
                0x00017768                GpioIsPinIntPending
 .text.GpioSetPinOutput
                0x000177a0       0x34 ./framework/GPIO/GPIO_Adapter.o
                0x000177a0                GpioSetPinOutput
 .text.GpioClearPinOutput
                0x000177d4       0x34 ./framework/GPIO/GPIO_Adapter.o
                0x000177d4                GpioClearPinOutput
 .text.GpioTogglePinOutput
                0x00017808       0x34 ./framework/GPIO/GPIO_Adapter.o
                0x00017808                GpioTogglePinOutput
 .text.GpioReadPinInput
                0x0001783c       0x30 ./framework/GPIO/GPIO_Adapter.o
                0x0001783c                GpioReadPinInput
 .text.GpioInputPinInit
                0x0001786c      0x108 ./framework/GPIO/GPIO_Adapter.o
                0x0001786c                GpioInputPinInit
 .text.GpioOutputPinInit
                0x00017974      0x10c ./framework/GPIO/GPIO_Adapter.o
                0x00017974                GpioOutputPinInit
 .text.GpioInstallIsr
                0x00017a80      0x2dc ./framework/GPIO/GPIO_Adapter.o
                0x00017a80                GpioInstallIsr
 .text.Gpio_CommonIsr
                0x00017d5c       0xb0 ./framework/GPIO/GPIO_Adapter.o
 .text.Gpio_InstallPortISR
                0x00017e0c       0x60 ./framework/GPIO/GPIO_Adapter.o
 .text.FLib_MemCpy
                0x00017e6c       0x38 ./framework/FunctionLib/FunctionLib.o
                0x00017e6c                FLib_MemCpy
 .text.FLib_MemCpyReverseOrder
                0x00017ea4       0x48 ./framework/FunctionLib/FunctionLib.o
                0x00017ea4                FLib_MemCpyReverseOrder
 .text.FLib_MemCmp
                0x00017eec       0x54 ./framework/FunctionLib/FunctionLib.o
                0x00017eec                FLib_MemCmp
 .text.FLib_MemSet
                0x00017f40       0x38 ./framework/FunctionLib/FunctionLib.o
                0x00017f40                FLib_MemSet
 .text.NV_Flash_WaitForCSEndAndDisableInterrupts
                0x00017f78       0x88 ./framework/Flash/Internal/Flash_Adapter.o
 .text.NV_FlashProgramAdaptation
                0x00018000       0xa0 ./framework/Flash/Internal/Flash_Adapter.o
 .text.NV_VerifyCrcOverHWParameters
                0x000180a0       0x50 ./framework/Flash/Internal/Flash_Adapter.o
 .text.NV_ComputeCrcOverHWParameters
                0x000180f0       0xe0 ./framework/Flash/Internal/Flash_Adapter.o
 .text.NV_Init  0x000181d0       0x50 ./framework/Flash/Internal/Flash_Adapter.o
                0x000181d0                NV_Init
 .text.NV_Flash_ClearCriticalSection
                0x00018220       0x78 ./framework/Flash/Internal/Flash_Adapter.o
                0x00018220                NV_Flash_ClearCriticalSection
 .text.NV_FlashVerifyErase
                0x00018298       0x38 ./framework/Flash/Internal/Flash_Adapter.o
                0x00018298                NV_FlashVerifyErase
 .text.NV_FlashProgram
                0x000182d0       0x30 ./framework/Flash/Internal/Flash_Adapter.o
                0x000182d0                NV_FlashProgram
 .text.NV_FlashProgramUnaligned
                0x00018300      0x180 ./framework/Flash/Internal/Flash_Adapter.o
                0x00018300                NV_FlashProgramUnaligned
 .text.NV_FlashEraseSector
                0x00018480       0x34 ./framework/Flash/Internal/Flash_Adapter.o
                0x00018480                NV_FlashEraseSector
 .text.NV_ReadHWParameters
                0x000184b4       0x68 ./framework/Flash/Internal/Flash_Adapter.o
                0x000184b4                NV_ReadHWParameters
 .text.CLOCK_EnableClock
                0x0001851c       0x38 ./framework/DCDC/Source/DCDC.o
 .text.ADC16_EnableHardwareTrigger
                0x00018554       0x3c ./framework/DCDC/Source/DCDC.o
 .text.ADC16_GetChannelConversionValue
                0x00018590       0x30 ./framework/DCDC/Source/DCDC.o
 .text.DCDC_MakeADCConversion
                0x000185c0       0x44 ./framework/DCDC/Source/DCDC.o
 .text.DCDC_AdjustVbatDiv
                0x00018604       0x68 ./framework/DCDC/Source/DCDC.o
 .text.DCDC_Get1P8VOutputTargetAndVBatInmV
                0x0001866c       0xf0 ./framework/DCDC/Source/DCDC.o
 .text.DCDC_mVTo1P8OutputTargetBoost
                0x0001875c      0x168 ./framework/DCDC/Source/DCDC.o
 .text.DCDC_mVTo1P8OutputTargetBuck
                0x000188c4       0xe4 ./framework/DCDC/Source/DCDC.o
 .text.DCDC_mVToMcuVOutputTargetBoost
                0x000189a8       0x8c ./framework/DCDC/Source/DCDC.o
                0x000189a8                DCDC_mVToMcuVOutputTargetBoost
 .text.DCDC_GetOutputTargetsBoost
                0x00018a34       0xd4 ./framework/DCDC/Source/DCDC.o
 .text.DCDC_GetOutputTargetsBuck
                0x00018b08       0x90 ./framework/DCDC/Source/DCDC.o
 .text.DCDC_VBatMonitorBoost
                0x00018b98      0x1c0 ./framework/DCDC/Source/DCDC.o
 .text.DCDC_VBatMonitorBuck
                0x00018d58      0x1c4 ./framework/DCDC/Source/DCDC.o
 .text.DCDC_Init